******************************************************************************
                  TI ARM Linker PC v20.2.5                     
******************************************************************************
>> Linked Fri Mar 18 01:49:16 2022

OUTPUT FILE NAME:   <miniproyecto.out>
ENTRY POINT SYMBOL: "_c_int00_noargs"  address: 00001695


MEMORY CONFIGURATION

         name            origin    length      used     unused   attr    fill
----------------------  --------  ---------  --------  --------  ----  --------
  FLASH                 00000000   00040000  00001a58  0003e5a8  R  X
  SRAM                  20000000   00008000  00000239  00007dc7  RW X


SEGMENT ALLOCATION MAP

run origin  load origin   length   init length attrs members
----------  ----------- ---------- ----------- ----- -------
00000000    00000000    00001a58   00001a58    r-x
  00000000    00000000    0000026c   0000026c    r-- .intvecs
  0000026c    0000026c    00001618   00001618    r-x .text
  00001884    00001884    0000019c   0000019c    r-- .const
  00001a20    00001a20    00000038   00000038    r-- .cinit
20000000    20000000    00000239   00000000    rw-
  20000000    20000000    00000200   00000000    rw- .stack
  20000200    20000200    0000001c   00000000    rw- .bss
  2000021c    2000021c    0000001d   00000000    rw- .data


SECTION ALLOCATION MAP

 output                                  attributes/
section   page    origin      length       input sections
--------  ----  ----------  ----------   ----------------
.intvecs   0    00000000    0000026c     
                  00000000    0000026c     adc_timer_uart_startup_ccs.obj (.intvecs)

.text      0    0000026c    00001618     
                  0000026c    000004dc     uartstdio.obj (.text)
                  00000748    000003b4     main.obj (.text)
                  00000afc    000001b6     rtsv7M4_T_le_v4SPD16_eabi.lib : fd_add_t2.asm.obj (.text)
                  00000cb2    00000136                                   : fd_div_t2.asm.obj (.text)
                  00000de8    00000132     driverlib.lib : gpio.obj (.text:GPIOPadConfigSet)
                  00000f1a    00000002     rtsv7M4_T_le_v4SPD16_eabi.lib : div0.asm.obj (.text)
                  00000f1c    00000110     driverlib.lib : sysctl.obj (.text:SysCtlClockGet)
                  0000102c    000000fc     rtsv7M4_T_le_v4SPD16_eabi.lib : fd_mul_t2.asm.obj (.text)
                  00001128    000000f4     driverlib.lib : sysctl.obj (.text:SysCtlClockSet)
                  0000121c    0000009c     rtsv7M4_T_le_v4SPD16_eabi.lib : memcpy_t2.asm.obj (.text)
                  000012b8    0000007a     driverlib.lib : adc.obj (.text:ADCSequenceStepConfigure)
                  00001332    0000006e     rtsv7M4_T_le_v4SPD16_eabi.lib : fd_tos_t2.asm.obj (.text)
                  000013a0    00000068     driverlib.lib : interrupt.obj (.text:IntEnable)
                  00001408    00000068     rtsv7M4_T_le_v4SPD16_eabi.lib : copy_decompress_lzss.c.obj (.text:decompress:lzss:__TI_decompress_lzss)
                  00001470    00000060     driverlib.lib : timer.obj (.text:TimerConfigure)
                  000014d0    00000050                   : adc.obj (.text:ADCSequenceConfigure)
                  00001520    00000048                   : gpio.obj (.text:GPIOPinConfigure)
                  00001568    00000044     rtsv7M4_T_le_v4SPD16_eabi.lib : autoinit.c.obj (.text:__TI_auto_init_nobinit_nopinit:__TI_auto_init_nobinit_nopinit)
                  000015ac    00000040                                   : u_divt2.asm.obj (.text)
                  000015ec    0000003c     driverlib.lib : ssi.obj (.text:SSIConfigSetExpClk)
                  00001628    00000038     rtsv7M4_T_le_v4SPD16_eabi.lib : fs_tod_t2.asm.obj (.text)
                  00001660    00000034     driverlib.lib : sysctl.obj (.text:SysCtlPeripheralEnable)
                  00001694    00000034     rtsv7M4_T_le_v4SPD16_eabi.lib : boot_cortex_m.c.obj (.text:_c_int00_noargs:_c_int00_noargs)
                  000016c8    0000002e     driverlib.lib : adc.obj (.text:ADCIntStatus)
                  000016f6    0000002a                   : gpio.obj (.text:GPIODirModeSet)
                  00001720    00000020     rtsv7M4_T_le_v4SPD16_eabi.lib : u_tofd_t2.asm.obj (.text)
                  00001740    0000001e     driverlib.lib : adc.obj (.text:ADCSequenceDataGet)
                  0000175e    0000001c     rtsv7M4_T_le_v4SPD16_eabi.lib : copy_zero_init.c.obj (.text:decompress:ZI:__TI_zero_init_nomemset:__TI_zero_init_nomemset)
                  0000177a    00000018     driverlib.lib : adc.obj (.text:ADCProcessorTrigger)
                  00001792    00000012                   : gpio.obj (.text:GPIOPinTypeADC)
                  000017a4    00000012                   : gpio.obj (.text:GPIOPinTypeSSI)
                  000017b6    00000012                   : gpio.obj (.text:GPIOPinTypeUART)
                  000017c8    00000012                   : ssi.obj (.text:SSIDataGetNonBlocking)
                  000017da    00000012                   : timer.obj (.text:TimerLoadSet)
                  000017ec    00000010                   : interrupt.obj (.text:IntMasterEnable)
                  000017fc    0000000e                   : adc.obj (.text:ADCSequenceEnable)
                  0000180a    0000000e                   : timer.obj (.text:TimerEnable)
                  00001818    0000000e     rtsv7M4_T_le_v4SPD16_eabi.lib : copy_decompress_none.c.obj (.text:decompress:none:__TI_decompress_none)
                  00001826    0000000c     driverlib.lib : cpu.obj (.text:CPUcpsie)
                  00001832    0000000c     adc_timer_uart_startup_ccs.obj (.text)
                  0000183e    0000000a     driverlib.lib : adc.obj (.text:ADCIntClear)
                  00001848    0000000a                   : ssi.obj (.text:SSIDataPut)
                  00001852    0000000a                   : ssi.obj (.text:SSIEnable)
                  0000185c    00000008                   : ssi.obj (.text:SSIBusy)
                  00001864    00000008                   : timer.obj (.text:TimerIntEnable)
                  0000186c    00000006                   : sysctl.obj (.text:SysCtlDelay)
                  00001872    00000006                   : uart.obj (.text:UARTClockSourceSet)
                  00001878    00000004                   : timer.obj (.text:TimerIntClear)
                  0000187c    00000004     rtsv7M4_T_le_v4SPD16_eabi.lib : pre_init.c.obj (.text:_system_pre_init)
                  00001880    00000004                                   : exit.c.obj (.text:abort:abort)

.const     0    00001884    0000019c     
                  00001884    00000090     driverlib.lib : gpio.obj (.const:g_pui32GPIOBaseAddrs)
                  00001914    00000070                   : interrupt.obj (.const)
                  00001984    0000006c                   : sysctl.obj (.const:g_pui32Xtals)
                  000019f0    00000012     uartstdio.obj (.const:.string)
                  00001a02    00000002     --HOLE-- [fill = 0]
                  00001a04    0000000c     uartstdio.obj (.const:g_ui32UARTBase)
                  00001a10    0000000c     uartstdio.obj (.const:g_ui32UARTPeriph)
                  00001a1c    00000004     uartstdio.obj (.const)

.cinit     0    00001a20    00000038     
                  00001a20    00000010     (.cinit..data.load) [load image, compression = lzss]
                  00001a30    0000000c     (__TI_handler_table)
                  00001a3c    00000004     --HOLE-- [fill = 0]
                  00001a40    00000008     (.cinit..bss.load) [load image, compression = zero_init]
                  00001a48    00000010     (__TI_cinit_table)

.init_array 
*          0    00000000    00000000     UNINITIALIZED

.bss       0    20000200    0000001c     UNINITIALIZED
                  20000200    00000004     (.common:eD)
                  20000204    00000004     (.common:e_k)
                  20000208    00000004     (.common:u_k)
                  2000020c    00000004     (.common:u_k2)
                  20000210    00000004     (.common:v0)
                  20000214    00000004     (.common:v1)
                  20000218    00000002     (.common:dato)
                  2000021a    00000002     (.common:valor)

.data      0    2000021c    0000001d     UNINITIALIZED
                  2000021c    00000016     main.obj (.data)
                  20000232    00000002     --HOLE--
                  20000234    00000005     uartstdio.obj (.data)

.stack     0    20000000    00000200     UNINITIALIZED
                  20000000    00000004     rtsv7M4_T_le_v4SPD16_eabi.lib : boot_cortex_m.c.obj (.stack)
                  20000004    000001fc     --HOLE--

__llvm_prf_cnts 
*          0    20000000    00000000     UNINITIALIZED

MODULE SUMMARY

       Module                           code   ro data   rw data
       ------                           ----   -------   -------
    .\
       uartstdio.obj                    1244   46        5      
       main.obj                         948    0         50     
       adc_timer_uart_startup_ccs.obj   12     620       0      
    +--+--------------------------------+------+---------+---------+
       Total:                           2204   666       55     
                                                                
    C:/ti/TivaWare_C_Series-2.1.4.178/driverlib/ccs/Debug/driverlib.lib
       sysctl.obj                       574    108       0      
       gpio.obj                         474    144       0      
       adc.obj                          326    0         0      
       interrupt.obj                    120    112       0      
       timer.obj                        140    0         0      
       ssi.obj                          106    0         0      
       cpu.obj                          12     0         0      
       uart.obj                         6      0         0      
    +--+--------------------------------+------+---------+---------+
       Total:                           1758   364       0      
                                                                
    C:\ti\ccs1040\ccs\tools\compiler\ti-cgt-arm_20.2.5.LTS\lib\rtsv7M4_T_le_v4SPD16_eabi.lib
       fd_add_t2.asm.obj                438    0         0      
       fd_div_t2.asm.obj                310    0         0      
       fd_mul_t2.asm.obj                252    0         0      
       memcpy_t2.asm.obj                156    0         0      
       fd_tos_t2.asm.obj                110    0         0      
       copy_decompress_lzss.c.obj       104    0         0      
       autoinit.c.obj                   68     0         0      
       u_divt2.asm.obj                  64     0         0      
       fs_tod_t2.asm.obj                56     0         0      
       boot_cortex_m.c.obj              52     0         0      
       u_tofd_t2.asm.obj                32     0         0      
       copy_zero_init.c.obj             28     0         0      
       copy_decompress_none.c.obj       14     0         0      
       exit.c.obj                       4      0         0      
       pre_init.c.obj                   4      0         0      
       div0.asm.obj                     2      0         0      
    +--+--------------------------------+------+---------+---------+
       Total:                           1694   0         0      
                                                                
       Stack:                           0      0         512    
       Linker Generated:                0      52        0      
    +--+--------------------------------+------+---------+---------+
       Grand Total:                     5656   1082      567    


LINKER GENERATED COPY TABLES

__TI_cinit_table @ 00001a48 records: 2, size/record: 8, table size: 16
	.data: load addr=00001a20, load size=00000010 bytes, run addr=2000021c, run size=0000001d bytes, compression=lzss
	.bss: load addr=00001a40, load size=00000008 bytes, run addr=20000200, run size=0000001c bytes, compression=zero_init


LINKER GENERATED HANDLER TABLE

__TI_handler_table @ 00001a30 records: 3, size/record: 4, table size: 12
	index: 0, handler: __TI_decompress_lzss
	index: 1, handler: __TI_decompress_none
	index: 2, handler: __TI_zero_init


GLOBAL SYMBOLS: SORTED ALPHABETICALLY BY Name 

address   name                          
-------   ----                          
0000183f  ADCIntClear                   
000016c9  ADCIntStatus                  
0000177b  ADCProcessorTrigger           
000014d1  ADCSequenceConfigure          
00001741  ADCSequenceDataGet            
000017fd  ADCSequenceEnable             
000012b9  ADCSequenceStepConfigure      
00001881  C$$EXIT                       
00001827  CPUcpsie                      
20000220  E_k                           
000016f7  GPIODirModeSet                
00000de9  GPIOPadConfigSet              
00001521  GPIOPinConfigure              
00001793  GPIOPinTypeADC                
000017a5  GPIOPinTypeSSI                
000017b7  GPIOPinTypeUART               
0000092d  InitConsole                   
000013a1  IntEnable                     
000017ed  IntMasterEnable               
00001833  ResetISR                      
0000185d  SSIBusy                       
000015ed  SSIConfigSetExpClk            
000017c9  SSIDataGetNonBlocking         
00001849  SSIDataPut                    
00001853  SSIEnable                     
00000f1d  SysCtlClockGet                
00001129  SysCtlClockSet                
0000186d  SysCtlDelay                   
00001661  SysCtlPeripheralEnable        
00000749  Timer0IntHandler              
00001471  TimerConfigure                
0000180b  TimerEnable                   
00001879  TimerIntClear                 
00001865  TimerIntEnable                
000017db  TimerLoadSet                  
00001873  UARTClockSourceSet            
0000026d  UARTStdioConfig               
000003e5  UARTgetc                      
0000031f  UARTgets                      
00000713  UARTprintf                    
00000419  UARTvprintf                   
000002cd  UARTwrite                     
20000200  __STACK_END                   
00000200  __STACK_SIZE                  
20000200  __STACK_TOP                   
00001a48  __TI_CINIT_Base               
00001a58  __TI_CINIT_Limit              
00001a30  __TI_Handler_Table_Base       
00001a3c  __TI_Handler_Table_Limit      
00001569  __TI_auto_init_nobinit_nopinit
00001409  __TI_decompress_lzss          
00001819  __TI_decompress_none          
ffffffff  __TI_pprof_out_hndl           
ffffffff  __TI_prof_data_size           
ffffffff  __TI_prof_data_start          
00000000  __TI_static_base__            
0000175f  __TI_zero_init_nomemset       
00001333  __aeabi_d2f                   
00000b07  __aeabi_dadd                  
00000cb3  __aeabi_ddiv                  
0000102d  __aeabi_dmul                  
00000afd  __aeabi_dsub                  
00001629  __aeabi_f2d                   
00000f1b  __aeabi_idiv0                 
00000f1b  __aeabi_ldiv0                 
0000121d  __aeabi_memcpy                
0000121d  __aeabi_memcpy4               
0000121d  __aeabi_memcpy8               
00001721  __aeabi_ui2d                  
000015ad  __aeabi_uidiv                 
000015ad  __aeabi_uidivmod              
ffffffff  __binit__                     
ffffffff  __c_args__                    
UNDEFED   __mpu_init                    
20000000  __stack                       
20000000  __start___llvm_prf_cnts       
20000000  __stop___llvm_prf_cnts        
00001695  _c_int00_noargs               
UNDEFED   _system_post_cinit            
0000187d  _system_pre_init              
00001881  abort                         
ffffffff  binit                         
20000218  dato                          
20000200  eD                            
20000204  e_k                           
2000021c  e_k_1                         
20000230  freq_muestreo                 
00000000  g_pfnVectors                  
2000022c  kD                            
20000228  kI                            
20000224  kP                            
00000969  main                          
0000121d  memcpy                        
20000208  u_k                           
2000020c  u_k2                          
20000210  v0                            
20000214  v1                            
2000021a  valor                         


GLOBAL SYMBOLS: SORTED BY Symbol Address 

address   name                          
-------   ----                          
00000000  __TI_static_base__            
00000000  g_pfnVectors                  
00000200  __STACK_SIZE                  
0000026d  UARTStdioConfig               
000002cd  UARTwrite                     
0000031f  UARTgets                      
000003e5  UARTgetc                      
00000419  UARTvprintf                   
00000713  UARTprintf                    
00000749  Timer0IntHandler              
0000092d  InitConsole                   
00000969  main                          
00000afd  __aeabi_dsub                  
00000b07  __aeabi_dadd                  
00000cb3  __aeabi_ddiv                  
00000de9  GPIOPadConfigSet              
00000f1b  __aeabi_idiv0                 
00000f1b  __aeabi_ldiv0                 
00000f1d  SysCtlClockGet                
0000102d  __aeabi_dmul                  
00001129  SysCtlClockSet                
0000121d  __aeabi_memcpy                
0000121d  __aeabi_memcpy4               
0000121d  __aeabi_memcpy8               
0000121d  memcpy                        
000012b9  ADCSequenceStepConfigure      
00001333  __aeabi_d2f                   
000013a1  IntEnable                     
00001409  __TI_decompress_lzss          
00001471  TimerConfigure                
000014d1  ADCSequenceConfigure          
00001521  GPIOPinConfigure              
00001569  __TI_auto_init_nobinit_nopinit
000015ad  __aeabi_uidiv                 
000015ad  __aeabi_uidivmod              
000015ed  SSIConfigSetExpClk            
00001629  __aeabi_f2d                   
00001661  SysCtlPeripheralEnable        
00001695  _c_int00_noargs               
000016c9  ADCIntStatus                  
000016f7  GPIODirModeSet                
00001721  __aeabi_ui2d                  
00001741  ADCSequenceDataGet            
0000175f  __TI_zero_init_nomemset       
0000177b  ADCProcessorTrigger           
00001793  GPIOPinTypeADC                
000017a5  GPIOPinTypeSSI                
000017b7  GPIOPinTypeUART               
000017c9  SSIDataGetNonBlocking         
000017db  TimerLoadSet                  
000017ed  IntMasterEnable               
000017fd  ADCSequenceEnable             
0000180b  TimerEnable                   
00001819  __TI_decompress_none          
00001827  CPUcpsie                      
00001833  ResetISR                      
0000183f  ADCIntClear                   
00001849  SSIDataPut                    
00001853  SSIEnable                     
0000185d  SSIBusy                       
00001865  TimerIntEnable                
0000186d  SysCtlDelay                   
00001873  UARTClockSourceSet            
00001879  TimerIntClear                 
0000187d  _system_pre_init              
00001881  C$$EXIT                       
00001881  abort                         
00001a30  __TI_Handler_Table_Base       
00001a3c  __TI_Handler_Table_Limit      
00001a48  __TI_CINIT_Base               
00001a58  __TI_CINIT_Limit              
20000000  __stack                       
20000000  __start___llvm_prf_cnts       
20000000  __stop___llvm_prf_cnts        
20000200  __STACK_END                   
20000200  __STACK_TOP                   
20000200  eD                            
20000204  e_k                           
20000208  u_k                           
2000020c  u_k2                          
20000210  v0                            
20000214  v1                            
20000218  dato                          
2000021a  valor                         
2000021c  e_k_1                         
20000220  E_k                           
20000224  kP                            
20000228  kI                            
2000022c  kD                            
20000230  freq_muestreo                 
ffffffff  __TI_pprof_out_hndl           
ffffffff  __TI_prof_data_size           
ffffffff  __TI_prof_data_start          
ffffffff  __binit__                     
ffffffff  __c_args__                    
ffffffff  binit                         
UNDEFED   __mpu_init                    
UNDEFED   _system_post_cinit            

[98 symbols]
