<?xml version="1.0" encoding="ISO-8859-1" ?>
<link_info>
   <banner>TI ARM Linker PC v20.2.5.LTS</banner>
   <copyright>Copyright (c) 1996-2018 Texas Instruments Incorporated</copyright>
   <link_time>0x6237a03c</link_time>
   <link_errors>0x0</link_errors>
   <output_file>miniproyecto.out</output_file>
   <entry_point>
      <name>_c_int00_noargs</name>
      <address>0x3461</address>
   </entry_point>
   <input_file_list>
      <input_file id="fl-2">
         <path>.\</path>
         <kind>object</kind>
         <file>adc_timer_uart_startup_ccs.obj</file>
         <name>adc_timer_uart_startup_ccs.obj</name>
      </input_file>
      <input_file id="fl-3">
         <path>.\</path>
         <kind>object</kind>
         <file>i2cm_drv.obj</file>
         <name>i2cm_drv.obj</name>
      </input_file>
      <input_file id="fl-4">
         <path>.\</path>
         <kind>object</kind>
         <file>main.obj</file>
         <name>main.obj</name>
      </input_file>
      <input_file id="fl-5">
         <path>.\</path>
         <kind>object</kind>
         <file>mpu6050.obj</file>
         <name>mpu6050.obj</name>
      </input_file>
      <input_file id="fl-6">
         <path>.\</path>
         <kind>object</kind>
         <file>uartstdio.obj</file>
         <name>uartstdio.obj</name>
      </input_file>
      <input_file id="fl-b">
         <kind>object</kind>
         <file>&lt;internal&gt;</file>
         <name>&lt;internal&gt;</name>
      </input_file>
      <input_file id="fl-c">
         <path>C:\ti\TivaWare_C_Series-2.1.4.178\driverlib\ccs\Debug\</path>
         <kind>archive</kind>
         <file>driverlib.lib</file>
         <name>adc.obj</name>
      </input_file>
      <input_file id="fl-d">
         <path>C:\ti\TivaWare_C_Series-2.1.4.178\driverlib\ccs\Debug\</path>
         <kind>archive</kind>
         <file>driverlib.lib</file>
         <name>gpio.obj</name>
      </input_file>
      <input_file id="fl-e">
         <path>C:\ti\TivaWare_C_Series-2.1.4.178\driverlib\ccs\Debug\</path>
         <kind>archive</kind>
         <file>driverlib.lib</file>
         <name>i2c.obj</name>
      </input_file>
      <input_file id="fl-f">
         <path>C:\ti\TivaWare_C_Series-2.1.4.178\driverlib\ccs\Debug\</path>
         <kind>archive</kind>
         <file>driverlib.lib</file>
         <name>interrupt.obj</name>
      </input_file>
      <input_file id="fl-10">
         <path>C:\ti\TivaWare_C_Series-2.1.4.178\driverlib\ccs\Debug\</path>
         <kind>archive</kind>
         <file>driverlib.lib</file>
         <name>ssi.obj</name>
      </input_file>
      <input_file id="fl-11">
         <path>C:\ti\TivaWare_C_Series-2.1.4.178\driverlib\ccs\Debug\</path>
         <kind>archive</kind>
         <file>driverlib.lib</file>
         <name>sysctl.obj</name>
      </input_file>
      <input_file id="fl-12">
         <path>C:\ti\TivaWare_C_Series-2.1.4.178\driverlib\ccs\Debug\</path>
         <kind>archive</kind>
         <file>driverlib.lib</file>
         <name>timer.obj</name>
      </input_file>
      <input_file id="fl-13">
         <path>C:\ti\TivaWare_C_Series-2.1.4.178\driverlib\ccs\Debug\</path>
         <kind>archive</kind>
         <file>driverlib.lib</file>
         <name>uart.obj</name>
      </input_file>
      <input_file id="fl-14">
         <path>C:\ti\TivaWare_C_Series-2.1.4.178\driverlib\ccs\Debug\</path>
         <kind>archive</kind>
         <file>driverlib.lib</file>
         <name>cpu.obj</name>
      </input_file>
      <input_file id="fl-ca">
         <path>C:\ti\ccs1040\ccs\tools\compiler\ti-cgt-arm_20.2.5.LTS\lib\</path>
         <kind>archive</kind>
         <file>rtsv7M4_T_le_v4SPD16_eabi.lib</file>
         <name>e_atan2.c.obj</name>
      </input_file>
      <input_file id="fl-cb">
         <path>C:\ti\ccs1040\ccs\tools\compiler\ti-cgt-arm_20.2.5.LTS\lib\</path>
         <kind>archive</kind>
         <file>rtsv7M4_T_le_v4SPD16_eabi.lib</file>
         <name>e_sqrt.c.obj</name>
      </input_file>
      <input_file id="fl-cc">
         <path>C:\ti\ccs1040\ccs\tools\compiler\ti-cgt-arm_20.2.5.LTS\lib\</path>
         <kind>archive</kind>
         <file>rtsv7M4_T_le_v4SPD16_eabi.lib</file>
         <name>s_atan.c.obj</name>
      </input_file>
      <input_file id="fl-cd">
         <path>C:\ti\ccs1040\ccs\tools\compiler\ti-cgt-arm_20.2.5.LTS\lib\</path>
         <kind>archive</kind>
         <file>rtsv7M4_T_le_v4SPD16_eabi.lib</file>
         <name>fd_add_t2.asm.obj</name>
      </input_file>
      <input_file id="fl-ce">
         <path>C:\ti\ccs1040\ccs\tools\compiler\ti-cgt-arm_20.2.5.LTS\lib\</path>
         <kind>archive</kind>
         <file>rtsv7M4_T_le_v4SPD16_eabi.lib</file>
         <name>fd_cmp_t2.asm.obj</name>
      </input_file>
      <input_file id="fl-cf">
         <path>C:\ti\ccs1040\ccs\tools\compiler\ti-cgt-arm_20.2.5.LTS\lib\</path>
         <kind>archive</kind>
         <file>rtsv7M4_T_le_v4SPD16_eabi.lib</file>
         <name>fd_div_t2.asm.obj</name>
      </input_file>
      <input_file id="fl-d0">
         <path>C:\ti\ccs1040\ccs\tools\compiler\ti-cgt-arm_20.2.5.LTS\lib\</path>
         <kind>archive</kind>
         <file>rtsv7M4_T_le_v4SPD16_eabi.lib</file>
         <name>fd_mul_t2.asm.obj</name>
      </input_file>
      <input_file id="fl-d1">
         <path>C:\ti\ccs1040\ccs\tools\compiler\ti-cgt-arm_20.2.5.LTS\lib\</path>
         <kind>archive</kind>
         <file>rtsv7M4_T_le_v4SPD16_eabi.lib</file>
         <name>fd_tos_t2.asm.obj</name>
      </input_file>
      <input_file id="fl-d2">
         <path>C:\ti\ccs1040\ccs\tools\compiler\ti-cgt-arm_20.2.5.LTS\lib\</path>
         <kind>archive</kind>
         <file>rtsv7M4_T_le_v4SPD16_eabi.lib</file>
         <name>fs_tod_t2.asm.obj</name>
      </input_file>
      <input_file id="fl-d3">
         <path>C:\ti\ccs1040\ccs\tools\compiler\ti-cgt-arm_20.2.5.LTS\lib\</path>
         <kind>archive</kind>
         <file>rtsv7M4_T_le_v4SPD16_eabi.lib</file>
         <name>u_divt2.asm.obj</name>
      </input_file>
      <input_file id="fl-d4">
         <path>C:\ti\ccs1040\ccs\tools\compiler\ti-cgt-arm_20.2.5.LTS\lib\</path>
         <kind>archive</kind>
         <file>rtsv7M4_T_le_v4SPD16_eabi.lib</file>
         <name>copy_zero_init.c.obj</name>
      </input_file>
      <input_file id="fl-d5">
         <path>C:\ti\ccs1040\ccs\tools\compiler\ti-cgt-arm_20.2.5.LTS\lib\</path>
         <kind>archive</kind>
         <file>rtsv7M4_T_le_v4SPD16_eabi.lib</file>
         <name>copy_decompress_none.c.obj</name>
      </input_file>
      <input_file id="fl-d6">
         <path>C:\ti\ccs1040\ccs\tools\compiler\ti-cgt-arm_20.2.5.LTS\lib\</path>
         <kind>archive</kind>
         <file>rtsv7M4_T_le_v4SPD16_eabi.lib</file>
         <name>copy_decompress_lzss.c.obj</name>
      </input_file>
      <input_file id="fl-d7">
         <path>C:\ti\ccs1040\ccs\tools\compiler\ti-cgt-arm_20.2.5.LTS\lib\</path>
         <kind>archive</kind>
         <file>rtsv7M4_T_le_v4SPD16_eabi.lib</file>
         <name>errno.c.obj</name>
      </input_file>
      <input_file id="fl-d8">
         <path>C:\ti\ccs1040\ccs\tools\compiler\ti-cgt-arm_20.2.5.LTS\lib\</path>
         <kind>archive</kind>
         <file>rtsv7M4_T_le_v4SPD16_eabi.lib</file>
         <name>boot_cortex_m.c.obj</name>
      </input_file>
      <input_file id="fl-d9">
         <path>C:\ti\ccs1040\ccs\tools\compiler\ti-cgt-arm_20.2.5.LTS\lib\</path>
         <kind>archive</kind>
         <file>rtsv7M4_T_le_v4SPD16_eabi.lib</file>
         <name>div0.asm.obj</name>
      </input_file>
      <input_file id="fl-da">
         <path>C:\ti\ccs1040\ccs\tools\compiler\ti-cgt-arm_20.2.5.LTS\lib\</path>
         <kind>archive</kind>
         <file>rtsv7M4_T_le_v4SPD16_eabi.lib</file>
         <name>memcpy_t2.asm.obj</name>
      </input_file>
      <input_file id="fl-db">
         <path>C:\ti\ccs1040\ccs\tools\compiler\ti-cgt-arm_20.2.5.LTS\lib\</path>
         <kind>archive</kind>
         <file>rtsv7M4_T_le_v4SPD16_eabi.lib</file>
         <name>memset_t2.asm.obj</name>
      </input_file>
      <input_file id="fl-dc">
         <path>C:\ti\ccs1040\ccs\tools\compiler\ti-cgt-arm_20.2.5.LTS\lib\</path>
         <kind>archive</kind>
         <file>rtsv7M4_T_le_v4SPD16_eabi.lib</file>
         <name>autoinit.c.obj</name>
      </input_file>
      <input_file id="fl-dd">
         <path>C:\ti\ccs1040\ccs\tools\compiler\ti-cgt-arm_20.2.5.LTS\lib\</path>
         <kind>archive</kind>
         <file>rtsv7M4_T_le_v4SPD16_eabi.lib</file>
         <name>pre_init.c.obj</name>
      </input_file>
      <input_file id="fl-de">
         <path>C:\ti\ccs1040\ccs\tools\compiler\ti-cgt-arm_20.2.5.LTS\lib\</path>
         <kind>archive</kind>
         <file>rtsv7M4_T_le_v4SPD16_eabi.lib</file>
         <name>cpy_tbl.c.obj</name>
      </input_file>
      <input_file id="fl-df">
         <path>C:\ti\ccs1040\ccs\tools\compiler\ti-cgt-arm_20.2.5.LTS\lib\</path>
         <kind>archive</kind>
         <file>rtsv7M4_T_le_v4SPD16_eabi.lib</file>
         <name>exit.c.obj</name>
      </input_file>
      <input_file id="fl-e0">
         <path>C:\ti\ccs1040\ccs\tools\compiler\ti-cgt-arm_20.2.5.LTS\lib\</path>
         <kind>archive</kind>
         <file>rtsv7M4_T_le_v4SPD16_eabi.lib</file>
         <name>_lock.c.obj</name>
      </input_file>
      <input_file id="fl-e1">
         <path>C:\ti\ccs1040\ccs\tools\compiler\ti-cgt-arm_20.2.5.LTS\lib\</path>
         <kind>archive</kind>
         <file>rtsv7M4_T_le_v4SPD16_eabi.lib</file>
         <name>args_main.c.obj</name>
      </input_file>
   </input_file_list>
   <object_component_list>
      <object_component id="oc-12">
         <name>.intvecs</name>
         <load_address>0x0</load_address>
         <run_address>0x0</run_address>
         <size>0x26c</size>
         <input_file_ref idref="fl-2"/>
      </object_component>
      <object_component id="oc-9e">
         <name>.text</name>
         <load_address>0x26c</load_address>
         <run_address>0x26c</run_address>
         <size>0xcd8</size>
         <input_file_ref idref="fl-3"/>
      </object_component>
      <object_component id="oc-2d">
         <name>.text</name>
         <load_address>0xf44</load_address>
         <run_address>0xf44</run_address>
         <size>0x708</size>
         <input_file_ref idref="fl-4"/>
      </object_component>
      <object_component id="oc-b7">
         <name>.text</name>
         <load_address>0x164c</load_address>
         <run_address>0x164c</run_address>
         <size>0x5b0</size>
         <input_file_ref idref="fl-5"/>
      </object_component>
      <object_component id="oc-b0">
         <name>.text</name>
         <load_address>0x1bfc</load_address>
         <run_address>0x1bfc</run_address>
         <size>0x4dc</size>
         <input_file_ref idref="fl-6"/>
      </object_component>
      <object_component id="oc-23d">
         <name>.text:atan</name>
         <load_address>0x20d8</load_address>
         <run_address>0x20d8</run_address>
         <size>0x2ec</size>
         <input_file_ref idref="fl-cc"/>
      </object_component>
      <object_component id="oc-c8">
         <name>.text:atan2</name>
         <load_address>0x23c4</load_address>
         <run_address>0x23c4</run_address>
         <size>0x1e4</size>
         <input_file_ref idref="fl-ca"/>
      </object_component>
      <object_component id="oc-10b">
         <name>.text</name>
         <load_address>0x25a8</load_address>
         <run_address>0x25a8</run_address>
         <size>0x1b6</size>
         <input_file_ref idref="fl-cd"/>
      </object_component>
      <object_component id="oc-2e8">
         <name>.text</name>
         <load_address>0x275e</load_address>
         <run_address>0x275e</run_address>
         <size>0x2</size>
         <input_file_ref idref="fl-d9"/>
      </object_component>
      <object_component id="oc-c2">
         <name>.text:sqrt</name>
         <load_address>0x2760</load_address>
         <run_address>0x2760</run_address>
         <size>0x158</size>
         <input_file_ref idref="fl-cb"/>
      </object_component>
      <object_component id="oc-d3">
         <name>.text</name>
         <load_address>0x28b8</load_address>
         <run_address>0x28b8</run_address>
         <size>0x136</size>
         <input_file_ref idref="fl-cf"/>
      </object_component>
      <object_component id="oc-1db">
         <name>.text:GPIOPadConfigSet</name>
         <load_address>0x29ee</load_address>
         <run_address>0x29ee</run_address>
         <size>0x132</size>
         <input_file_ref idref="fl-d"/>
      </object_component>
      <object_component id="oc-92">
         <name>.text:SysCtlClockGet</name>
         <load_address>0x2b20</load_address>
         <run_address>0x2b20</run_address>
         <size>0x110</size>
         <input_file_ref idref="fl-11"/>
      </object_component>
      <object_component id="oc-ce">
         <name>.text</name>
         <load_address>0x2c30</load_address>
         <run_address>0x2c30</run_address>
         <size>0xfc</size>
         <input_file_ref idref="fl-d0"/>
      </object_component>
      <object_component id="oc-11f">
         <name>.text:SysCtlClockSet</name>
         <load_address>0x2d2c</load_address>
         <run_address>0x2d2c</run_address>
         <size>0xf4</size>
         <input_file_ref idref="fl-11"/>
      </object_component>
      <object_component id="oc-41">
         <name>.text</name>
         <load_address>0x2e20</load_address>
         <run_address>0x2e20</run_address>
         <size>0x9c</size>
         <input_file_ref idref="fl-da"/>
      </object_component>
      <object_component id="oc-305">
         <name>.text:__aeabi_cdrcmple</name>
         <load_address>0x2ebc</load_address>
         <run_address>0x2ebc</run_address>
         <size>0x86</size>
         <input_file_ref idref="fl-ce"/>
      </object_component>
      <object_component id="oc-131">
         <name>.text:ADCSequenceStepConfigure</name>
         <load_address>0x2f42</load_address>
         <run_address>0x2f42</run_address>
         <size>0x7a</size>
         <input_file_ref idref="fl-c"/>
      </object_component>
      <object_component id="oc-d8">
         <name>.text</name>
         <load_address>0x2fbc</load_address>
         <run_address>0x2fbc</run_address>
         <size>0x6e</size>
         <input_file_ref idref="fl-d1"/>
      </object_component>
      <object_component id="oc-167">
         <name>.text:IntEnable</name>
         <load_address>0x302c</load_address>
         <run_address>0x302c</run_address>
         <size>0x68</size>
         <input_file_ref idref="fl-f"/>
      </object_component>
      <object_component id="oc-15">
         <name>.text:decompress:lzss:__TI_decompress_lzss</name>
         <load_address>0x3094</load_address>
         <run_address>0x3094</run_address>
         <size>0x68</size>
         <input_file_ref idref="fl-d6"/>
      </object_component>
      <object_component id="oc-15b">
         <name>.text:TimerConfigure</name>
         <load_address>0x30fc</load_address>
         <run_address>0x30fc</run_address>
         <size>0x60</size>
         <input_file_ref idref="fl-12"/>
      </object_component>
      <object_component id="oc-12b">
         <name>.text:ADCSequenceConfigure</name>
         <load_address>0x315c</load_address>
         <run_address>0x315c</run_address>
         <size>0x50</size>
         <input_file_ref idref="fl-c"/>
      </object_component>
      <object_component id="oc-7a">
         <name>.text:SysCtlPeripheralReset</name>
         <load_address>0x31ac</load_address>
         <run_address>0x31ac</run_address>
         <size>0x50</size>
         <input_file_ref idref="fl-11"/>
      </object_component>
      <object_component id="oc-98">
         <name>.text:I2CMasterInitExpClk</name>
         <load_address>0x31fc</load_address>
         <run_address>0x31fc</run_address>
         <size>0x4c</size>
         <input_file_ref idref="fl-e"/>
      </object_component>
      <object_component id="oc-80">
         <name>.text:GPIOPinConfigure</name>
         <load_address>0x3248</load_address>
         <run_address>0x3248</run_address>
         <size>0x48</size>
         <input_file_ref idref="fl-d"/>
      </object_component>
      <object_component id="oc-299">
         <name>.text:__TI_auto_init_nobinit_nopinit:__TI_auto_init_nobinit_nopinit</name>
         <load_address>0x3290</load_address>
         <run_address>0x3290</run_address>
         <size>0x44</size>
         <input_file_ref idref="fl-dc"/>
      </object_component>
      <object_component id="oc-218">
         <name>.text</name>
         <load_address>0x32d4</load_address>
         <run_address>0x32d4</run_address>
         <size>0x40</size>
         <input_file_ref idref="fl-d3"/>
      </object_component>
      <object_component id="oc-143">
         <name>.text:SSIConfigSetExpClk</name>
         <load_address>0x3314</load_address>
         <run_address>0x3314</run_address>
         <size>0x3c</size>
         <input_file_ref idref="fl-10"/>
      </object_component>
      <object_component id="oc-bd">
         <name>.text</name>
         <load_address>0x3350</load_address>
         <run_address>0x3350</run_address>
         <size>0x38</size>
         <input_file_ref idref="fl-d2"/>
      </object_component>
      <object_component id="oc-1fc">
         <name>.text:I2CMRead</name>
         <load_address>0x3388</load_address>
         <run_address>0x3388</run_address>
         <size>0x36</size>
         <input_file_ref idref="fl-3"/>
      </object_component>
      <object_component id="oc-1f5">
         <name>.text:I2CMWrite</name>
         <load_address>0x33be</load_address>
         <run_address>0x33be</run_address>
         <size>0x36</size>
         <input_file_ref idref="fl-3"/>
      </object_component>
      <object_component id="oc-203">
         <name>.text:I2CMWriteBatched</name>
         <load_address>0x33f4</load_address>
         <run_address>0x33f4</run_address>
         <size>0x36</size>
         <input_file_ref idref="fl-3"/>
      </object_component>
      <object_component id="oc-74">
         <name>.text:SysCtlPeripheralEnable</name>
         <load_address>0x342c</load_address>
         <run_address>0x342c</run_address>
         <size>0x34</size>
         <input_file_ref idref="fl-11"/>
      </object_component>
      <object_component id="oc-5f">
         <name>.text:_c_int00_noargs:_c_int00_noargs</name>
         <load_address>0x3460</load_address>
         <run_address>0x3460</run_address>
         <size>0x34</size>
         <input_file_ref idref="fl-d8"/>
      </object_component>
      <object_component id="oc-f9">
         <name>.text:ADCIntStatus</name>
         <load_address>0x3494</load_address>
         <run_address>0x3494</run_address>
         <size>0x2e</size>
         <input_file_ref idref="fl-c"/>
      </object_component>
      <object_component id="oc-1d5">
         <name>.text:GPIODirModeSet</name>
         <load_address>0x34c2</load_address>
         <run_address>0x34c2</run_address>
         <size>0x2a</size>
         <input_file_ref idref="fl-d"/>
      </object_component>
      <object_component id="oc-105">
         <name>.text:ADCSequenceDataGet</name>
         <load_address>0x34ec</load_address>
         <run_address>0x34ec</run_address>
         <size>0x1e</size>
         <input_file_ref idref="fl-c"/>
      </object_component>
      <object_component id="oc-4d">
         <name>.text:decompress:ZI:__TI_zero_init_nomemset:__TI_zero_init_nomemset</name>
         <load_address>0x350a</load_address>
         <run_address>0x350a</run_address>
         <size>0x1c</size>
         <input_file_ref idref="fl-d4"/>
      </object_component>
      <object_component id="oc-f3">
         <name>.text:ADCProcessorTrigger</name>
         <load_address>0x3526</load_address>
         <run_address>0x3526</run_address>
         <size>0x18</size>
         <input_file_ref idref="fl-c"/>
      </object_component>
      <object_component id="oc-125">
         <name>.text:GPIOPinTypeADC</name>
         <load_address>0x353e</load_address>
         <run_address>0x353e</run_address>
         <size>0x12</size>
         <input_file_ref idref="fl-d"/>
      </object_component>
      <object_component id="oc-8c">
         <name>.text:GPIOPinTypeI2C</name>
         <load_address>0x3550</load_address>
         <run_address>0x3550</run_address>
         <size>0x12</size>
         <input_file_ref idref="fl-d"/>
      </object_component>
      <object_component id="oc-86">
         <name>.text:GPIOPinTypeI2CSCL</name>
         <load_address>0x3562</load_address>
         <run_address>0x3562</run_address>
         <size>0x12</size>
         <input_file_ref idref="fl-d"/>
      </object_component>
      <object_component id="oc-13d">
         <name>.text:GPIOPinTypeSSI</name>
         <load_address>0x3574</load_address>
         <run_address>0x3574</run_address>
         <size>0x12</size>
         <input_file_ref idref="fl-d"/>
      </object_component>
      <object_component id="oc-a4">
         <name>.text:GPIOPinTypeUART</name>
         <load_address>0x3586</load_address>
         <run_address>0x3586</run_address>
         <size>0x12</size>
         <input_file_ref idref="fl-d"/>
      </object_component>
      <object_component id="oc-14f">
         <name>.text:SSIDataGetNonBlocking</name>
         <load_address>0x3598</load_address>
         <run_address>0x3598</run_address>
         <size>0x12</size>
         <input_file_ref idref="fl-10"/>
      </object_component>
      <object_component id="oc-161">
         <name>.text:TimerLoadSet</name>
         <load_address>0x35aa</load_address>
         <run_address>0x35aa</run_address>
         <size>0x12</size>
         <input_file_ref idref="fl-12"/>
      </object_component>
      <object_component id="oc-155">
         <name>.text:IntMasterEnable</name>
         <load_address>0x35bc</load_address>
         <run_address>0x35bc</run_address>
         <size>0x10</size>
         <input_file_ref idref="fl-f"/>
      </object_component>
      <object_component id="oc-137">
         <name>.text:ADCSequenceEnable</name>
         <load_address>0x35cc</load_address>
         <run_address>0x35cc</run_address>
         <size>0xe</size>
         <input_file_ref idref="fl-c"/>
      </object_component>
      <object_component id="oc-173">
         <name>.text:TimerEnable</name>
         <load_address>0x35da</load_address>
         <run_address>0x35da</run_address>
         <size>0xe</size>
         <input_file_ref idref="fl-12"/>
      </object_component>
      <object_component id="oc-dd">
         <name>.text:UARTCharGetNonBlocking</name>
         <load_address>0x35e8</load_address>
         <run_address>0x35e8</run_address>
         <size>0xe</size>
         <input_file_ref idref="fl-13"/>
      </object_component>
      <object_component id="oc-1b">
         <name>.text:decompress:none:__TI_decompress_none</name>
         <load_address>0x35f6</load_address>
         <run_address>0x35f6</run_address>
         <size>0xe</size>
         <input_file_ref idref="fl-d5"/>
      </object_component>
      <object_component id="oc-268">
         <name>.text:CPUcpsie</name>
         <load_address>0x3604</load_address>
         <run_address>0x3604</run_address>
         <size>0xc</size>
         <input_file_ref idref="fl-14"/>
      </object_component>
      <object_component id="oc-1ef">
         <name>.text:IntTrigger</name>
         <load_address>0x3610</load_address>
         <run_address>0x3610</run_address>
         <size>0xc</size>
         <input_file_ref idref="fl-f"/>
      </object_component>
      <object_component id="oc-27">
         <name>.text</name>
         <load_address>0x361c</load_address>
         <run_address>0x361c</run_address>
         <size>0xc</size>
         <input_file_ref idref="fl-2"/>
      </object_component>
      <object_component id="oc-ff">
         <name>.text:ADCIntClear</name>
         <load_address>0x3628</load_address>
         <run_address>0x3628</run_address>
         <size>0xa</size>
         <input_file_ref idref="fl-c"/>
      </object_component>
      <object_component id="oc-1e7">
         <name>.text:I2CMasterEnable</name>
         <load_address>0x3632</load_address>
         <run_address>0x3632</run_address>
         <size>0xa</size>
         <input_file_ref idref="fl-e"/>
      </object_component>
      <object_component id="oc-110">
         <name>.text:SSIDataPut</name>
         <load_address>0x363c</load_address>
         <run_address>0x363c</run_address>
         <size>0xa</size>
         <input_file_ref idref="fl-10"/>
      </object_component>
      <object_component id="oc-149">
         <name>.text:SSIEnable</name>
         <load_address>0x3646</load_address>
         <run_address>0x3646</run_address>
         <size>0xa</size>
         <input_file_ref idref="fl-10"/>
      </object_component>
      <object_component id="oc-e3">
         <name>.text:UARTCharPut</name>
         <load_address>0x3650</load_address>
         <run_address>0x3650</run_address>
         <size>0xa</size>
         <input_file_ref idref="fl-13"/>
      </object_component>
      <object_component id="oc-116">
         <name>.text:SSIBusy</name>
         <load_address>0x365a</load_address>
         <run_address>0x365a</run_address>
         <size>0x8</size>
         <input_file_ref idref="fl-10"/>
      </object_component>
      <object_component id="oc-16d">
         <name>.text:TimerIntEnable</name>
         <load_address>0x3662</load_address>
         <run_address>0x3662</run_address>
         <size>0x8</size>
         <input_file_ref idref="fl-12"/>
      </object_component>
      <object_component id="oc-230">
         <name>.text:__aeabi_errno_addr</name>
         <load_address>0x366c</load_address>
         <run_address>0x366c</run_address>
         <size>0x8</size>
         <input_file_ref idref="fl-d7"/>
      </object_component>
      <object_component id="oc-b6">
         <name>.text:SysCtlDelay</name>
         <load_address>0x3674</load_address>
         <run_address>0x3674</run_address>
         <size>0x6</size>
         <input_file_ref idref="fl-11"/>
      </object_component>
      <object_component id="oc-aa">
         <name>.text:UARTClockSourceSet</name>
         <load_address>0x367a</load_address>
         <run_address>0x367a</run_address>
         <size>0x6</size>
         <input_file_ref idref="fl-13"/>
      </object_component>
      <object_component id="oc-ed">
         <name>.text:TimerIntClear</name>
         <load_address>0x3680</load_address>
         <run_address>0x3680</run_address>
         <size>0x4</size>
         <input_file_ref idref="fl-12"/>
      </object_component>
      <object_component id="oc-1b6">
         <name>.text:_system_pre_init</name>
         <load_address>0x3684</load_address>
         <run_address>0x3684</run_address>
         <size>0x4</size>
         <input_file_ref idref="fl-dd"/>
      </object_component>
      <object_component id="oc-28d">
         <name>.text:abort:abort</name>
         <load_address>0x3688</load_address>
         <run_address>0x3688</run_address>
         <size>0x4</size>
         <input_file_ref idref="fl-df"/>
      </object_component>
      <object_component id="oc-30a">
         <name>.const:$O1$$</name>
         <load_address>0x3690</load_address>
         <run_address>0x3690</run_address>
         <size>0x98</size>
         <input_file_ref idref="fl-cc"/>
      </object_component>
      <object_component id="oc-1d0">
         <name>.const:g_pui32GPIOBaseAddrs</name>
         <load_address>0x3728</load_address>
         <run_address>0x3728</run_address>
         <size>0x90</size>
         <input_file_ref idref="fl-d"/>
      </object_component>
      <object_component id="oc-271">
         <name>.const</name>
         <load_address>0x37b8</load_address>
         <run_address>0x37b8</run_address>
         <size>0x70</size>
         <input_file_ref idref="fl-f"/>
      </object_component>
      <object_component id="oc-1e3">
         <name>.const:g_pui32Xtals</name>
         <load_address>0x3828</load_address>
         <run_address>0x3828</run_address>
         <size>0x6c</size>
         <input_file_ref idref="fl-11"/>
      </object_component>
      <object_component id="oc-2ee">
         <name>.const:.string</name>
         <load_address>0x3894</load_address>
         <run_address>0x3894</run_address>
         <size>0x12</size>
         <input_file_ref idref="fl-6"/>
      </object_component>
      <object_component id="oc-227">
         <name>.const:g_fMPU6050AccelFactors</name>
         <load_address>0x38a8</load_address>
         <run_address>0x38a8</run_address>
         <size>0x10</size>
         <input_file_ref idref="fl-5"/>
      </object_component>
      <object_component id="oc-22a">
         <name>.const:g_fMPU6050GyroFactors</name>
         <load_address>0x38b8</load_address>
         <run_address>0x38b8</run_address>
         <size>0x10</size>
         <input_file_ref idref="fl-5"/>
      </object_component>
      <object_component id="oc-215">
         <name>.const:g_ui32UARTBase</name>
         <load_address>0x38c8</load_address>
         <run_address>0x38c8</run_address>
         <size>0xc</size>
         <input_file_ref idref="fl-6"/>
      </object_component>
      <object_component id="oc-20f">
         <name>.const:g_ui32UARTPeriph</name>
         <load_address>0x38d4</load_address>
         <run_address>0x38d4</run_address>
         <size>0xc</size>
         <input_file_ref idref="fl-6"/>
      </object_component>
      <object_component id="oc-21d">
         <name>.const</name>
         <load_address>0x38e0</load_address>
         <run_address>0x38e0</run_address>
         <size>0x4</size>
         <input_file_ref idref="fl-6"/>
      </object_component>
      <object_component id="oc-3a2">
         <name>.cinit..data.load</name>
         <load_address>0x38e8</load_address>
         <run_address>0x38e8</run_address>
         <size>0x18</size>
      </object_component>
      <object_component id="oc-3a0">
         <name>__TI_handler_table</name>
         <load_address>0x3900</load_address>
         <run_address>0x3900</run_address>
         <size>0xc</size>
      </object_component>
      <object_component id="oc-3a3">
         <name>.cinit..bss.load</name>
         <load_address>0x3910</load_address>
         <run_address>0x3910</run_address>
         <size>0x8</size>
      </object_component>
      <object_component id="oc-3a1">
         <name>__TI_cinit_table</name>
         <load_address>0x3918</load_address>
         <run_address>0x3918</run_address>
         <size>0x10</size>
      </object_component>
      <object_component id="oc-11c">
         <name>.data</name>
         <load_address>0x2000033c</load_address>
         <run_address>0x2000033c</run_address>
         <size>0x2a</size>
         <input_file_ref idref="fl-4"/>
      </object_component>
      <object_component id="oc-212">
         <name>.data</name>
         <load_address>0x20000368</load_address>
         <run_address>0x20000368</run_address>
         <size>0x5</size>
         <input_file_ref idref="fl-6"/>
      </object_component>
      <object_component id="oc-2f9">
         <name>.data</name>
         <load_address>0x20000370</load_address>
         <run_address>0x20000370</run_address>
         <size>0x4</size>
         <input_file_ref idref="fl-d7"/>
      </object_component>
      <object_component id="oc-17e">
         <name>.common:dato</name>
         <uninitialized>true</uninitialized>
         <run_address>0x20000334</run_address>
         <size>0x2</size>
      </object_component>
      <object_component id="oc-17d">
         <name>.common:valor</name>
         <uninitialized>true</uninitialized>
         <run_address>0x20000336</run_address>
         <size>0x2</size>
      </object_component>
      <object_component id="oc-179">
         <name>.common:e_k</name>
         <uninitialized>true</uninitialized>
         <run_address>0x20000328</run_address>
         <size>0x4</size>
      </object_component>
      <object_component id="oc-17a">
         <name>.common:eD</name>
         <uninitialized>true</uninitialized>
         <run_address>0x20000324</run_address>
         <size>0x4</size>
      </object_component>
      <object_component id="oc-17b">
         <name>.common:u_k</name>
         <uninitialized>true</uninitialized>
         <run_address>0x2000032c</run_address>
         <size>0x4</size>
      </object_component>
      <object_component id="oc-17c">
         <name>.common:u_k2</name>
         <uninitialized>true</uninitialized>
         <run_address>0x20000330</run_address>
         <size>0x4</size>
      </object_component>
      <object_component id="oc-ec">
         <name>.common:g_bMPU6050Done</name>
         <uninitialized>true</uninitialized>
         <run_address>0x20000338</run_address>
         <size>0x1</size>
      </object_component>
      <object_component id="oc-e9">
         <name>.common:g_sI2CMSimpleInst</name>
         <uninitialized>true</uninitialized>
         <run_address>0x20000200</run_address>
         <size>0x124</size>
      </object_component>
      <object_component id="oc-24">
         <name>.stack</name>
         <uninitialized>true</uninitialized>
         <run_address>0x20000000</run_address>
         <size>0x4</size>
         <input_file_ref idref="fl-d8"/>
      </object_component>
      <object_component id="oc-3a5">
         <name>.stack</name>
         <uninitialized>true</uninitialized>
         <run_address>0x20000000</run_address>
         <size>0x0</size>
      </object_component>
      <object_component id="oc-35">
         <name>.debug_info</name>
         <load_address>0x0</load_address>
         <run_address>0x0</run_address>
         <size>0x316</size>
         <input_file_ref idref="fl-2"/>
      </object_component>
      <object_component id="oc-13">
         <name>.debug_info</name>
         <load_address>0x316</load_address>
         <run_address>0x316</run_address>
         <size>0xfd</size>
         <input_file_ref idref="fl-2"/>
      </object_component>
      <object_component id="oc-2b">
         <name>.debug_info</name>
         <load_address>0x413</load_address>
         <run_address>0x413</run_address>
         <size>0x289</size>
         <input_file_ref idref="fl-2"/>
      </object_component>
      <object_component id="oc-196">
         <name>.debug_info</name>
         <load_address>0x69c</load_address>
         <run_address>0x69c</run_address>
         <size>0x26b</size>
         <input_file_ref idref="fl-2"/>
      </object_component>
      <object_component id="oc-3c">
         <name>.debug_info</name>
         <load_address>0x907</load_address>
         <run_address>0x907</run_address>
         <size>0x84</size>
         <input_file_ref idref="fl-2"/>
      </object_component>
      <object_component id="oc-278">
         <name>.debug_info</name>
         <load_address>0x98b</load_address>
         <run_address>0x98b</run_address>
         <size>0x2a4</size>
         <input_file_ref idref="fl-2"/>
      </object_component>
      <object_component id="oc-185">
         <name>.debug_info</name>
         <load_address>0xc2f</load_address>
         <run_address>0xc2f</run_address>
         <size>0xef</size>
         <input_file_ref idref="fl-2"/>
      </object_component>
      <object_component id="oc-18f">
         <name>.debug_info</name>
         <load_address>0xd1e</load_address>
         <run_address>0xd1e</run_address>
         <size>0xbb</size>
         <input_file_ref idref="fl-2"/>
      </object_component>
      <object_component id="oc-20b">
         <name>.debug_info</name>
         <load_address>0xdd9</load_address>
         <run_address>0xdd9</run_address>
         <size>0x322</size>
         <input_file_ref idref="fl-3"/>
      </object_component>
      <object_component id="oc-1f6">
         <name>.debug_info</name>
         <load_address>0x10fb</load_address>
         <run_address>0x10fb</run_address>
         <size>0x28c</size>
         <input_file_ref idref="fl-3"/>
      </object_component>
      <object_component id="oc-1fe">
         <name>.debug_info</name>
         <load_address>0x1387</load_address>
         <run_address>0x1387</run_address>
         <size>0x2f8</size>
         <input_file_ref idref="fl-3"/>
      </object_component>
      <object_component id="oc-204">
         <name>.debug_info</name>
         <load_address>0x167f</load_address>
         <run_address>0x167f</run_address>
         <size>0x2be</size>
         <input_file_ref idref="fl-3"/>
      </object_component>
      <object_component id="oc-9f">
         <name>.debug_info</name>
         <load_address>0x193d</load_address>
         <run_address>0x193d</run_address>
         <size>0x1f35</size>
         <input_file_ref idref="fl-3"/>
      </object_component>
      <object_component id="oc-24c">
         <name>.debug_info</name>
         <load_address>0x3872</load_address>
         <run_address>0x3872</run_address>
         <size>0x4e6</size>
         <input_file_ref idref="fl-3"/>
      </object_component>
      <object_component id="oc-180">
         <name>.debug_info</name>
         <load_address>0x3d58</load_address>
         <run_address>0x3d58</run_address>
         <size>0x8b</size>
         <input_file_ref idref="fl-3"/>
      </object_component>
      <object_component id="oc-ea">
         <name>.debug_info</name>
         <load_address>0x3de3</load_address>
         <run_address>0x3de3</run_address>
         <size>0xee7</size>
         <input_file_ref idref="fl-4"/>
      </object_component>
      <object_component id="oc-11d">
         <name>.debug_info</name>
         <load_address>0x4cca</load_address>
         <run_address>0x4cca</run_address>
         <size>0x1cf</size>
         <input_file_ref idref="fl-4"/>
      </object_component>
      <object_component id="oc-2f">
         <name>.debug_info</name>
         <load_address>0x4e99</load_address>
         <run_address>0x4e99</run_address>
         <size>0xd84</size>
         <input_file_ref idref="fl-4"/>
      </object_component>
      <object_component id="oc-18a">
         <name>.debug_info</name>
         <load_address>0x5c1d</load_address>
         <run_address>0x5c1d</run_address>
         <size>0x158</size>
         <input_file_ref idref="fl-4"/>
      </object_component>
      <object_component id="oc-222">
         <name>.debug_info</name>
         <load_address>0x5d75</load_address>
         <run_address>0x5d75</run_address>
         <size>0x2c</size>
         <input_file_ref idref="fl-4"/>
      </object_component>
      <object_component id="oc-22e">
         <name>.debug_info</name>
         <load_address>0x5da1</load_address>
         <run_address>0x5da1</run_address>
         <size>0x47d</size>
         <input_file_ref idref="fl-5"/>
      </object_component>
      <object_component id="oc-228">
         <name>.debug_info</name>
         <load_address>0x621e</load_address>
         <run_address>0x621e</run_address>
         <size>0xfd</size>
         <input_file_ref idref="fl-5"/>
      </object_component>
      <object_component id="oc-22b">
         <name>.debug_info</name>
         <load_address>0x631b</load_address>
         <run_address>0x631b</run_address>
         <size>0xfb</size>
         <input_file_ref idref="fl-5"/>
      </object_component>
      <object_component id="oc-b8">
         <name>.debug_info</name>
         <load_address>0x6416</load_address>
         <run_address>0x6416</run_address>
         <size>0xdda</size>
         <input_file_ref idref="fl-5"/>
      </object_component>
      <object_component id="oc-221">
         <name>.debug_info</name>
         <load_address>0x71f0</load_address>
         <run_address>0x71f0</run_address>
         <size>0x2a6</size>
         <input_file_ref idref="fl-6"/>
      </object_component>
      <object_component id="oc-213">
         <name>.debug_info</name>
         <load_address>0x7496</load_address>
         <run_address>0x7496</run_address>
         <size>0xe7</size>
         <input_file_ref idref="fl-6"/>
      </object_component>
      <object_component id="oc-21e">
         <name>.debug_info</name>
         <load_address>0x757d</load_address>
         <run_address>0x757d</run_address>
         <size>0xe1</size>
         <input_file_ref idref="fl-6"/>
      </object_component>
      <object_component id="oc-216">
         <name>.debug_info</name>
         <load_address>0x765e</load_address>
         <run_address>0x765e</run_address>
         <size>0xef</size>
         <input_file_ref idref="fl-6"/>
      </object_component>
      <object_component id="oc-210">
         <name>.debug_info</name>
         <load_address>0x774d</load_address>
         <run_address>0x774d</run_address>
         <size>0xf3</size>
         <input_file_ref idref="fl-6"/>
      </object_component>
      <object_component id="oc-b3">
         <name>.debug_info</name>
         <load_address>0x7840</load_address>
         <run_address>0x7840</run_address>
         <size>0x70f</size>
         <input_file_ref idref="fl-6"/>
      </object_component>
      <object_component id="oc-254">
         <name>.debug_info</name>
         <load_address>0x7f4f</load_address>
         <run_address>0x7f4f</run_address>
         <size>0x24d</size>
         <input_file_ref idref="fl-c"/>
      </object_component>
      <object_component id="oc-135">
         <name>.debug_info</name>
         <load_address>0x819c</load_address>
         <run_address>0x819c</run_address>
         <size>0x333</size>
         <input_file_ref idref="fl-c"/>
      </object_component>
      <object_component id="oc-13b">
         <name>.debug_info</name>
         <load_address>0x84cf</load_address>
         <run_address>0x84cf</run_address>
         <size>0x2a0</size>
         <input_file_ref idref="fl-c"/>
      </object_component>
      <object_component id="oc-109">
         <name>.debug_info</name>
         <load_address>0x876f</load_address>
         <run_address>0x876f</run_address>
         <size>0x2ff</size>
         <input_file_ref idref="fl-c"/>
      </object_component>
      <object_component id="oc-12d">
         <name>.debug_info</name>
         <load_address>0x8a6e</load_address>
         <run_address>0x8a6e</run_address>
         <size>0x326</size>
         <input_file_ref idref="fl-c"/>
      </object_component>
      <object_component id="oc-f5">
         <name>.debug_info</name>
         <load_address>0x8d94</load_address>
         <run_address>0x8d94</run_address>
         <size>0x2a4</size>
         <input_file_ref idref="fl-c"/>
      </object_component>
      <object_component id="oc-fc">
         <name>.debug_info</name>
         <load_address>0x9038</load_address>
         <run_address>0x9038</run_address>
         <size>0x2e7</size>
         <input_file_ref idref="fl-c"/>
      </object_component>
      <object_component id="oc-102">
         <name>.debug_info</name>
         <load_address>0x931f</load_address>
         <run_address>0x931f</run_address>
         <size>0x294</size>
         <input_file_ref idref="fl-c"/>
      </object_component>
      <object_component id="oc-1c9">
         <name>.debug_info</name>
         <load_address>0x95b3</load_address>
         <run_address>0x95b3</run_address>
         <size>0x18b</size>
         <input_file_ref idref="fl-c"/>
      </object_component>
      <object_component id="oc-1d4">
         <name>.debug_info</name>
         <load_address>0x973e</load_address>
         <run_address>0x973e</run_address>
         <size>0x240</size>
         <input_file_ref idref="fl-d"/>
      </object_component>
      <object_component id="oc-1d1">
         <name>.debug_info</name>
         <load_address>0x997e</load_address>
         <run_address>0x997e</run_address>
         <size>0x15b</size>
         <input_file_ref idref="fl-d"/>
      </object_component>
      <object_component id="oc-1d7">
         <name>.debug_info</name>
         <load_address>0x9ad9</load_address>
         <run_address>0x9ad9</run_address>
         <size>0x2b3</size>
         <input_file_ref idref="fl-d"/>
      </object_component>
      <object_component id="oc-1dd">
         <name>.debug_info</name>
         <load_address>0x9d8c</load_address>
         <run_address>0x9d8c</run_address>
         <size>0x316</size>
         <input_file_ref idref="fl-d"/>
      </object_component>
      <object_component id="oc-a6">
         <name>.debug_info</name>
         <load_address>0xa0a2</load_address>
         <run_address>0xa0a2</run_address>
         <size>0x27b</size>
         <input_file_ref idref="fl-d"/>
      </object_component>
      <object_component id="oc-13f">
         <name>.debug_info</name>
         <load_address>0xa31d</load_address>
         <run_address>0xa31d</run_address>
         <size>0x279</size>
         <input_file_ref idref="fl-d"/>
      </object_component>
      <object_component id="oc-88">
         <name>.debug_info</name>
         <load_address>0xa596</load_address>
         <run_address>0xa596</run_address>
         <size>0x27f</size>
         <input_file_ref idref="fl-d"/>
      </object_component>
      <object_component id="oc-8e">
         <name>.debug_info</name>
         <load_address>0xa815</load_address>
         <run_address>0xa815</run_address>
         <size>0x279</size>
         <input_file_ref idref="fl-d"/>
      </object_component>
      <object_component id="oc-127">
         <name>.debug_info</name>
         <load_address>0xaa8e</load_address>
         <run_address>0xaa8e</run_address>
         <size>0x279</size>
         <input_file_ref idref="fl-d"/>
      </object_component>
      <object_component id="oc-82">
         <name>.debug_info</name>
         <load_address>0xad07</load_address>
         <run_address>0xad07</run_address>
         <size>0x280</size>
         <input_file_ref idref="fl-d"/>
      </object_component>
      <object_component id="oc-1ee">
         <name>.debug_info</name>
         <load_address>0xaf87</load_address>
         <run_address>0xaf87</run_address>
         <size>0x231</size>
         <input_file_ref idref="fl-e"/>
      </object_component>
      <object_component id="oc-1e8">
         <name>.debug_info</name>
         <load_address>0xb1b8</load_address>
         <run_address>0xb1b8</run_address>
         <size>0x24e</size>
         <input_file_ref idref="fl-e"/>
      </object_component>
      <object_component id="oc-99">
         <name>.debug_info</name>
         <load_address>0xb406</load_address>
         <run_address>0xb406</run_address>
         <size>0x2d5</size>
         <input_file_ref idref="fl-e"/>
      </object_component>
      <object_component id="oc-275">
         <name>.debug_info</name>
         <load_address>0xb6db</load_address>
         <run_address>0xb6db</run_address>
         <size>0x20e</size>
         <input_file_ref idref="fl-f"/>
      </object_component>
      <object_component id="oc-272">
         <name>.debug_info</name>
         <load_address>0xb8e9</load_address>
         <run_address>0xb8e9</run_address>
         <size>0x210</size>
         <input_file_ref idref="fl-f"/>
      </object_component>
      <object_component id="oc-1f0">
         <name>.debug_info</name>
         <load_address>0xbaf9</load_address>
         <run_address>0xbaf9</run_address>
         <size>0x26a</size>
         <input_file_ref idref="fl-f"/>
      </object_component>
      <object_component id="oc-156">
         <name>.debug_info</name>
         <load_address>0xbd63</load_address>
         <run_address>0xbd63</run_address>
         <size>0x23e</size>
         <input_file_ref idref="fl-f"/>
      </object_component>
      <object_component id="oc-168">
         <name>.debug_info</name>
         <load_address>0xbfa1</load_address>
         <run_address>0xbfa1</run_address>
         <size>0x268</size>
         <input_file_ref idref="fl-f"/>
      </object_component>
      <object_component id="oc-25b">
         <name>.debug_info</name>
         <load_address>0xc209</load_address>
         <run_address>0xc209</run_address>
         <size>0x21c</size>
         <input_file_ref idref="fl-10"/>
      </object_component>
      <object_component id="oc-14a">
         <name>.debug_info</name>
         <load_address>0xc425</load_address>
         <run_address>0xc425</run_address>
         <size>0x242</size>
         <input_file_ref idref="fl-10"/>
      </object_component>
      <object_component id="oc-113">
         <name>.debug_info</name>
         <load_address>0xc667</load_address>
         <run_address>0xc667</run_address>
         <size>0x276</size>
         <input_file_ref idref="fl-10"/>
      </object_component>
      <object_component id="oc-152">
         <name>.debug_info</name>
         <load_address>0xc8dd</load_address>
         <run_address>0xc8dd</run_address>
         <size>0x29a</size>
         <input_file_ref idref="fl-10"/>
      </object_component>
      <object_component id="oc-144">
         <name>.debug_info</name>
         <load_address>0xcb77</load_address>
         <run_address>0xcb77</run_address>
         <size>0x3d9</size>
         <input_file_ref idref="fl-10"/>
      </object_component>
      <object_component id="oc-117">
         <name>.debug_info</name>
         <load_address>0xcf50</load_address>
         <run_address>0xcf50</run_address>
         <size>0x242</size>
         <input_file_ref idref="fl-10"/>
      </object_component>
      <object_component id="oc-1ce">
         <name>.debug_info</name>
         <load_address>0xd192</load_address>
         <run_address>0xd192</run_address>
         <size>0x298</size>
         <input_file_ref idref="fl-11"/>
      </object_component>
      <object_component id="oc-1e4">
         <name>.debug_info</name>
         <load_address>0xd42a</load_address>
         <run_address>0xd42a</run_address>
         <size>0x14d</size>
         <input_file_ref idref="fl-11"/>
      </object_component>
      <object_component id="oc-7b">
         <name>.debug_info</name>
         <load_address>0xd577</load_address>
         <run_address>0xd577</run_address>
         <size>0x295</size>
         <input_file_ref idref="fl-11"/>
      </object_component>
      <object_component id="oc-75">
         <name>.debug_info</name>
         <load_address>0xd80c</load_address>
         <run_address>0xd80c</run_address>
         <size>0x27d</size>
         <input_file_ref idref="fl-11"/>
      </object_component>
      <object_component id="oc-120">
         <name>.debug_info</name>
         <load_address>0xda89</load_address>
         <run_address>0xda89</run_address>
         <size>0x2db</size>
         <input_file_ref idref="fl-11"/>
      </object_component>
      <object_component id="oc-93">
         <name>.debug_info</name>
         <load_address>0xdd64</load_address>
         <run_address>0xdd64</run_address>
         <size>0x2b5</size>
         <input_file_ref idref="fl-11"/>
      </object_component>
      <object_component id="oc-2cd">
         <name>.debug_info</name>
         <load_address>0xe019</load_address>
         <run_address>0xe019</run_address>
         <size>0x5f</size>
         <input_file_ref idref="fl-11"/>
      </object_component>
      <object_component id="oc-252">
         <name>.debug_info</name>
         <load_address>0xe078</load_address>
         <run_address>0xe078</run_address>
         <size>0x223</size>
         <input_file_ref idref="fl-12"/>
      </object_component>
      <object_component id="oc-162">
         <name>.debug_info</name>
         <load_address>0xe29b</load_address>
         <run_address>0xe29b</run_address>
         <size>0x2ba</size>
         <input_file_ref idref="fl-12"/>
      </object_component>
      <object_component id="oc-16e">
         <name>.debug_info</name>
         <load_address>0xe555</load_address>
         <run_address>0xe555</run_address>
         <size>0x294</size>
         <input_file_ref idref="fl-12"/>
      </object_component>
      <object_component id="oc-ee">
         <name>.debug_info</name>
         <load_address>0xe7e9</load_address>
         <run_address>0xe7e9</run_address>
         <size>0x292</size>
         <input_file_ref idref="fl-12"/>
      </object_component>
      <object_component id="oc-175">
         <name>.debug_info</name>
         <load_address>0xea7b</load_address>
         <run_address>0xea7b</run_address>
         <size>0x27f</size>
         <input_file_ref idref="fl-12"/>
      </object_component>
      <object_component id="oc-15c">
         <name>.debug_info</name>
         <load_address>0xecfa</load_address>
         <run_address>0xecfa</run_address>
         <size>0x28c</size>
         <input_file_ref idref="fl-12"/>
      </object_component>
      <object_component id="oc-20e">
         <name>.debug_info</name>
         <load_address>0xef86</load_address>
         <run_address>0xef86</run_address>
         <size>0x227</size>
         <input_file_ref idref="fl-13"/>
      </object_component>
      <object_component id="oc-ab">
         <name>.debug_info</name>
         <load_address>0xf1ad</load_address>
         <run_address>0xf1ad</run_address>
         <size>0x291</size>
         <input_file_ref idref="fl-13"/>
      </object_component>
      <object_component id="oc-e4">
         <name>.debug_info</name>
         <load_address>0xf43e</load_address>
         <run_address>0xf43e</run_address>
         <size>0x273</size>
         <input_file_ref idref="fl-13"/>
      </object_component>
      <object_component id="oc-de">
         <name>.debug_info</name>
         <load_address>0xf6b1</load_address>
         <run_address>0xf6b1</run_address>
         <size>0x263</size>
         <input_file_ref idref="fl-13"/>
      </object_component>
      <object_component id="oc-269">
         <name>.debug_info</name>
         <load_address>0xf914</load_address>
         <run_address>0xf914</run_address>
         <size>0x212</size>
         <input_file_ref idref="fl-14"/>
      </object_component>
      <object_component id="oc-244">
         <name>.debug_info</name>
         <load_address>0xfb26</load_address>
         <run_address>0xfb26</run_address>
         <size>0x2a9</size>
         <input_file_ref idref="fl-ca"/>
      </object_component>
      <object_component id="oc-ca">
         <name>.debug_info</name>
         <load_address>0xfdcf</load_address>
         <run_address>0xfdcf</run_address>
         <size>0x247</size>
         <input_file_ref idref="fl-ca"/>
      </object_component>
      <object_component id="oc-2fe">
         <name>.debug_info</name>
         <load_address>0x10016</load_address>
         <run_address>0x10016</run_address>
         <size>0x46</size>
         <input_file_ref idref="fl-ca"/>
      </object_component>
      <object_component id="oc-237">
         <name>.debug_info</name>
         <load_address>0x1005c</load_address>
         <run_address>0x1005c</run_address>
         <size>0x39</size>
         <input_file_ref idref="fl-ca"/>
      </object_component>
      <object_component id="oc-23c">
         <name>.debug_info</name>
         <load_address>0x10095</load_address>
         <run_address>0x10095</run_address>
         <size>0x2c5</size>
         <input_file_ref idref="fl-cb"/>
      </object_component>
      <object_component id="oc-c3">
         <name>.debug_info</name>
         <load_address>0x1035a</load_address>
         <run_address>0x1035a</run_address>
         <size>0x24e</size>
         <input_file_ref idref="fl-cb"/>
      </object_component>
      <object_component id="oc-343">
         <name>.debug_info</name>
         <load_address>0x105a8</load_address>
         <run_address>0x105a8</run_address>
         <size>0x2f2</size>
         <input_file_ref idref="fl-cc"/>
      </object_component>
      <object_component id="oc-30b">
         <name>.debug_info</name>
         <load_address>0x1089a</load_address>
         <run_address>0x1089a</run_address>
         <size>0x131</size>
         <input_file_ref idref="fl-cc"/>
      </object_component>
      <object_component id="oc-23e">
         <name>.debug_info</name>
         <load_address>0x109cb</load_address>
         <run_address>0x109cb</run_address>
         <size>0x4ac</size>
         <input_file_ref idref="fl-cc"/>
      </object_component>
      <object_component id="oc-10e">
         <name>.debug_info</name>
         <load_address>0x10e77</load_address>
         <run_address>0x10e77</run_address>
         <size>0x14c</size>
         <input_file_ref idref="fl-cd"/>
      </object_component>
      <object_component id="oc-307">
         <name>.debug_info</name>
         <load_address>0x10fc3</load_address>
         <run_address>0x10fc3</run_address>
         <size>0x12a</size>
         <input_file_ref idref="fl-ce"/>
      </object_component>
      <object_component id="oc-d4">
         <name>.debug_info</name>
         <load_address>0x110ed</load_address>
         <run_address>0x110ed</run_address>
         <size>0x13a</size>
         <input_file_ref idref="fl-cf"/>
      </object_component>
      <object_component id="oc-d0">
         <name>.debug_info</name>
         <load_address>0x11227</load_address>
         <run_address>0x11227</run_address>
         <size>0x13a</size>
         <input_file_ref idref="fl-d0"/>
      </object_component>
      <object_component id="oc-db">
         <name>.debug_info</name>
         <load_address>0x11361</load_address>
         <run_address>0x11361</run_address>
         <size>0x13e</size>
         <input_file_ref idref="fl-d1"/>
      </object_component>
      <object_component id="oc-c0">
         <name>.debug_info</name>
         <load_address>0x1149f</load_address>
         <run_address>0x1149f</run_address>
         <size>0x12c</size>
         <input_file_ref idref="fl-d2"/>
      </object_component>
      <object_component id="oc-219">
         <name>.debug_info</name>
         <load_address>0x115cb</load_address>
         <run_address>0x115cb</run_address>
         <size>0x142</size>
         <input_file_ref idref="fl-d3"/>
      </object_component>
      <object_component id="oc-1af">
         <name>.debug_info</name>
         <load_address>0x1170d</load_address>
         <run_address>0x1170d</run_address>
         <size>0x2d4</size>
         <input_file_ref idref="fl-d4"/>
      </object_component>
      <object_component id="oc-4f">
         <name>.debug_info</name>
         <load_address>0x119e1</load_address>
         <run_address>0x119e1</run_address>
         <size>0x1d2</size>
         <input_file_ref idref="fl-d4"/>
      </object_component>
      <object_component id="oc-1aa">
         <name>.debug_info</name>
         <load_address>0x11bb3</load_address>
         <run_address>0x11bb3</run_address>
         <size>0x46</size>
         <input_file_ref idref="fl-d4"/>
      </object_component>
      <object_component id="oc-284">
         <name>.debug_info</name>
         <load_address>0x11bf9</load_address>
         <run_address>0x11bf9</run_address>
         <size>0x2c</size>
         <input_file_ref idref="fl-d4"/>
      </object_component>
      <object_component id="oc-4c">
         <name>.debug_info</name>
         <load_address>0x11c25</load_address>
         <run_address>0x11c25</run_address>
         <size>0x2a8</size>
         <input_file_ref idref="fl-d5"/>
      </object_component>
      <object_component id="oc-1c">
         <name>.debug_info</name>
         <load_address>0x11ecd</load_address>
         <run_address>0x11ecd</run_address>
         <size>0x1ea</size>
         <input_file_ref idref="fl-d5"/>
      </object_component>
      <object_component id="oc-47">
         <name>.debug_info</name>
         <load_address>0x120b7</load_address>
         <run_address>0x120b7</run_address>
         <size>0x46</size>
         <input_file_ref idref="fl-d5"/>
      </object_component>
      <object_component id="oc-1a2">
         <name>.debug_info</name>
         <load_address>0x120fd</load_address>
         <run_address>0x120fd</run_address>
         <size>0x2c</size>
         <input_file_ref idref="fl-d5"/>
      </object_component>
      <object_component id="oc-1a0">
         <name>.debug_info</name>
         <load_address>0x12129</load_address>
         <run_address>0x12129</run_address>
         <size>0x29e</size>
         <input_file_ref idref="fl-d6"/>
      </object_component>
      <object_component id="oc-18">
         <name>.debug_info</name>
         <load_address>0x123c7</load_address>
         <run_address>0x123c7</run_address>
         <size>0x250</size>
         <input_file_ref idref="fl-d6"/>
      </object_component>
      <object_component id="oc-37">
         <name>.debug_info</name>
         <load_address>0x12617</load_address>
         <run_address>0x12617</run_address>
         <size>0x60</size>
         <input_file_ref idref="fl-d6"/>
      </object_component>
      <object_component id="oc-27d">
         <name>.debug_info</name>
         <load_address>0x12677</load_address>
         <run_address>0x12677</run_address>
         <size>0x46</size>
         <input_file_ref idref="fl-d6"/>
      </object_component>
      <object_component id="oc-19b">
         <name>.debug_info</name>
         <load_address>0x126bd</load_address>
         <run_address>0x126bd</run_address>
         <size>0x39</size>
         <input_file_ref idref="fl-d6"/>
      </object_component>
      <object_component id="oc-2fd">
         <name>.debug_info</name>
         <load_address>0x126f6</load_address>
         <run_address>0x126f6</run_address>
         <size>0x289</size>
         <input_file_ref idref="fl-d7"/>
      </object_component>
      <object_component id="oc-2fa">
         <name>.debug_info</name>
         <load_address>0x1297f</load_address>
         <run_address>0x1297f</run_address>
         <size>0x10e</size>
         <input_file_ref idref="fl-d7"/>
      </object_component>
      <object_component id="oc-232">
         <name>.debug_info</name>
         <load_address>0x12a8d</load_address>
         <run_address>0x12a8d</run_address>
         <size>0x14e</size>
         <input_file_ref idref="fl-d7"/>
      </object_component>
      <object_component id="oc-25">
         <name>.debug_info</name>
         <load_address>0x12bdb</load_address>
         <run_address>0x12bdb</run_address>
         <size>0x10b</size>
         <input_file_ref idref="fl-d8"/>
      </object_component>
      <object_component id="oc-60">
         <name>.debug_info</name>
         <load_address>0x12ce6</load_address>
         <run_address>0x12ce6</run_address>
         <size>0x1a9</size>
         <input_file_ref idref="fl-d8"/>
      </object_component>
      <object_component id="oc-2e9">
         <name>.debug_info</name>
         <load_address>0x12e8f</load_address>
         <run_address>0x12e8f</run_address>
         <size>0x115</size>
         <input_file_ref idref="fl-d9"/>
      </object_component>
      <object_component id="oc-44">
         <name>.debug_info</name>
         <load_address>0x12fa4</load_address>
         <run_address>0x12fa4</run_address>
         <size>0x119</size>
         <input_file_ref idref="fl-da"/>
      </object_component>
      <object_component id="oc-326">
         <name>.debug_info</name>
         <load_address>0x130bd</load_address>
         <run_address>0x130bd</run_address>
         <size>0x4b3</size>
         <input_file_ref idref="fl-dc"/>
      </object_component>
      <object_component id="oc-29c">
         <name>.debug_info</name>
         <load_address>0x13570</load_address>
         <run_address>0x13570</run_address>
         <size>0x1a6</size>
         <input_file_ref idref="fl-dc"/>
      </object_component>
      <object_component id="oc-355">
         <name>.debug_info</name>
         <load_address>0x13716</load_address>
         <run_address>0x13716</run_address>
         <size>0x39</size>
         <input_file_ref idref="fl-dc"/>
      </object_component>
      <object_component id="oc-36b">
         <name>.debug_info</name>
         <load_address>0x1374f</load_address>
         <run_address>0x1374f</run_address>
         <size>0x39</size>
         <input_file_ref idref="fl-dc"/>
      </object_component>
      <object_component id="oc-35a">
         <name>.debug_info</name>
         <load_address>0x13788</load_address>
         <run_address>0x13788</run_address>
         <size>0x39</size>
         <input_file_ref idref="fl-dc"/>
      </object_component>
      <object_component id="oc-35f">
         <name>.debug_info</name>
         <load_address>0x137c1</load_address>
         <run_address>0x137c1</run_address>
         <size>0xcd</size>
         <input_file_ref idref="fl-dc"/>
      </object_component>
      <object_component id="oc-1b7">
         <name>.debug_info</name>
         <load_address>0x1388e</load_address>
         <run_address>0x1388e</run_address>
         <size>0x153</size>
         <input_file_ref idref="fl-dd"/>
      </object_component>
      <object_component id="oc-28e">
         <name>.debug_info</name>
         <load_address>0x139e1</load_address>
         <run_address>0x139e1</run_address>
         <size>0x122</size>
         <input_file_ref idref="fl-df"/>
      </object_component>
      <object_component id="oc-3a6">
         <name>.debug_info</name>
         <load_address>0x13b03</load_address>
         <run_address>0x13b03</run_address>
         <size>0xae</size>
      </object_component>
      <object_component id="oc-195">
         <name>.debug_line</name>
         <load_address>0x0</load_address>
         <run_address>0x0</run_address>
         <size>0x43</size>
         <input_file_ref idref="fl-2"/>
      </object_component>
      <object_component id="oc-34">
         <name>.debug_line</name>
         <load_address>0x43</load_address>
         <run_address>0x43</run_address>
         <size>0x43</size>
         <input_file_ref idref="fl-2"/>
      </object_component>
      <object_component id="oc-29">
         <name>.debug_line</name>
         <load_address>0x86</load_address>
         <run_address>0x86</run_address>
         <size>0xa3</size>
         <input_file_ref idref="fl-2"/>
      </object_component>
      <object_component id="oc-199">
         <name>.debug_line</name>
         <load_address>0x129</load_address>
         <run_address>0x129</run_address>
         <size>0x6f</size>
         <input_file_ref idref="fl-2"/>
      </object_component>
      <object_component id="oc-3f">
         <name>.debug_line</name>
         <load_address>0x198</load_address>
         <run_address>0x198</run_address>
         <size>0x20</size>
         <input_file_ref idref="fl-2"/>
      </object_component>
      <object_component id="oc-27b">
         <name>.debug_line</name>
         <load_address>0x1b8</load_address>
         <run_address>0x1b8</run_address>
         <size>0x73</size>
         <input_file_ref idref="fl-2"/>
      </object_component>
      <object_component id="oc-188">
         <name>.debug_line</name>
         <load_address>0x22b</load_address>
         <run_address>0x22b</run_address>
         <size>0x6f</size>
         <input_file_ref idref="fl-2"/>
      </object_component>
      <object_component id="oc-192">
         <name>.debug_line</name>
         <load_address>0x29a</load_address>
         <run_address>0x29a</run_address>
         <size>0x70</size>
         <input_file_ref idref="fl-2"/>
      </object_component>
      <object_component id="oc-2df">
         <name>.debug_line</name>
         <load_address>0x30a</load_address>
         <run_address>0x30a</run_address>
         <size>0x5b</size>
         <input_file_ref idref="fl-3"/>
      </object_component>
      <object_component id="oc-1f9">
         <name>.debug_line</name>
         <load_address>0x365</load_address>
         <run_address>0x365</run_address>
         <size>0x72</size>
         <input_file_ref idref="fl-3"/>
      </object_component>
      <object_component id="oc-1fd">
         <name>.debug_line</name>
         <load_address>0x3d7</load_address>
         <run_address>0x3d7</run_address>
         <size>0x72</size>
         <input_file_ref idref="fl-3"/>
      </object_component>
      <object_component id="oc-207">
         <name>.debug_line</name>
         <load_address>0x449</load_address>
         <run_address>0x449</run_address>
         <size>0x72</size>
         <input_file_ref idref="fl-3"/>
      </object_component>
      <object_component id="oc-a2">
         <name>.debug_line</name>
         <load_address>0x4bb</load_address>
         <run_address>0x4bb</run_address>
         <size>0x5bc</size>
         <input_file_ref idref="fl-3"/>
      </object_component>
      <object_component id="oc-24f">
         <name>.debug_line</name>
         <load_address>0xa77</load_address>
         <run_address>0xa77</run_address>
         <size>0x5a</size>
         <input_file_ref idref="fl-3"/>
      </object_component>
      <object_component id="oc-183">
         <name>.debug_line</name>
         <load_address>0xad1</load_address>
         <run_address>0xad1</run_address>
         <size>0x20</size>
         <input_file_ref idref="fl-3"/>
      </object_component>
      <object_component id="oc-24b">
         <name>.debug_line</name>
         <load_address>0xaf1</load_address>
         <run_address>0xaf1</run_address>
         <size>0x283</size>
         <input_file_ref idref="fl-4"/>
      </object_component>
      <object_component id="oc-25e">
         <name>.debug_line</name>
         <load_address>0xd74</load_address>
         <run_address>0xd74</run_address>
         <size>0x2d</size>
         <input_file_ref idref="fl-4"/>
      </object_component>
      <object_component id="oc-2e">
         <name>.debug_line</name>
         <load_address>0xda1</load_address>
         <run_address>0xda1</run_address>
         <size>0x1e2</size>
         <input_file_ref idref="fl-4"/>
      </object_component>
      <object_component id="oc-18d">
         <name>.debug_line</name>
         <load_address>0xf83</load_address>
         <run_address>0xf83</run_address>
         <size>0x30</size>
         <input_file_ref idref="fl-4"/>
      </object_component>
      <object_component id="oc-225">
         <name>.debug_line</name>
         <load_address>0xfb3</load_address>
         <run_address>0xfb3</run_address>
         <size>0x6b</size>
         <input_file_ref idref="fl-4"/>
      </object_component>
      <object_component id="oc-2f8">
         <name>.debug_line</name>
         <load_address>0x101e</load_address>
         <run_address>0x101e</run_address>
         <size>0x5a</size>
         <input_file_ref idref="fl-5"/>
      </object_component>
      <object_component id="oc-2f4">
         <name>.debug_line</name>
         <load_address>0x1078</load_address>
         <run_address>0x1078</run_address>
         <size>0x30</size>
         <input_file_ref idref="fl-5"/>
      </object_component>
      <object_component id="oc-2f6">
         <name>.debug_line</name>
         <load_address>0x10a8</load_address>
         <run_address>0x10a8</run_address>
         <size>0x30</size>
         <input_file_ref idref="fl-5"/>
      </object_component>
      <object_component id="oc-bb">
         <name>.debug_line</name>
         <load_address>0x10d8</load_address>
         <run_address>0x10d8</run_address>
         <size>0x240</size>
         <input_file_ref idref="fl-5"/>
      </object_component>
      <object_component id="oc-2f2">
         <name>.debug_line</name>
         <load_address>0x1318</load_address>
         <run_address>0x1318</run_address>
         <size>0x20</size>
         <input_file_ref idref="fl-6"/>
      </object_component>
      <object_component id="oc-2e5">
         <name>.debug_line</name>
         <load_address>0x1338</load_address>
         <run_address>0x1338</run_address>
         <size>0x32</size>
         <input_file_ref idref="fl-6"/>
      </object_component>
      <object_component id="oc-2f0">
         <name>.debug_line</name>
         <load_address>0x136a</load_address>
         <run_address>0x136a</run_address>
         <size>0x32</size>
         <input_file_ref idref="fl-6"/>
      </object_component>
      <object_component id="oc-2e7">
         <name>.debug_line</name>
         <load_address>0x139c</load_address>
         <run_address>0x139c</run_address>
         <size>0x32</size>
         <input_file_ref idref="fl-6"/>
      </object_component>
      <object_component id="oc-2e3">
         <name>.debug_line</name>
         <load_address>0x13ce</load_address>
         <run_address>0x13ce</run_address>
         <size>0x32</size>
         <input_file_ref idref="fl-6"/>
      </object_component>
      <object_component id="oc-b5">
         <name>.debug_line</name>
         <load_address>0x1400</load_address>
         <run_address>0x1400</run_address>
         <size>0x280</size>
         <input_file_ref idref="fl-6"/>
      </object_component>
      <object_component id="oc-313">
         <name>.debug_line</name>
         <load_address>0x1680</load_address>
         <run_address>0x1680</run_address>
         <size>0xde</size>
         <input_file_ref idref="fl-c"/>
      </object_component>
      <object_component id="oc-133">
         <name>.debug_line</name>
         <load_address>0x175e</load_address>
         <run_address>0x175e</run_address>
         <size>0xa7</size>
         <input_file_ref idref="fl-c"/>
      </object_component>
      <object_component id="oc-139">
         <name>.debug_line</name>
         <load_address>0x1805</load_address>
         <run_address>0x1805</run_address>
         <size>0x91</size>
         <input_file_ref idref="fl-c"/>
      </object_component>
      <object_component id="oc-107">
         <name>.debug_line</name>
         <load_address>0x1896</load_address>
         <run_address>0x1896</run_address>
         <size>0x9c</size>
         <input_file_ref idref="fl-c"/>
      </object_component>
      <object_component id="oc-12f">
         <name>.debug_line</name>
         <load_address>0x1932</load_address>
         <run_address>0x1932</run_address>
         <size>0xa4</size>
         <input_file_ref idref="fl-c"/>
      </object_component>
      <object_component id="oc-f8">
         <name>.debug_line</name>
         <load_address>0x19d6</load_address>
         <run_address>0x19d6</run_address>
         <size>0x91</size>
         <input_file_ref idref="fl-c"/>
      </object_component>
      <object_component id="oc-fe">
         <name>.debug_line</name>
         <load_address>0x1a67</load_address>
         <run_address>0x1a67</run_address>
         <size>0x9b</size>
         <input_file_ref idref="fl-c"/>
      </object_component>
      <object_component id="oc-104">
         <name>.debug_line</name>
         <load_address>0x1b02</load_address>
         <run_address>0x1b02</run_address>
         <size>0x91</size>
         <input_file_ref idref="fl-c"/>
      </object_component>
      <object_component id="oc-1cc">
         <name>.debug_line</name>
         <load_address>0x1b93</load_address>
         <run_address>0x1b93</run_address>
         <size>0x69</size>
         <input_file_ref idref="fl-c"/>
      </object_component>
      <object_component id="oc-2d5">
         <name>.debug_line</name>
         <load_address>0x1bfc</load_address>
         <run_address>0x1bfc</run_address>
         <size>0x82</size>
         <input_file_ref idref="fl-d"/>
      </object_component>
      <object_component id="oc-2d3">
         <name>.debug_line</name>
         <load_address>0x1c7e</load_address>
         <run_address>0x1c7e</run_address>
         <size>0x7d</size>
         <input_file_ref idref="fl-d"/>
      </object_component>
      <object_component id="oc-1d6">
         <name>.debug_line</name>
         <load_address>0x1cfb</load_address>
         <run_address>0x1cfb</run_address>
         <size>0x95</size>
         <input_file_ref idref="fl-d"/>
      </object_component>
      <object_component id="oc-1dc">
         <name>.debug_line</name>
         <load_address>0x1d90</load_address>
         <run_address>0x1d90</run_address>
         <size>0xd1</size>
         <input_file_ref idref="fl-d"/>
      </object_component>
      <object_component id="oc-a5">
         <name>.debug_line</name>
         <load_address>0x1e61</load_address>
         <run_address>0x1e61</run_address>
         <size>0x93</size>
         <input_file_ref idref="fl-d"/>
      </object_component>
      <object_component id="oc-13e">
         <name>.debug_line</name>
         <load_address>0x1ef4</load_address>
         <run_address>0x1ef4</run_address>
         <size>0x93</size>
         <input_file_ref idref="fl-d"/>
      </object_component>
      <object_component id="oc-87">
         <name>.debug_line</name>
         <load_address>0x1f87</load_address>
         <run_address>0x1f87</run_address>
         <size>0x93</size>
         <input_file_ref idref="fl-d"/>
      </object_component>
      <object_component id="oc-8d">
         <name>.debug_line</name>
         <load_address>0x201a</load_address>
         <run_address>0x201a</run_address>
         <size>0x93</size>
         <input_file_ref idref="fl-d"/>
      </object_component>
      <object_component id="oc-126">
         <name>.debug_line</name>
         <load_address>0x20ad</load_address>
         <run_address>0x20ad</run_address>
         <size>0x93</size>
         <input_file_ref idref="fl-d"/>
      </object_component>
      <object_component id="oc-81">
         <name>.debug_line</name>
         <load_address>0x2140</load_address>
         <run_address>0x2140</run_address>
         <size>0xa7</size>
         <input_file_ref idref="fl-d"/>
      </object_component>
      <object_component id="oc-2dc">
         <name>.debug_line</name>
         <load_address>0x21e7</load_address>
         <run_address>0x21e7</run_address>
         <size>0x82</size>
         <input_file_ref idref="fl-e"/>
      </object_component>
      <object_component id="oc-1eb">
         <name>.debug_line</name>
         <load_address>0x2269</load_address>
         <run_address>0x2269</run_address>
         <size>0x91</size>
         <input_file_ref idref="fl-e"/>
      </object_component>
      <object_component id="oc-9c">
         <name>.debug_line</name>
         <load_address>0x22fa</load_address>
         <run_address>0x22fa</run_address>
         <size>0xa5</size>
         <input_file_ref idref="fl-e"/>
      </object_component>
      <object_component id="oc-31a">
         <name>.debug_line</name>
         <load_address>0x239f</load_address>
         <run_address>0x239f</run_address>
         <size>0x7c</size>
         <input_file_ref idref="fl-f"/>
      </object_component>
      <object_component id="oc-318">
         <name>.debug_line</name>
         <load_address>0x241b</load_address>
         <run_address>0x241b</run_address>
         <size>0x82</size>
         <input_file_ref idref="fl-f"/>
      </object_component>
      <object_component id="oc-1f4">
         <name>.debug_line</name>
         <load_address>0x249d</load_address>
         <run_address>0x249d</run_address>
         <size>0x97</size>
         <input_file_ref idref="fl-f"/>
      </object_component>
      <object_component id="oc-159">
         <name>.debug_line</name>
         <load_address>0x2534</load_address>
         <run_address>0x2534</run_address>
         <size>0x97</size>
         <input_file_ref idref="fl-f"/>
      </object_component>
      <object_component id="oc-16b">
         <name>.debug_line</name>
         <load_address>0x25cb</load_address>
         <run_address>0x25cb</run_address>
         <size>0xc2</size>
         <input_file_ref idref="fl-f"/>
      </object_component>
      <object_component id="oc-315">
[...]
      <symbol id="sm-5c">
         <name>g_pfnVectors</name>
         <value>0x0</value>
         <object_component_ref idref="oc-12"/>
      </symbol>
      <symbol id="sm-129">
         <name>I2CMWrite8</name>
         <value>0xd3d</value>
         <object_component_ref idref="oc-9e"/>
      </symbol>
      <symbol id="sm-12a">
         <name>I2CMRead16BE</name>
         <value>0xe09</value>
         <object_component_ref idref="oc-9e"/>
      </symbol>
      <symbol id="sm-12b">
         <name>I2CMWrite16BE</name>
         <value>0xecf</value>
         <object_component_ref idref="oc-9e"/>
      </symbol>
      <symbol id="sm-12c">
         <name>I2CMCommand</name>
         <value>0x923</value>
         <object_component_ref idref="oc-9e"/>
      </symbol>
      <symbol id="sm-12d">
         <name>I2CMReadModifyWrite16LE</name>
         <value>0xc2d</value>
         <object_component_ref idref="oc-9e"/>
      </symbol>
      <symbol id="sm-12e">
         <name>I2CMWrite</name>
         <value>0x33bf</value>
         <object_component_ref idref="oc-1f5"/>
      </symbol>
      <symbol id="sm-12f">
         <name>I2CMInit</name>
         <value>0x8bb</value>
         <object_component_ref idref="oc-9e"/>
      </symbol>
      <symbol id="sm-130">
         <name>I2CMReadModifyWrite8</name>
         <value>0xadd</value>
         <object_component_ref idref="oc-9e"/>
      </symbol>
      <symbol id="sm-131">
         <name>I2CMWriteBatched</name>
         <value>0x33f5</value>
         <object_component_ref idref="oc-203"/>
      </symbol>
      <symbol id="sm-132">
         <name>I2CMRead</name>
         <value>0x3389</value>
         <object_component_ref idref="oc-1fc"/>
      </symbol>
      <symbol id="sm-133">
         <name>I2CMTransferResume</name>
         <value>0xa07</value>
         <object_component_ref idref="oc-9e"/>
      </symbol>
      <symbol id="sm-134">
         <name>I2CMIntHandler</name>
         <value>0x78f</value>
         <object_component_ref idref="oc-9e"/>
      </symbol>
      <symbol id="sm-1ad">
         <name>dato</name>
         <value>0x20000334</value>
      </symbol>
      <symbol id="sm-1ae">
         <name>valor</name>
         <value>0x20000336</value>
      </symbol>
      <symbol id="sm-1af">
         <name>e_k</name>
         <value>0x20000328</value>
      </symbol>
      <symbol id="sm-1b0">
         <name>eD</name>
         <value>0x20000324</value>
      </symbol>
      <symbol id="sm-1b1">
         <name>u_k</name>
         <value>0x2000032c</value>
      </symbol>
      <symbol id="sm-1b2">
         <name>u_k2</name>
         <value>0x20000330</value>
      </symbol>
      <symbol id="sm-1b3">
         <name>g_bMPU6050Done</name>
         <value>0x20000338</value>
      </symbol>
      <symbol id="sm-1b4">
         <name>g_sI2CMSimpleInst</name>
         <value>0x20000200</value>
      </symbol>
      <symbol id="sm-1b5">
         <name>e_k_1</name>
         <value>0x2000033c</value>
         <object_component_ref idref="oc-11c"/>
      </symbol>
      <symbol id="sm-1b6">
         <name>referencia</name>
         <value>0x20000350</value>
         <object_component_ref idref="oc-11c"/>
      </symbol>
      <symbol id="sm-1b7">
         <name>MPU6050Example</name>
         <value>0x1029</value>
         <object_component_ref idref="oc-2d"/>
      </symbol>
      <symbol id="sm-1b8">
         <name>z</name>
         <value>0x20000360</value>
         <object_component_ref idref="oc-11c"/>
      </symbol>
      <symbol id="sm-1b9">
         <name>y</name>
         <value>0x2000035c</value>
         <object_component_ref idref="oc-11c"/>
      </symbol>
      <symbol id="sm-1ba">
         <name>x</name>
         <value>0x20000358</value>
         <object_component_ref idref="oc-11c"/>
      </symbol>
      <symbol id="sm-1bb">
         <name>MPU6050Callback</name>
         <value>0xff9</value>
         <object_component_ref idref="oc-2d"/>
      </symbol>
      <symbol id="sm-1bc">
         <name>main</name>
         <value>0x1495</value>
         <object_component_ref idref="oc-2d"/>
      </symbol>
      <symbol id="sm-1bd">
         <name>InitI2C0</name>
         <value>0xf45</value>
         <object_component_ref idref="oc-2d"/>
      </symbol>
      <symbol id="sm-1be">
         <name>ConfigureUART</name>
         <value>0xfa1</value>
         <object_component_ref idref="oc-2d"/>
      </symbol>
      <symbol id="sm-1bf">
         <name>delayMS</name>
         <value>0xfdd</value>
         <object_component_ref idref="oc-2d"/>
      </symbol>
      <symbol id="sm-1c0">
         <name>freq_muestreo</name>
         <value>0x20000364</value>
         <object_component_ref idref="oc-11c"/>
      </symbol>
      <symbol id="sm-1c1">
         <name>InitConsole</name>
         <value>0x144d</value>
         <object_component_ref idref="oc-2d"/>
      </symbol>
      <symbol id="sm-1c2">
         <name>kP</name>
         <value>0x20000344</value>
         <object_component_ref idref="oc-11c"/>
      </symbol>
      <symbol id="sm-1c3">
         <name>kI</name>
         <value>0x20000348</value>
         <object_component_ref idref="oc-11c"/>
      </symbol>
      <symbol id="sm-1c4">
         <name>kD</name>
         <value>0x2000034c</value>
         <object_component_ref idref="oc-11c"/>
      </symbol>
      <symbol id="sm-1c5">
         <name>I2CMSimpleIntHandler</name>
         <value>0x100b</value>
         <object_component_ref idref="oc-2d"/>
      </symbol>
      <symbol id="sm-1c6">
         <name>mat</name>
         <value>0x20000354</value>
         <object_component_ref idref="oc-11c"/>
      </symbol>
      <symbol id="sm-1c7">
         <name>Timer0IntHandler</name>
         <value>0x129d</value>
         <object_component_ref idref="oc-2d"/>
      </symbol>
      <symbol id="sm-1c8">
         <name>E_k</name>
         <value>0x20000340</value>
         <object_component_ref idref="oc-11c"/>
      </symbol>
      <symbol id="sm-21f">
         <name>MPU6050DataAccelGetRaw</name>
         <value>0x1a31</value>
         <object_component_ref idref="oc-b7"/>
      </symbol>
      <symbol id="sm-220">
         <name>MPU6050DataGyroGetRaw</name>
         <value>0x1b11</value>
         <object_component_ref idref="oc-b7"/>
      </symbol>
      <symbol id="sm-221">
         <name>MPU6050DataGyroGetFloat</name>
         <value>0x1b61</value>
         <object_component_ref idref="oc-b7"/>
      </symbol>
      <symbol id="sm-222">
         <name>MPU6050Write</name>
         <value>0x18a5</value>
         <object_component_ref idref="oc-b7"/>
      </symbol>
      <symbol id="sm-223">
         <name>MPU6050DataAccelGetFloat</name>
         <value>0x1a7d</value>
         <object_component_ref idref="oc-b7"/>
      </symbol>
      <symbol id="sm-224">
         <name>MPU6050DataRead</name>
         <value>0x19cd</value>
         <object_component_ref idref="oc-b7"/>
      </symbol>
      <symbol id="sm-225">
         <name>MPU6050Init</name>
         <value>0x17b7</value>
         <object_component_ref idref="oc-b7"/>
      </symbol>
      <symbol id="sm-226">
         <name>MPU6050Read</name>
         <value>0x1839</value>
         <object_component_ref idref="oc-b7"/>
      </symbol>
      <symbol id="sm-227">
         <name>MPU6050ReadModifyWrite</name>
         <value>0x196f</value>
         <object_component_ref idref="oc-b7"/>
      </symbol>
      <symbol id="sm-298">
         <name>UARTgetc</name>
         <value>0x1d75</value>
         <object_component_ref idref="oc-b0"/>
      </symbol>
      <symbol id="sm-299">
         <name>UARTgets</name>
         <value>0x1caf</value>
         <object_component_ref idref="oc-b0"/>
      </symbol>
      <symbol id="sm-29a">
         <name>UARTStdioConfig</name>
         <value>0x1bfd</value>
         <object_component_ref idref="oc-b0"/>
      </symbol>
      <symbol id="sm-29b">
         <name>UARTwrite</name>
         <value>0x1c5d</value>
         <object_component_ref idref="oc-b0"/>
      </symbol>
      <symbol id="sm-29c">
         <name>UARTprintf</name>
         <value>0x20a3</value>
         <object_component_ref idref="oc-b0"/>
      </symbol>
      <symbol id="sm-29d">
         <name>UARTvprintf</name>
         <value>0x1da9</value>
         <object_component_ref idref="oc-b0"/>
      </symbol>
      <symbol id="sm-2e8">
         <name>ADCProcessorTrigger</name>
         <value>0x3527</value>
         <object_component_ref idref="oc-f3"/>
      </symbol>
      <symbol id="sm-2e9">
         <name>ADCSequenceEnable</name>
         <value>0x35cd</value>
         <object_component_ref idref="oc-137"/>
      </symbol>
      <symbol id="sm-2ea">
         <name>ADCSequenceConfigure</name>
         <value>0x315d</value>
         <object_component_ref idref="oc-12b"/>
      </symbol>
      <symbol id="sm-2eb">
         <name>ADCSequenceStepConfigure</name>
         <value>0x2f43</value>
         <object_component_ref idref="oc-131"/>
      </symbol>
      <symbol id="sm-2ec">
         <name>ADCIntClear</name>
         <value>0x3629</value>
         <object_component_ref idref="oc-ff"/>
      </symbol>
      <symbol id="sm-2ed">
         <name>ADCIntStatus</name>
         <value>0x3495</value>
         <object_component_ref idref="oc-f9"/>
      </symbol>
      <symbol id="sm-2ee">
         <name>ADCSequenceDataGet</name>
         <value>0x34ed</value>
         <object_component_ref idref="oc-105"/>
      </symbol>
      <symbol id="sm-340">
         <name>GPIOPinConfigure</name>
         <value>0x3249</value>
         <object_component_ref idref="oc-80"/>
      </symbol>
      <symbol id="sm-341">
         <name>GPIOPinTypeI2CSCL</name>
         <value>0x3563</value>
         <object_component_ref idref="oc-86"/>
      </symbol>
      <symbol id="sm-342">
         <name>GPIOPinTypeI2C</name>
         <value>0x3551</value>
         <object_component_ref idref="oc-8c"/>
      </symbol>
      <symbol id="sm-343">
         <name>GPIOPinTypeADC</name>
         <value>0x353f</value>
         <object_component_ref idref="oc-125"/>
      </symbol>
      <symbol id="sm-344">
         <name>GPIOPinTypeUART</name>
         <value>0x3587</value>
         <object_component_ref idref="oc-a4"/>
      </symbol>
      <symbol id="sm-345">
         <name>GPIODirModeSet</name>
         <value>0x34c3</value>
         <object_component_ref idref="oc-1d5"/>
      </symbol>
      <symbol id="sm-346">
         <name>GPIOPadConfigSet</name>
         <value>0x29ef</value>
         <object_component_ref idref="oc-1db"/>
      </symbol>
      <symbol id="sm-347">
         <name>GPIOPinTypeSSI</name>
         <value>0x3575</value>
         <object_component_ref idref="oc-13d"/>
      </symbol>
      <symbol id="sm-360">
         <name>I2CMasterInitExpClk</name>
         <value>0x31fd</value>
         <object_component_ref idref="oc-98"/>
      </symbol>
      <symbol id="sm-361">
         <name>I2CMasterEnable</name>
         <value>0x3633</value>
         <object_component_ref idref="oc-1e7"/>
      </symbol>
      <symbol id="sm-39b">
         <name>IntEnable</name>
         <value>0x302d</value>
         <object_component_ref idref="oc-167"/>
      </symbol>
      <symbol id="sm-39c">
         <name>IntTrigger</name>
         <value>0x3611</value>
         <object_component_ref idref="oc-1ef"/>
      </symbol>
      <symbol id="sm-39d">
         <name>IntMasterEnable</name>
         <value>0x35bd</value>
         <object_component_ref idref="oc-155"/>
      </symbol>
      <symbol id="sm-3cd">
         <name>SSIDataPut</name>
         <value>0x363d</value>
         <object_component_ref idref="oc-110"/>
      </symbol>
      <symbol id="sm-3ce">
         <name>SSIDataGetNonBlocking</name>
         <value>0x3599</value>
         <object_component_ref idref="oc-14f"/>
      </symbol>
      <symbol id="sm-3cf">
         <name>SSIConfigSetExpClk</name>
         <value>0x3315</value>
         <object_component_ref idref="oc-143"/>
      </symbol>
      <symbol id="sm-3d0">
         <name>SSIEnable</name>
         <value>0x3647</value>
         <object_component_ref idref="oc-149"/>
      </symbol>
      <symbol id="sm-3d1">
         <name>SSIBusy</name>
         <value>0x365b</value>
         <object_component_ref idref="oc-116"/>
      </symbol>
      <symbol id="sm-42f">
         <name>SysCtlClockSet</name>
         <value>0x2d2d</value>
         <object_component_ref idref="oc-11f"/>
      </symbol>
      <symbol id="sm-430">
         <name>SysCtlDelay</name>
         <value>0x3675</value>
         <object_component_ref idref="oc-b6"/>
      </symbol>
      <symbol id="sm-431">
         <name>SysCtlPeripheralEnable</name>
         <value>0x342d</value>
         <object_component_ref idref="oc-74"/>
      </symbol>
      <symbol id="sm-432">
         <name>SysCtlClockGet</name>
         <value>0x2b21</value>
         <object_component_ref idref="oc-92"/>
      </symbol>
      <symbol id="sm-433">
         <name>SysCtlPeripheralReset</name>
         <value>0x31ad</value>
         <object_component_ref idref="oc-7a"/>
      </symbol>
      <symbol id="sm-467">
         <name>TimerLoadSet</name>
         <value>0x35ab</value>
         <object_component_ref idref="oc-161"/>
      </symbol>
      <symbol id="sm-468">
         <name>TimerEnable</name>
         <value>0x35db</value>
         <object_component_ref idref="oc-173"/>
      </symbol>
      <symbol id="sm-469">
         <name>TimerIntEnable</name>
         <value>0x3663</value>
         <object_component_ref idref="oc-16d"/>
      </symbol>
      <symbol id="sm-46a">
         <name>TimerConfigure</name>
         <value>0x30fd</value>
         <object_component_ref idref="oc-15b"/>
      </symbol>
      <symbol id="sm-46b">
         <name>TimerIntClear</name>
         <value>0x3681</value>
         <object_component_ref idref="oc-ed"/>
      </symbol>
      <symbol id="sm-489">
         <name>UARTCharGetNonBlocking</name>
         <value>0x35e9</value>
         <object_component_ref idref="oc-dd"/>
      </symbol>
      <symbol id="sm-48a">
         <name>UARTClockSourceSet</name>
         <value>0x367b</value>
         <object_component_ref idref="oc-aa"/>
      </symbol>
      <symbol id="sm-48b">
         <name>UARTCharPut</name>
         <value>0x3651</value>
         <object_component_ref idref="oc-e3"/>
      </symbol>
      <symbol id="sm-495">
         <name>CPUcpsie</name>
         <value>0x3605</value>
         <object_component_ref idref="oc-268"/>
      </symbol>
      <symbol id="sm-4d9">
         <name>atan2</name>
         <value>0x23c5</value>
         <object_component_ref idref="oc-c8"/>
      </symbol>
      <symbol id="sm-4da">
         <name>atan2l</name>
         <value>0x23c5</value>
         <object_component_ref idref="oc-c8"/>
      </symbol>
      <symbol id="sm-4fc">
         <name>sqrtl</name>
         <value>0x2761</value>
         <object_component_ref idref="oc-c2"/>
      </symbol>
      <symbol id="sm-4fd">
         <name>sqrt</name>
         <value>0x2761</value>
         <object_component_ref idref="oc-c2"/>
      </symbol>
      <symbol id="sm-533">
         <name>atanl</name>
         <value>0x20d9</value>
         <object_component_ref idref="oc-23d"/>
      </symbol>
      <symbol id="sm-534">
         <name>atan</name>
         <value>0x20d9</value>
         <object_component_ref idref="oc-23d"/>
      </symbol>
      <symbol id="sm-54b">
         <name>__aeabi_dsub</name>
         <value>0x25a9</value>
         <object_component_ref idref="oc-10b"/>
      </symbol>
      <symbol id="sm-54c">
         <name>__aeabi_dadd</name>
         <value>0x25b3</value>
         <object_component_ref idref="oc-10b"/>
      </symbol>
      <symbol id="sm-55e">
         <name>__aeabi_cdrcmple</name>
         <value>0x2ebd</value>
         <object_component_ref idref="oc-305"/>
      </symbol>
      <symbol id="sm-572">
         <name>__aeabi_ddiv</name>
         <value>0x28b9</value>
         <object_component_ref idref="oc-d3"/>
      </symbol>
      <symbol id="sm-57d">
         <name>__aeabi_dmul</name>
         <value>0x2c31</value>
         <object_component_ref idref="oc-ce"/>
      </symbol>
      <symbol id="sm-589">
         <name>__aeabi_d2f</name>
         <value>0x2fbd</value>
         <object_component_ref idref="oc-d8"/>
      </symbol>
      <symbol id="sm-594">
         <name>__aeabi_f2d</name>
         <value>0x3351</value>
         <object_component_ref idref="oc-bd"/>
      </symbol>
      <symbol id="sm-5a3">
         <name>__aeabi_uidivmod</name>
         <value>0x32d5</value>
         <object_component_ref idref="oc-218"/>
      </symbol>
      <symbol id="sm-5a4">
         <name>__aeabi_uidiv</name>
         <value>0x32d5</value>
         <object_component_ref idref="oc-218"/>
      </symbol>
      <symbol id="sm-5bd">
         <name>__TI_zero_init_nomemset</name>
         <value>0x350b</value>
         <object_component_ref idref="oc-4d"/>
      </symbol>
      <symbol id="sm-5d4">
         <name>__TI_decompress_none</name>
         <value>0x35f7</value>
         <object_component_ref idref="oc-1b"/>
      </symbol>
      <symbol id="sm-5f7">
         <name>__TI_decompress_lzss</name>
         <value>0x3095</value>
         <object_component_ref idref="oc-15"/>
      </symbol>
      <symbol id="sm-60d">
         <name>__aeabi_errno_addr</name>
         <value>0x366d</value>
         <object_component_ref idref="oc-230"/>
      </symbol>
      <symbol id="sm-60e">
         <name>errno</name>
         <value>0x20000370</value>
         <object_component_ref idref="oc-2f9"/>
      </symbol>
      <symbol id="sm-621">
         <name>__stack</name>
         <value>0x20000000</value>
         <object_component_ref idref="oc-24"/>
      </symbol>
      <symbol id="sm-622">
         <name>_c_int00_noargs</name>
         <value>0x3461</value>
         <object_component_ref idref="oc-5f"/>
      </symbol>
      <symbol id="sm-62c">
         <name>__aeabi_idiv0</name>
         <value>0x275f</value>
         <object_component_ref idref="oc-2e8"/>
      </symbol>
      <symbol id="sm-62d">
         <name>__aeabi_ldiv0</name>
         <value>0x275f</value>
         <object_component_ref idref="oc-2e8"/>
      </symbol>
      <symbol id="sm-648">
         <name>memcpy</name>
         <value>0x2e21</value>
         <object_component_ref idref="oc-41"/>
      </symbol>
      <symbol id="sm-649">
         <name>__aeabi_memcpy</name>
         <value>0x2e21</value>
         <object_component_ref idref="oc-41"/>
      </symbol>
      <symbol id="sm-64a">
         <name>__aeabi_memcpy8</name>
         <value>0x2e21</value>
         <object_component_ref idref="oc-41"/>
      </symbol>
      <symbol id="sm-64b">
         <name>__aeabi_memcpy4</name>
         <value>0x2e21</value>
         <object_component_ref idref="oc-41"/>
      </symbol>
      <symbol id="sm-674">
         <name>__TI_auto_init_nobinit_nopinit</name>
         <value>0x3291</value>
         <object_component_ref idref="oc-299"/>
      </symbol>
      <symbol id="sm-67e">
         <name>_system_pre_init</name>
         <value>0x3685</value>
         <object_component_ref idref="oc-1b6"/>
      </symbol>
      <symbol id="sm-68a">
         <name>C$$EXIT</name>
         <value>0x3689</value>
         <object_component_ref idref="oc-28d"/>
      </symbol>
      <symbol id="sm-68b">
         <name>abort</name>
         <value>0x3689</value>
         <object_component_ref idref="oc-28d"/>
      </symbol>
      <symbol id="sm-68e">
         <name>__TI_static_base__</name>
         <value>0x0</value>
      </symbol>
      <symbol id="sm-691">
         <name>__mpu_init</name>
         <value>0x0</value>
      </symbol>
      <symbol id="sm-692">
         <name>_system_post_cinit</name>
         <value>0x0</value>
      </symbol>
   </symbol_table>
   <title>Link successful</title>
</link_info>
