******************************************************************************
                  TI ARM Linker PC v20.2.5                     
******************************************************************************
>> Linked Sun Mar 20 13:09:06 2022

OUTPUT FILE NAME:   <miniproyecto.out>
ENTRY POINT SYMBOL: "_c_int00_noargs"  address: 00003435


MEMORY CONFIGURATION

         name            origin    length      used     unused   attr    fill
----------------------  --------  ---------  --------  --------  ----  --------
  FLASH                 00000000   00040000  000038d4  0003c72c  R  X
  SRAM                  20000000   00008000  0000036d  00007c93  RW X


SEGMENT ALLOCATION MAP

run origin  load origin   length   init length attrs members
----------  ----------- ---------- ----------- ----- -------
00000000    00000000    000038d8   000038d8    r-x
  00000000    00000000    0000026c   0000026c    r-- .intvecs
  0000026c    0000026c    000033dc   000033dc    r-x .text
  00003648    00003648    00000254   00000254    r-- .const
  000038a0    000038a0    00000038   00000038    r-- .cinit
20000000    20000000    00000370   00000000    rw-
  20000000    20000000    00000200   00000000    rw- .stack
  20000200    20000200    00000139   00000000    rw- .bss
  2000033c    2000033c    00000034   00000000    rw- .data


SECTION ALLOCATION MAP

 output                                  attributes/
section   page    origin      length       input sections
--------  ----  ----------  ----------   ----------------
.intvecs   0    00000000    0000026c     
                  00000000    0000026c     adc_timer_uart_startup_ccs.obj (.intvecs)

.text      0    0000026c    000033dc     
                  0000026c    00000cd8     i2cm_drv.obj (.text)
                  00000f44    000006dc     main.obj (.text)
                  00001620    000005b0     mpu6050.obj (.text)
                  00001bd0    000004dc     uartstdio.obj (.text)
                  000020ac    000002ec     rtsv7M4_T_le_v4SPD16_eabi.lib : s_atan.c.obj (.text:atan)
                  00002398    000001e4                                   : e_atan2.c.obj (.text:atan2)
                  0000257c    000001b6                                   : fd_add_t2.asm.obj (.text)
                  00002732    00000002                                   : div0.asm.obj (.text)
                  00002734    00000158                                   : e_sqrt.c.obj (.text:sqrt)
                  0000288c    00000136                                   : fd_div_t2.asm.obj (.text)
                  000029c2    00000132     driverlib.lib : gpio.obj (.text:GPIOPadConfigSet)
                  00002af4    00000110                   : sysctl.obj (.text:SysCtlClockGet)
                  00002c04    000000fc     rtsv7M4_T_le_v4SPD16_eabi.lib : fd_mul_t2.asm.obj (.text)
                  00002d00    000000f4     driverlib.lib : sysctl.obj (.text:SysCtlClockSet)
                  00002df4    0000009c     rtsv7M4_T_le_v4SPD16_eabi.lib : memcpy_t2.asm.obj (.text)
                  00002e90    00000086                                   : fd_cmp_t2.asm.obj (.text:__aeabi_cdrcmple)
                  00002f16    0000007a     driverlib.lib : adc.obj (.text:ADCSequenceStepConfigure)
                  00002f90    0000006e     rtsv7M4_T_le_v4SPD16_eabi.lib : fd_tos_t2.asm.obj (.text)
                  00002ffe    00000002     --HOLE-- [fill = 0]
                  00003000    00000068     driverlib.lib : interrupt.obj (.text:IntEnable)
                  00003068    00000068     rtsv7M4_T_le_v4SPD16_eabi.lib : copy_decompress_lzss.c.obj (.text:decompress:lzss:__TI_decompress_lzss)
                  000030d0    00000060     driverlib.lib : timer.obj (.text:TimerConfigure)
                  00003130    00000050                   : adc.obj (.text:ADCSequenceConfigure)
                  00003180    00000050                   : sysctl.obj (.text:SysCtlPeripheralReset)
                  000031d0    0000004c                   : i2c.obj (.text:I2CMasterInitExpClk)
                  0000321c    00000048                   : gpio.obj (.text:GPIOPinConfigure)
                  00003264    00000044     rtsv7M4_T_le_v4SPD16_eabi.lib : autoinit.c.obj (.text:__TI_auto_init_nobinit_nopinit:__TI_auto_init_nobinit_nopinit)
                  000032a8    00000040                                   : u_divt2.asm.obj (.text)
                  000032e8    0000003c     driverlib.lib : ssi.obj (.text:SSIConfigSetExpClk)
                  00003324    00000038     rtsv7M4_T_le_v4SPD16_eabi.lib : fs_tod_t2.asm.obj (.text)
                  0000335c    00000036     i2cm_drv.obj (.text:I2CMRead)
                  00003392    00000036     i2cm_drv.obj (.text:I2CMWrite)
                  000033c8    00000036     i2cm_drv.obj (.text:I2CMWriteBatched)
                  000033fe    00000002     --HOLE-- [fill = 0]
                  00003400    00000034     driverlib.lib : sysctl.obj (.text:SysCtlPeripheralEnable)
                  00003434    00000034     rtsv7M4_T_le_v4SPD16_eabi.lib : boot_cortex_m.c.obj (.text:_c_int00_noargs:_c_int00_noargs)
                  00003468    0000002e     driverlib.lib : adc.obj (.text:ADCIntStatus)
                  00003496    0000002a                   : gpio.obj (.text:GPIODirModeSet)
                  000034c0    0000001e                   : adc.obj (.text:ADCSequenceDataGet)
                  000034de    0000001c     rtsv7M4_T_le_v4SPD16_eabi.lib : copy_zero_init.c.obj (.text:decompress:ZI:__TI_zero_init_nomemset:__TI_zero_init_nomemset)
                  000034fa    00000018     driverlib.lib : adc.obj (.text:ADCProcessorTrigger)
                  00003512    00000012                   : gpio.obj (.text:GPIOPinTypeADC)
                  00003524    00000012                   : gpio.obj (.text:GPIOPinTypeI2C)
                  00003536    00000012                   : gpio.obj (.text:GPIOPinTypeI2CSCL)
                  00003548    00000012                   : gpio.obj (.text:GPIOPinTypeSSI)
                  0000355a    00000012                   : gpio.obj (.text:GPIOPinTypeUART)
                  0000356c    00000012                   : ssi.obj (.text:SSIDataGetNonBlocking)
                  0000357e    00000012                   : timer.obj (.text:TimerLoadSet)
                  00003590    00000010                   : interrupt.obj (.text:IntMasterEnable)
                  000035a0    0000000e                   : adc.obj (.text:ADCSequenceEnable)
                  000035ae    0000000e                   : timer.obj (.text:TimerEnable)
                  000035bc    0000000e     rtsv7M4_T_le_v4SPD16_eabi.lib : copy_decompress_none.c.obj (.text:decompress:none:__TI_decompress_none)
                  000035ca    0000000c     driverlib.lib : cpu.obj (.text:CPUcpsie)
                  000035d6    00000002     --HOLE-- [fill = 0]
                  000035d8    0000000c                   : interrupt.obj (.text:IntTrigger)
                  000035e4    0000000c     adc_timer_uart_startup_ccs.obj (.text)
                  000035f0    0000000a     driverlib.lib : adc.obj (.text:ADCIntClear)
                  000035fa    0000000a                   : i2c.obj (.text:I2CMasterEnable)
                  00003604    0000000a                   : ssi.obj (.text:SSIDataPut)
                  0000360e    0000000a                   : ssi.obj (.text:SSIEnable)
                  00003618    00000008                   : ssi.obj (.text:SSIBusy)
                  00003620    00000008                   : timer.obj (.text:TimerIntEnable)
                  00003628    00000008     rtsv7M4_T_le_v4SPD16_eabi.lib : errno.c.obj (.text:__aeabi_errno_addr)
                  00003630    00000006     driverlib.lib : sysctl.obj (.text:SysCtlDelay)
                  00003636    00000006                   : uart.obj (.text:UARTClockSourceSet)
                  0000363c    00000004                   : timer.obj (.text:TimerIntClear)
                  00003640    00000004     rtsv7M4_T_le_v4SPD16_eabi.lib : pre_init.c.obj (.text:_system_pre_init)
                  00003644    00000004                                   : exit.c.obj (.text:abort:abort)

.const     0    00003648    00000254     
                  00003648    00000098     rtsv7M4_T_le_v4SPD16_eabi.lib : s_atan.c.obj (.const:$O1$$)
                  000036e0    00000090     driverlib.lib : gpio.obj (.const:g_pui32GPIOBaseAddrs)
                  00003770    00000070                   : interrupt.obj (.const)
                  000037e0    0000006c                   : sysctl.obj (.const:g_pui32Xtals)
                  0000384c    00000012     uartstdio.obj (.const:.string)
                  0000385e    00000002     --HOLE-- [fill = 0]
                  00003860    00000010     mpu6050.obj (.const:g_fMPU6050AccelFactors)
                  00003870    00000010     mpu6050.obj (.const:g_fMPU6050GyroFactors)
                  00003880    0000000c     uartstdio.obj (.const:g_ui32UARTBase)
                  0000388c    0000000c     uartstdio.obj (.const:g_ui32UARTPeriph)
                  00003898    00000004     uartstdio.obj (.const)

.cinit     0    000038a0    00000038     
                  000038a0    00000012     (.cinit..data.load) [load image, compression = lzss]
                  000038b2    00000002     --HOLE-- [fill = 0]
                  000038b4    0000000c     (__TI_handler_table)
                  000038c0    00000008     (.cinit..bss.load) [load image, compression = zero_init]
                  000038c8    00000010     (__TI_cinit_table)

.init_array 
*          0    00000000    00000000     UNINITIALIZED

.bss       0    20000200    00000139     UNINITIALIZED
                  20000200    00000124     (.common:g_sI2CMSimpleInst)
                  20000324    00000004     (.common:eD)
                  20000328    00000004     (.common:e_k)
                  2000032c    00000004     (.common:u_k)
                  20000330    00000004     (.common:u_k2)
                  20000334    00000002     (.common:dato)
                  20000336    00000002     (.common:valor)
                  20000338    00000001     (.common:g_bMPU6050Done)

.data      0    2000033c    00000034     UNINITIALIZED
                  2000033c    00000026     main.obj (.data)
                  20000362    00000002     --HOLE--
                  20000364    00000005     uartstdio.obj (.data)
                  20000369    00000003     --HOLE--
                  2000036c    00000004     rtsv7M4_T_le_v4SPD16_eabi.lib : errno.c.obj (.data)

.stack     0    20000000    00000200     UNINITIALIZED
                  20000000    00000004     rtsv7M4_T_le_v4SPD16_eabi.lib : boot_cortex_m.c.obj (.stack)
                  20000004    000001fc     --HOLE--

__llvm_prf_cnts 
*          0    20000000    00000000     UNINITIALIZED

MODULE SUMMARY

       Module                           code    ro data   rw data
       ------                           ----    -------   -------
    .\
       i2cm_drv.obj                     3450    0         0      
       main.obj                         1756    0         351    
       mpu6050.obj                      1456    32        0      
       uartstdio.obj                    1244    46        5      
       adc_timer_uart_startup_ccs.obj   12      620       0      
    +--+--------------------------------+-------+---------+---------+
       Total:                           7918    698       356    
                                                                 
    C:/ti/TivaWare_C_Series-2.1.4.178/driverlib/ccs/Debug/driverlib.lib
       sysctl.obj                       654     108       0      
       gpio.obj                         510     144       0      
       adc.obj                          326     0         0      
       interrupt.obj                    132     112       0      
       timer.obj                        140     0         0      
       ssi.obj                          106     0         0      
       i2c.obj                          86      0         0      
       cpu.obj                          12      0         0      
       uart.obj                         6       0         0      
    +--+--------------------------------+-------+---------+---------+
       Total:                           1972    364       0      
                                                                 
    C:\ti\ccs1040\ccs\tools\compiler\ti-cgt-arm_20.2.5.LTS\lib\rtsv7M4_T_le_v4SPD16_eabi.lib
       s_atan.c.obj                     748     152       0      
       e_atan2.c.obj                    484     0         0      
       fd_add_t2.asm.obj                438     0         0      
       e_sqrt.c.obj                     344     0         0      
       fd_div_t2.asm.obj                310     0         0      
       fd_mul_t2.asm.obj                252     0         0      
       memcpy_t2.asm.obj                156     0         0      
       fd_cmp_t2.asm.obj                134     0         0      
       fd_tos_t2.asm.obj                110     0         0      
       copy_decompress_lzss.c.obj       104     0         0      
       autoinit.c.obj                   68      0         0      
       u_divt2.asm.obj                  64      0         0      
       fs_tod_t2.asm.obj                56      0         0      
       boot_cortex_m.c.obj              52      0         0      
       copy_zero_init.c.obj             28      0         0      
       copy_decompress_none.c.obj       14      0         0      
       errno.c.obj                      8       0         4      
       exit.c.obj                       4       0         0      
       pre_init.c.obj                   4       0         0      
       div0.asm.obj                     2       0         0      
    +--+--------------------------------+-------+---------+---------+
       Total:                           3380    152       4      
                                                                 
       Stack:                           0       0         512    
       Linker Generated:                0       54        0      
    +--+--------------------------------+-------+---------+---------+
       Grand Total:                     13270   1268      872    


LINKER GENERATED COPY TABLES

__TI_cinit_table @ 000038c8 records: 2, size/record: 8, table size: 16
	.data: load addr=000038a0, load size=00000012 bytes, run addr=2000033c, run size=00000034 bytes, compression=lzss
	.bss: load addr=000038c0, load size=00000008 bytes, run addr=20000200, run size=00000139 bytes, compression=zero_init


LINKER GENERATED HANDLER TABLE

__TI_handler_table @ 000038b4 records: 3, size/record: 4, table size: 12
	index: 0, handler: __TI_decompress_lzss
	index: 1, handler: __TI_decompress_none
	index: 2, handler: __TI_zero_init


GLOBAL SYMBOLS: SORTED ALPHABETICALLY BY Name 

address   name                          
-------   ----                          
000035f1  ADCIntClear                   
00003469  ADCIntStatus                  
000034fb  ADCProcessorTrigger           
00003131  ADCSequenceConfigure          
000034c1  ADCSequenceDataGet            
000035a1  ADCSequenceEnable             
00002f17  ADCSequenceStepConfigure      
00003645  C$$EXIT                       
000035cb  CPUcpsie                      
00000fa1  ConfigureUART                 
20000340  E_k                           
00003497  GPIODirModeSet                
000029c3  GPIOPadConfigSet              
0000321d  GPIOPinConfigure              
00003513  GPIOPinTypeADC                
00003525  GPIOPinTypeI2C                
00003537  GPIOPinTypeI2CSCL             
00003549  GPIOPinTypeSSI                
0000355b  GPIOPinTypeUART               
00000923  I2CMCommand                   
000008bb  I2CMInit                      
0000078f  I2CMIntHandler                
0000335d  I2CMRead                      
00000e09  I2CMRead16BE                  
00000c2d  I2CMReadModifyWrite16LE       
00000add  I2CMReadModifyWrite8          
0000100b  I2CMSimpleIntHandler          
00000a07  I2CMTransferResume            
00003393  I2CMWrite                     
00000ecf  I2CMWrite16BE                 
00000d3d  I2CMWrite8                    
000033c9  I2CMWriteBatched              
000035fb  I2CMasterEnable               
000031d1  I2CMasterInitExpClk           
00001411  InitConsole                   
00000f45  InitI2C0                      
00003001  IntEnable                     
00003591  IntMasterEnable               
000035d9  IntTrigger                    
00000ff9  MPU6050Callback               
00001a51  MPU6050DataAccelGetFloat      
00001a05  MPU6050DataAccelGetRaw        
00001b35  MPU6050DataGyroGetFloat       
00001ae5  MPU6050DataGyroGetRaw         
000019a1  MPU6050DataRead               
00001015  MPU6050Example                
0000178b  MPU6050Init                   
0000180d  MPU6050Read                   
00001943  MPU6050ReadModifyWrite        
00001879  MPU6050Write                  
000035e5  ResetISR                      
00003619  SSIBusy                       
000032e9  SSIConfigSetExpClk            
0000356d  SSIDataGetNonBlocking         
00003605  SSIDataPut                    
0000360f  SSIEnable                     
00002af5  SysCtlClockGet                
00002d01  SysCtlClockSet                
00003631  SysCtlDelay                   
00003401  SysCtlPeripheralEnable        
00003181  SysCtlPeripheralReset         
00001275  Timer0IntHandler              
000030d1  TimerConfigure                
000035af  TimerEnable                   
0000363d  TimerIntClear                 
00003621  TimerIntEnable                
0000357f  TimerLoadSet                  
00003637  UARTClockSourceSet            
00001bd1  UARTStdioConfig               
00001d49  UARTgetc                      
00001c83  UARTgets                      
00002077  UARTprintf                    
00001d7d  UARTvprintf                   
00001c31  UARTwrite                     
20000200  __STACK_END                   
00000200  __STACK_SIZE                  
20000200  __STACK_TOP                   
000038c8  __TI_CINIT_Base               
000038d8  __TI_CINIT_Limit              
000038b4  __TI_Handler_Table_Base       
000038c0  __TI_Handler_Table_Limit      
00003265  __TI_auto_init_nobinit_nopinit
00003069  __TI_decompress_lzss          
000035bd  __TI_decompress_none          
ffffffff  __TI_pprof_out_hndl           
ffffffff  __TI_prof_data_size           
ffffffff  __TI_prof_data_start          
00000000  __TI_static_base__            
000034df  __TI_zero_init_nomemset       
00002e91  __aeabi_cdrcmple              
00002f91  __aeabi_d2f                   
00002587  __aeabi_dadd                  
0000288d  __aeabi_ddiv                  
00002c05  __aeabi_dmul                  
0000257d  __aeabi_dsub                  
00003629  __aeabi_errno_addr            
00003325  __aeabi_f2d                   
00002733  __aeabi_idiv0                 
00002733  __aeabi_ldiv0                 
00002df5  __aeabi_memcpy                
00002df5  __aeabi_memcpy4               
00002df5  __aeabi_memcpy8               
000032a9  __aeabi_uidiv                 
000032a9  __aeabi_uidivmod              
ffffffff  __binit__                     
ffffffff  __c_args__                    
UNDEFED   __mpu_init                    
20000000  __stack                       
20000000  __start___llvm_prf_cnts       
20000000  __stop___llvm_prf_cnts        
00003435  _c_int00_noargs               
UNDEFED   _system_post_cinit            
00003641  _system_pre_init              
00003645  abort                         
000020ad  atan                          
00002399  atan2                         
00002399  atan2l                        
000020ad  atanl                         
ffffffff  binit                         
20000334  dato                          
00000fdd  delayMS                       
20000324  eD                            
20000328  e_k                           
2000033c  e_k_1                         
2000036c  errno                         
20000360  freq_muestreo                 
20000338  g_bMPU6050Done                
00000000  g_pfnVectors                  
20000200  g_sI2CMSimpleInst             
2000034c  kD                            
20000348  kI                            
20000344  kP                            
00001469  main                          
00002df5  memcpy                        
20000350  referencia                    
00002735  sqrt                          
00002735  sqrtl                         
2000032c  u_k                           
20000330  u_k2                          
20000336  valor                         
20000354  x                             
20000358  y                             
2000035c  z                             


GLOBAL SYMBOLS: SORTED BY Symbol Address 

address   name                          
-------   ----                          
00000000  __TI_static_base__            
00000000  g_pfnVectors                  
00000200  __STACK_SIZE                  
0000078f  I2CMIntHandler                
000008bb  I2CMInit                      
00000923  I2CMCommand                   
00000a07  I2CMTransferResume            
00000add  I2CMReadModifyWrite8          
00000c2d  I2CMReadModifyWrite16LE       
00000d3d  I2CMWrite8                    
00000e09  I2CMRead16BE                  
00000ecf  I2CMWrite16BE                 
00000f45  InitI2C0                      
00000fa1  ConfigureUART                 
00000fdd  delayMS                       
00000ff9  MPU6050Callback               
0000100b  I2CMSimpleIntHandler          
00001015  MPU6050Example                
00001275  Timer0IntHandler              
00001411  InitConsole                   
00001469  main                          
0000178b  MPU6050Init                   
0000180d  MPU6050Read                   
00001879  MPU6050Write                  
00001943  MPU6050ReadModifyWrite        
000019a1  MPU6050DataRead               
00001a05  MPU6050DataAccelGetRaw        
00001a51  MPU6050DataAccelGetFloat      
00001ae5  MPU6050DataGyroGetRaw         
00001b35  MPU6050DataGyroGetFloat       
00001bd1  UARTStdioConfig               
00001c31  UARTwrite                     
00001c83  UARTgets                      
00001d49  UARTgetc                      
00001d7d  UARTvprintf                   
00002077  UARTprintf                    
000020ad  atan                          
000020ad  atanl                         
00002399  atan2                         
00002399  atan2l                        
0000257d  __aeabi_dsub                  
00002587  __aeabi_dadd                  
00002733  __aeabi_idiv0                 
00002733  __aeabi_ldiv0                 
00002735  sqrt                          
00002735  sqrtl                         
0000288d  __aeabi_ddiv                  
000029c3  GPIOPadConfigSet              
00002af5  SysCtlClockGet                
00002c05  __aeabi_dmul                  
00002d01  SysCtlClockSet                
00002df5  __aeabi_memcpy                
00002df5  __aeabi_memcpy4               
00002df5  __aeabi_memcpy8               
00002df5  memcpy                        
00002e91  __aeabi_cdrcmple              
00002f17  ADCSequenceStepConfigure      
00002f91  __aeabi_d2f                   
00003001  IntEnable                     
00003069  __TI_decompress_lzss          
000030d1  TimerConfigure                
00003131  ADCSequenceConfigure          
00003181  SysCtlPeripheralReset         
000031d1  I2CMasterInitExpClk           
0000321d  GPIOPinConfigure              
00003265  __TI_auto_init_nobinit_nopinit
000032a9  __aeabi_uidiv                 
000032a9  __aeabi_uidivmod              
000032e9  SSIConfigSetExpClk            
00003325  __aeabi_f2d                   
0000335d  I2CMRead                      
00003393  I2CMWrite                     
000033c9  I2CMWriteBatched              
00003401  SysCtlPeripheralEnable        
00003435  _c_int00_noargs               
00003469  ADCIntStatus                  
00003497  GPIODirModeSet                
000034c1  ADCSequenceDataGet            
000034df  __TI_zero_init_nomemset       
000034fb  ADCProcessorTrigger           
00003513  GPIOPinTypeADC                
00003525  GPIOPinTypeI2C                
00003537  GPIOPinTypeI2CSCL             
00003549  GPIOPinTypeSSI                
0000355b  GPIOPinTypeUART               
0000356d  SSIDataGetNonBlocking         
0000357f  TimerLoadSet                  
00003591  IntMasterEnable               
000035a1  ADCSequenceEnable             
000035af  TimerEnable                   
000035bd  __TI_decompress_none          
000035cb  CPUcpsie                      
000035d9  IntTrigger                    
000035e5  ResetISR                      
000035f1  ADCIntClear                   
000035fb  I2CMasterEnable               
00003605  SSIDataPut                    
0000360f  SSIEnable                     
00003619  SSIBusy                       
00003621  TimerIntEnable                
00003629  __aeabi_errno_addr            
00003631  SysCtlDelay                   
00003637  UARTClockSourceSet            
0000363d  TimerIntClear                 
00003641  _system_pre_init              
00003645  C$$EXIT                       
00003645  abort                         
000038b4  __TI_Handler_Table_Base       
000038c0  __TI_Handler_Table_Limit      
000038c8  __TI_CINIT_Base               
000038d8  __TI_CINIT_Limit              
20000000  __stack                       
20000000  __start___llvm_prf_cnts       
20000000  __stop___llvm_prf_cnts        
20000200  __STACK_END                   
20000200  __STACK_TOP                   
20000200  g_sI2CMSimpleInst             
20000324  eD                            
20000328  e_k                           
2000032c  u_k                           
20000330  u_k2                          
20000334  dato                          
20000336  valor                         
20000338  g_bMPU6050Done                
2000033c  e_k_1                         
20000340  E_k                           
20000344  kP                            
20000348  kI                            
2000034c  kD                            
20000350  referencia                    
20000354  x                             
20000358  y                             
2000035c  z                             
20000360  freq_muestreo                 
2000036c  errno                         
ffffffff  __TI_pprof_out_hndl           
ffffffff  __TI_prof_data_size           
ffffffff  __TI_prof_data_start          
ffffffff  __binit__                     
ffffffff  __c_args__                    
ffffffff  binit                         
UNDEFED   __mpu_init                    
UNDEFED   _system_post_cinit            

[143 symbols]
