******************************************************************************
                  TI ARM Linker PC v20.2.5                     
******************************************************************************
>> Linked Fri Mar 18 04:21:09 2022

OUTPUT FILE NAME:   <miniproyecto.out>
ENTRY POINT SYMBOL: "_c_int00_noargs"  address: 00003425


MEMORY CONFIGURATION

         name            origin    length      used     unused   attr    fill
----------------------  --------  ---------  --------  --------  ----  --------
  FLASH                 00000000   00040000  000038e4  0003c71c  R  X
  SRAM                  20000000   00008000  00000365  00007c9b  RW X


SEGMENT ALLOCATION MAP

run origin  load origin   length   init length attrs members
----------  ----------- ---------- ----------- ----- -------
00000000    00000000    000038e8   000038e8    r-x
  00000000    00000000    0000026c   0000026c    r-- .intvecs
  0000026c    0000026c    000033ec   000033ec    r-x .text
  00003658    00003658    00000254   00000254    r-- .const
  000038b0    000038b0    00000038   00000038    r-- .cinit
20000000    20000000    00000368   00000000    rw-
  20000000    20000000    00000200   00000000    rw- .stack
  20000200    20000200    00000141   00000000    rw- .bss
  20000344    20000344    00000024   00000000    rw- .data


SECTION ALLOCATION MAP

 output                                  attributes/
section   page    origin      length       input sections
--------  ----  ----------  ----------   ----------------
.intvecs   0    00000000    0000026c     
                  00000000    0000026c     adc_timer_uart_startup_ccs.obj (.intvecs)

.text      0    0000026c    000033ec     
                  0000026c    00000cd8     i2cm_drv.obj (.text)
                  00000f44    000006cc     main.obj (.text)
                  00001610    000005b0     mpu6050.obj (.text)
                  00001bc0    000004dc     uartstdio.obj (.text)
                  0000209c    000002ec     rtsv7M4_T_le_v4SPD16_eabi.lib : s_atan.c.obj (.text:atan)
                  00002388    000001e4                                   : e_atan2.c.obj (.text:atan2)
                  0000256c    000001b6                                   : fd_add_t2.asm.obj (.text)
                  00002722    00000002                                   : div0.asm.obj (.text)
                  00002724    00000158                                   : e_sqrt.c.obj (.text:sqrt)
                  0000287c    00000136                                   : fd_div_t2.asm.obj (.text)
                  000029b2    00000132     driverlib.lib : gpio.obj (.text:GPIOPadConfigSet)
                  00002ae4    00000110                   : sysctl.obj (.text:SysCtlClockGet)
                  00002bf4    000000fc     rtsv7M4_T_le_v4SPD16_eabi.lib : fd_mul_t2.asm.obj (.text)
                  00002cf0    000000f4     driverlib.lib : sysctl.obj (.text:SysCtlClockSet)
                  00002de4    0000009c     rtsv7M4_T_le_v4SPD16_eabi.lib : memcpy_t2.asm.obj (.text)
                  00002e80    00000086                                   : fd_cmp_t2.asm.obj (.text:__aeabi_cdrcmple)
                  00002f06    0000007a     driverlib.lib : adc.obj (.text:ADCSequenceStepConfigure)
                  00002f80    0000006e     rtsv7M4_T_le_v4SPD16_eabi.lib : fd_tos_t2.asm.obj (.text)
                  00002fee    00000002     --HOLE-- [fill = 0]
                  00002ff0    00000068     driverlib.lib : interrupt.obj (.text:IntEnable)
                  00003058    00000068     rtsv7M4_T_le_v4SPD16_eabi.lib : copy_decompress_lzss.c.obj (.text:decompress:lzss:__TI_decompress_lzss)
                  000030c0    00000060     driverlib.lib : timer.obj (.text:TimerConfigure)
                  00003120    00000050                   : adc.obj (.text:ADCSequenceConfigure)
                  00003170    00000050                   : sysctl.obj (.text:SysCtlPeripheralReset)
                  000031c0    0000004c                   : i2c.obj (.text:I2CMasterInitExpClk)
                  0000320c    00000048                   : gpio.obj (.text:GPIOPinConfigure)
                  00003254    00000044     rtsv7M4_T_le_v4SPD16_eabi.lib : autoinit.c.obj (.text:__TI_auto_init_nobinit_nopinit:__TI_auto_init_nobinit_nopinit)
                  00003298    00000040                                   : u_divt2.asm.obj (.text)
                  000032d8    0000003c     driverlib.lib : ssi.obj (.text:SSIConfigSetExpClk)
                  00003314    00000038     rtsv7M4_T_le_v4SPD16_eabi.lib : fs_tod_t2.asm.obj (.text)
                  0000334c    00000036     i2cm_drv.obj (.text:I2CMRead)
                  00003382    00000036     i2cm_drv.obj (.text:I2CMWrite)
                  000033b8    00000036     i2cm_drv.obj (.text:I2CMWriteBatched)
                  000033ee    00000002     --HOLE-- [fill = 0]
                  000033f0    00000034     driverlib.lib : sysctl.obj (.text:SysCtlPeripheralEnable)
                  00003424    00000034     rtsv7M4_T_le_v4SPD16_eabi.lib : boot_cortex_m.c.obj (.text:_c_int00_noargs:_c_int00_noargs)
                  00003458    0000002e     driverlib.lib : adc.obj (.text:ADCIntStatus)
                  00003486    0000002a                   : gpio.obj (.text:GPIODirModeSet)
                  000034b0    00000020     rtsv7M4_T_le_v4SPD16_eabi.lib : u_tofd_t2.asm.obj (.text)
                  000034d0    0000001e     driverlib.lib : adc.obj (.text:ADCSequenceDataGet)
                  000034ee    0000001c     rtsv7M4_T_le_v4SPD16_eabi.lib : copy_zero_init.c.obj (.text:decompress:ZI:__TI_zero_init_nomemset:__TI_zero_init_nomemset)
                  0000350a    00000018     driverlib.lib : adc.obj (.text:ADCProcessorTrigger)
                  00003522    00000012                   : gpio.obj (.text:GPIOPinTypeADC)
                  00003534    00000012                   : gpio.obj (.text:GPIOPinTypeI2C)
                  00003546    00000012                   : gpio.obj (.text:GPIOPinTypeI2CSCL)
                  00003558    00000012                   : gpio.obj (.text:GPIOPinTypeSSI)
                  0000356a    00000012                   : gpio.obj (.text:GPIOPinTypeUART)
                  0000357c    00000012                   : ssi.obj (.text:SSIDataGetNonBlocking)
                  0000358e    00000012                   : timer.obj (.text:TimerLoadSet)
                  000035a0    00000010                   : interrupt.obj (.text:IntMasterEnable)
                  000035b0    0000000e                   : adc.obj (.text:ADCSequenceEnable)
                  000035be    0000000e                   : timer.obj (.text:TimerEnable)
                  000035cc    0000000e     rtsv7M4_T_le_v4SPD16_eabi.lib : copy_decompress_none.c.obj (.text:decompress:none:__TI_decompress_none)
                  000035da    0000000c     driverlib.lib : cpu.obj (.text:CPUcpsie)
                  000035e6    00000002     --HOLE-- [fill = 0]
                  000035e8    0000000c                   : interrupt.obj (.text:IntTrigger)
                  000035f4    0000000c     adc_timer_uart_startup_ccs.obj (.text)
                  00003600    0000000a     driverlib.lib : adc.obj (.text:ADCIntClear)
                  0000360a    0000000a                   : i2c.obj (.text:I2CMasterEnable)
                  00003614    0000000a                   : ssi.obj (.text:SSIDataPut)
                  0000361e    0000000a                   : ssi.obj (.text:SSIEnable)
                  00003628    00000008                   : ssi.obj (.text:SSIBusy)
                  00003630    00000008                   : timer.obj (.text:TimerIntEnable)
                  00003638    00000008     rtsv7M4_T_le_v4SPD16_eabi.lib : errno.c.obj (.text:__aeabi_errno_addr)
                  00003640    00000006     driverlib.lib : sysctl.obj (.text:SysCtlDelay)
                  00003646    00000006                   : uart.obj (.text:UARTClockSourceSet)
                  0000364c    00000004                   : timer.obj (.text:TimerIntClear)
                  00003650    00000004     rtsv7M4_T_le_v4SPD16_eabi.lib : pre_init.c.obj (.text:_system_pre_init)
                  00003654    00000004                                   : exit.c.obj (.text:abort:abort)

.const     0    00003658    00000254     
                  00003658    00000098     rtsv7M4_T_le_v4SPD16_eabi.lib : s_atan.c.obj (.const:$O1$$)
                  000036f0    00000090     driverlib.lib : gpio.obj (.const:g_pui32GPIOBaseAddrs)
                  00003780    00000070                   : interrupt.obj (.const)
                  000037f0    0000006c                   : sysctl.obj (.const:g_pui32Xtals)
                  0000385c    00000012     uartstdio.obj (.const:.string)
                  0000386e    00000002     --HOLE-- [fill = 0]
                  00003870    00000010     mpu6050.obj (.const:g_fMPU6050AccelFactors)
                  00003880    00000010     mpu6050.obj (.const:g_fMPU6050GyroFactors)
                  00003890    0000000c     uartstdio.obj (.const:g_ui32UARTBase)
                  0000389c    0000000c     uartstdio.obj (.const:g_ui32UARTPeriph)
                  000038a8    00000004     uartstdio.obj (.const)

.cinit     0    000038b0    00000038     
                  000038b0    00000012     (.cinit..data.load) [load image, compression = lzss]
                  000038c2    00000002     --HOLE-- [fill = 0]
                  000038c4    0000000c     (__TI_handler_table)
                  000038d0    00000008     (.cinit..bss.load) [load image, compression = zero_init]
                  000038d8    00000010     (__TI_cinit_table)

.init_array 
*          0    00000000    00000000     UNINITIALIZED

.bss       0    20000200    00000141     UNINITIALIZED
                  20000200    00000124     (.common:g_sI2CMSimpleInst)
                  20000324    00000004     (.common:eD)
                  20000328    00000004     (.common:e_k)
                  2000032c    00000004     (.common:u_k)
                  20000330    00000004     (.common:u_k2)
                  20000334    00000004     (.common:v0)
                  20000338    00000004     (.common:v1)
                  2000033c    00000002     (.common:dato)
                  2000033e    00000002     (.common:valor)
                  20000340    00000001     (.common:g_bMPU6050Done)

.data      0    20000344    00000024     UNINITIALIZED
                  20000344    00000016     main.obj (.data)
                  2000035a    00000002     --HOLE--
                  2000035c    00000005     uartstdio.obj (.data)
                  20000361    00000003     --HOLE--
                  20000364    00000004     rtsv7M4_T_le_v4SPD16_eabi.lib : errno.c.obj (.data)

.stack     0    20000000    00000200     UNINITIALIZED
                  20000000    00000004     rtsv7M4_T_le_v4SPD16_eabi.lib : boot_cortex_m.c.obj (.stack)
                  20000004    000001fc     --HOLE--

__llvm_prf_cnts 
*          0    20000000    00000000     UNINITIALIZED

MODULE SUMMARY

       Module                           code    ro data   rw data
       ------                           ----    -------   -------
    .\
       i2cm_drv.obj                     3450    0         0      
       main.obj                         1740    0         343    
       mpu6050.obj                      1456    32        0      
       uartstdio.obj                    1244    46        5      
       adc_timer_uart_startup_ccs.obj   12      620       0      
    +--+--------------------------------+-------+---------+---------+
       Total:                           7902    698       348    
                                                                 
    C:/ti/TivaWare_C_Series-2.1.4.178/driverlib/ccs/Debug/driverlib.lib
       sysctl.obj                       654     108       0      
       gpio.obj                         510     144       0      
       adc.obj                          326     0         0      
       interrupt.obj                    132     112       0      
       timer.obj                        140     0         0      
       ssi.obj                          106     0         0      
       i2c.obj                          86      0         0      
       cpu.obj                          12      0         0      
       uart.obj                         6       0         0      
    +--+--------------------------------+-------+---------+---------+
       Total:                           1972    364       0      
                                                                 
    C:\ti\ccs1040\ccs\tools\compiler\ti-cgt-arm_20.2.5.LTS\lib\rtsv7M4_T_le_v4SPD16_eabi.lib
       s_atan.c.obj                     748     152       0      
       e_atan2.c.obj                    484     0         0      
       fd_add_t2.asm.obj                438     0         0      
       e_sqrt.c.obj                     344     0         0      
       fd_div_t2.asm.obj                310     0         0      
       fd_mul_t2.asm.obj                252     0         0      
       memcpy_t2.asm.obj                156     0         0      
       fd_cmp_t2.asm.obj                134     0         0      
       fd_tos_t2.asm.obj                110     0         0      
       copy_decompress_lzss.c.obj       104     0         0      
       autoinit.c.obj                   68      0         0      
       u_divt2.asm.obj                  64      0         0      
       fs_tod_t2.asm.obj                56      0         0      
       boot_cortex_m.c.obj              52      0         0      
       u_tofd_t2.asm.obj                32      0         0      
       copy_zero_init.c.obj             28      0         0      
       copy_decompress_none.c.obj       14      0         0      
       errno.c.obj                      8       0         4      
       exit.c.obj                       4       0         0      
       pre_init.c.obj                   4       0         0      
       div0.asm.obj                     2       0         0      
    +--+--------------------------------+-------+---------+---------+
       Total:                           3412    152       4      
                                                                 
       Stack:                           0       0         512    
       Linker Generated:                0       54        0      
    +--+--------------------------------+-------+---------+---------+
       Grand Total:                     13286   1268      864    


LINKER GENERATED COPY TABLES

__TI_cinit_table @ 000038d8 records: 2, size/record: 8, table size: 16
	.data: load addr=000038b0, load size=00000012 bytes, run addr=20000344, run size=00000024 bytes, compression=lzss
	.bss: load addr=000038d0, load size=00000008 bytes, run addr=20000200, run size=00000141 bytes, compression=zero_init


LINKER GENERATED HANDLER TABLE

__TI_handler_table @ 000038c4 records: 3, size/record: 4, table size: 12
	index: 0, handler: __TI_decompress_lzss
	index: 1, handler: __TI_decompress_none
	index: 2, handler: __TI_zero_init


GLOBAL SYMBOLS: SORTED ALPHABETICALLY BY Name 

address   name                          
-------   ----                          
00003601  ADCIntClear                   
00003459  ADCIntStatus                  
0000350b  ADCProcessorTrigger           
00003121  ADCSequenceConfigure          
000034d1  ADCSequenceDataGet            
000035b1  ADCSequenceEnable             
00002f07  ADCSequenceStepConfigure      
00003655  C$$EXIT                       
000035db  CPUcpsie                      
00000fa1  ConfigureUART                 
20000348  E_k                           
00003487  GPIODirModeSet                
000029b3  GPIOPadConfigSet              
0000320d  GPIOPinConfigure              
00003523  GPIOPinTypeADC                
00003535  GPIOPinTypeI2C                
00003547  GPIOPinTypeI2CSCL             
00003559  GPIOPinTypeSSI                
0000356b  GPIOPinTypeUART               
00000923  I2CMCommand                   
000008bb  I2CMInit                      
0000078f  I2CMIntHandler                
0000334d  I2CMRead                      
00000e09  I2CMRead16BE                  
00000c2d  I2CMReadModifyWrite16LE       
00000add  I2CMReadModifyWrite8          
0000100b  I2CMSimpleIntHandler          
00000a07  I2CMTransferResume            
00003383  I2CMWrite                     
00000ecf  I2CMWrite16BE                 
00000d3d  I2CMWrite8                    
000033b9  I2CMWriteBatched              
0000360b  I2CMasterEnable               
000031c1  I2CMasterInitExpClk           
000013f9  InitConsole                   
00000f45  InitI2C0                      
00002ff1  IntEnable                     
000035a1  IntMasterEnable               
000035e9  IntTrigger                    
00000ff9  MPU6050Callback               
00001a41  MPU6050DataAccelGetFloat      
000019f5  MPU6050DataAccelGetRaw        
00001b25  MPU6050DataGyroGetFloat       
00001ad5  MPU6050DataGyroGetRaw         
00001991  MPU6050DataRead               
00001015  MPU6050Example                
0000177b  MPU6050Init                   
000017fd  MPU6050Read                   
00001933  MPU6050ReadModifyWrite        
00001869  MPU6050Write                  
000035f5  ResetISR                      
00003629  SSIBusy                       
000032d9  SSIConfigSetExpClk            
0000357d  SSIDataGetNonBlocking         
00003615  SSIDataPut                    
0000361f  SSIEnable                     
00002ae5  SysCtlClockGet                
00002cf1  SysCtlClockSet                
00003641  SysCtlDelay                   
000033f1  SysCtlPeripheralEnable        
00003171  SysCtlPeripheralReset         
00001215  Timer0IntHandler              
000030c1  TimerConfigure                
000035bf  TimerEnable                   
0000364d  TimerIntClear                 
00003631  TimerIntEnable                
0000358f  TimerLoadSet                  
00003647  UARTClockSourceSet            
00001bc1  UARTStdioConfig               
00001d39  UARTgetc                      
00001c73  UARTgets                      
00002067  UARTprintf                    
00001d6d  UARTvprintf                   
00001c21  UARTwrite                     
20000200  __STACK_END                   
00000200  __STACK_SIZE                  
20000200  __STACK_TOP                   
000038d8  __TI_CINIT_Base               
000038e8  __TI_CINIT_Limit              
000038c4  __TI_Handler_Table_Base       
000038d0  __TI_Handler_Table_Limit      
00003255  __TI_auto_init_nobinit_nopinit
00003059  __TI_decompress_lzss          
000035cd  __TI_decompress_none          
ffffffff  __TI_pprof_out_hndl           
ffffffff  __TI_prof_data_size           
ffffffff  __TI_prof_data_start          
00000000  __TI_static_base__            
000034ef  __TI_zero_init_nomemset       
00002e81  __aeabi_cdrcmple              
00002f81  __aeabi_d2f                   
00002577  __aeabi_dadd                  
0000287d  __aeabi_ddiv                  
00002bf5  __aeabi_dmul                  
0000256d  __aeabi_dsub                  
00003639  __aeabi_errno_addr            
00003315  __aeabi_f2d                   
00002723  __aeabi_idiv0                 
00002723  __aeabi_ldiv0                 
00002de5  __aeabi_memcpy                
00002de5  __aeabi_memcpy4               
00002de5  __aeabi_memcpy8               
000034b1  __aeabi_ui2d                  
00003299  __aeabi_uidiv                 
00003299  __aeabi_uidivmod              
ffffffff  __binit__                     
ffffffff  __c_args__                    
UNDEFED   __mpu_init                    
20000000  __stack                       
20000000  __start___llvm_prf_cnts       
20000000  __stop___llvm_prf_cnts        
00003425  _c_int00_noargs               
UNDEFED   _system_post_cinit            
00003651  _system_pre_init              
00003655  abort                         
0000209d  atan                          
00002389  atan2                         
00002389  atan2l                        
0000209d  atanl                         
ffffffff  binit                         
2000033c  dato                          
00000fdd  delayMS                       
20000324  eD                            
20000328  e_k                           
20000344  e_k_1                         
20000364  errno                         
20000358  freq_muestreo                 
20000340  g_bMPU6050Done                
00000000  g_pfnVectors                  
20000200  g_sI2CMSimpleInst             
20000354  kD                            
20000350  kI                            
2000034c  kP                            
0000146d  main                          
00002de5  memcpy                        
00002725  sqrt                          
00002725  sqrtl                         
2000032c  u_k                           
20000330  u_k2                          
20000334  v0                            
20000338  v1                            
2000033e  valor                         


GLOBAL SYMBOLS: SORTED BY Symbol Address 

address   name                          
-------   ----                          
00000000  __TI_static_base__            
00000000  g_pfnVectors                  
00000200  __STACK_SIZE                  
0000078f  I2CMIntHandler                
000008bb  I2CMInit                      
00000923  I2CMCommand                   
00000a07  I2CMTransferResume            
00000add  I2CMReadModifyWrite8          
00000c2d  I2CMReadModifyWrite16LE       
00000d3d  I2CMWrite8                    
00000e09  I2CMRead16BE                  
00000ecf  I2CMWrite16BE                 
00000f45  InitI2C0                      
00000fa1  ConfigureUART                 
00000fdd  delayMS                       
00000ff9  MPU6050Callback               
0000100b  I2CMSimpleIntHandler          
00001015  MPU6050Example                
00001215  Timer0IntHandler              
000013f9  InitConsole                   
0000146d  main                          
0000177b  MPU6050Init                   
000017fd  MPU6050Read                   
00001869  MPU6050Write                  
00001933  MPU6050ReadModifyWrite        
00001991  MPU6050DataRead               
000019f5  MPU6050DataAccelGetRaw        
00001a41  MPU6050DataAccelGetFloat      
00001ad5  MPU6050DataGyroGetRaw         
00001b25  MPU6050DataGyroGetFloat       
00001bc1  UARTStdioConfig               
00001c21  UARTwrite                     
00001c73  UARTgets                      
00001d39  UARTgetc                      
00001d6d  UARTvprintf                   
00002067  UARTprintf                    
0000209d  atan                          
0000209d  atanl                         
00002389  atan2                         
00002389  atan2l                        
0000256d  __aeabi_dsub                  
00002577  __aeabi_dadd                  
00002723  __aeabi_idiv0                 
00002723  __aeabi_ldiv0                 
00002725  sqrt                          
00002725  sqrtl                         
0000287d  __aeabi_ddiv                  
000029b3  GPIOPadConfigSet              
00002ae5  SysCtlClockGet                
00002bf5  __aeabi_dmul                  
00002cf1  SysCtlClockSet                
00002de5  __aeabi_memcpy                
00002de5  __aeabi_memcpy4               
00002de5  __aeabi_memcpy8               
00002de5  memcpy                        
00002e81  __aeabi_cdrcmple              
00002f07  ADCSequenceStepConfigure      
00002f81  __aeabi_d2f                   
00002ff1  IntEnable                     
00003059  __TI_decompress_lzss          
000030c1  TimerConfigure                
00003121  ADCSequenceConfigure          
00003171  SysCtlPeripheralReset         
000031c1  I2CMasterInitExpClk           
0000320d  GPIOPinConfigure              
00003255  __TI_auto_init_nobinit_nopinit
00003299  __aeabi_uidiv                 
00003299  __aeabi_uidivmod              
000032d9  SSIConfigSetExpClk            
00003315  __aeabi_f2d                   
0000334d  I2CMRead                      
00003383  I2CMWrite                     
000033b9  I2CMWriteBatched              
000033f1  SysCtlPeripheralEnable        
00003425  _c_int00_noargs               
00003459  ADCIntStatus                  
00003487  GPIODirModeSet                
000034b1  __aeabi_ui2d                  
000034d1  ADCSequenceDataGet            
000034ef  __TI_zero_init_nomemset       
0000350b  ADCProcessorTrigger           
00003523  GPIOPinTypeADC                
00003535  GPIOPinTypeI2C                
00003547  GPIOPinTypeI2CSCL             
00003559  GPIOPinTypeSSI                
0000356b  GPIOPinTypeUART               
0000357d  SSIDataGetNonBlocking         
0000358f  TimerLoadSet                  
000035a1  IntMasterEnable               
000035b1  ADCSequenceEnable             
000035bf  TimerEnable                   
000035cd  __TI_decompress_none          
000035db  CPUcpsie                      
000035e9  IntTrigger                    
000035f5  ResetISR                      
00003601  ADCIntClear                   
0000360b  I2CMasterEnable               
00003615  SSIDataPut                    
0000361f  SSIEnable                     
00003629  SSIBusy                       
00003631  TimerIntEnable                
00003639  __aeabi_errno_addr            
00003641  SysCtlDelay                   
00003647  UARTClockSourceSet            
0000364d  TimerIntClear                 
00003651  _system_pre_init              
00003655  C$$EXIT                       
00003655  abort                         
000038c4  __TI_Handler_Table_Base       
000038d0  __TI_Handler_Table_Limit      
000038d8  __TI_CINIT_Base               
000038e8  __TI_CINIT_Limit              
20000000  __stack                       
20000000  __start___llvm_prf_cnts       
20000000  __stop___llvm_prf_cnts        
20000200  __STACK_END                   
20000200  __STACK_TOP                   
20000200  g_sI2CMSimpleInst             
20000324  eD                            
20000328  e_k                           
2000032c  u_k                           
20000330  u_k2                          
20000334  v0                            
20000338  v1                            
2000033c  dato                          
2000033e  valor                         
20000340  g_bMPU6050Done                
20000344  e_k_1                         
20000348  E_k                           
2000034c  kP                            
20000350  kI                            
20000354  kD                            
20000358  freq_muestreo                 
20000364  errno                         
ffffffff  __TI_pprof_out_hndl           
ffffffff  __TI_prof_data_size           
ffffffff  __TI_prof_data_start          
ffffffff  __binit__                     
ffffffff  __c_args__                    
ffffffff  binit                         
UNDEFED   __mpu_init                    
UNDEFED   _system_post_cinit            

[142 symbols]
