******************************************************************************
                  TI ARM Linker PC v20.2.5                     
******************************************************************************
>> Linked Sun Mar 20 15:44:28 2022

OUTPUT FILE NAME:   <miniproyecto.out>
ENTRY POINT SYMBOL: "_c_int00_noargs"  address: 00003461


MEMORY CONFIGURATION

         name            origin    length      used     unused   attr    fill
----------------------  --------  ---------  --------  --------  ----  --------
  FLASH                 00000000   00040000  00003920  0003c6e0  R  X
  SRAM                  20000000   00008000  00000371  00007c8f  RW X


SEGMENT ALLOCATION MAP

run origin  load origin   length   init length attrs members
----------  ----------- ---------- ----------- ----- -------
00000000    00000000    00003928   00003928    r-x
  00000000    00000000    0000026c   0000026c    r-- .intvecs
  0000026c    0000026c    00003420   00003420    r-x .text
  00003690    00003690    00000254   00000254    r-- .const
  000038e8    000038e8    00000040   00000040    r-- .cinit
20000000    20000000    00000374   00000000    rw-
  20000000    20000000    00000200   00000000    rw- .stack
  20000200    20000200    00000139   00000000    rw- .bss
  2000033c    2000033c    00000038   00000000    rw- .data


SECTION ALLOCATION MAP

 output                                  attributes/
section   page    origin      length       input sections
--------  ----  ----------  ----------   ----------------
.intvecs   0    00000000    0000026c     
                  00000000    0000026c     adc_timer_uart_startup_ccs.obj (.intvecs)

.text      0    0000026c    00003420     
                  0000026c    00000cd8     i2cm_drv.obj (.text)
                  00000f44    00000708     main.obj (.text)
                  0000164c    000005b0     mpu6050.obj (.text)
                  00001bfc    000004dc     uartstdio.obj (.text)
                  000020d8    000002ec     rtsv7M4_T_le_v4SPD16_eabi.lib : s_atan.c.obj (.text:atan)
                  000023c4    000001e4                                   : e_atan2.c.obj (.text:atan2)
                  000025a8    000001b6                                   : fd_add_t2.asm.obj (.text)
                  0000275e    00000002                                   : div0.asm.obj (.text)
                  00002760    00000158                                   : e_sqrt.c.obj (.text:sqrt)
                  000028b8    00000136                                   : fd_div_t2.asm.obj (.text)
                  000029ee    00000132     driverlib.lib : gpio.obj (.text:GPIOPadConfigSet)
                  00002b20    00000110                   : sysctl.obj (.text:SysCtlClockGet)
                  00002c30    000000fc     rtsv7M4_T_le_v4SPD16_eabi.lib : fd_mul_t2.asm.obj (.text)
                  00002d2c    000000f4     driverlib.lib : sysctl.obj (.text:SysCtlClockSet)
                  00002e20    0000009c     rtsv7M4_T_le_v4SPD16_eabi.lib : memcpy_t2.asm.obj (.text)
                  00002ebc    00000086                                   : fd_cmp_t2.asm.obj (.text:__aeabi_cdrcmple)
                  00002f42    0000007a     driverlib.lib : adc.obj (.text:ADCSequenceStepConfigure)
                  00002fbc    0000006e     rtsv7M4_T_le_v4SPD16_eabi.lib : fd_tos_t2.asm.obj (.text)
                  0000302a    00000002     --HOLE-- [fill = 0]
                  0000302c    00000068     driverlib.lib : interrupt.obj (.text:IntEnable)
                  00003094    00000068     rtsv7M4_T_le_v4SPD16_eabi.lib : copy_decompress_lzss.c.obj (.text:decompress:lzss:__TI_decompress_lzss)
                  000030fc    00000060     driverlib.lib : timer.obj (.text:TimerConfigure)
                  0000315c    00000050                   : adc.obj (.text:ADCSequenceConfigure)
                  000031ac    00000050                   : sysctl.obj (.text:SysCtlPeripheralReset)
                  000031fc    0000004c                   : i2c.obj (.text:I2CMasterInitExpClk)
                  00003248    00000048                   : gpio.obj (.text:GPIOPinConfigure)
                  00003290    00000044     rtsv7M4_T_le_v4SPD16_eabi.lib : autoinit.c.obj (.text:__TI_auto_init_nobinit_nopinit:__TI_auto_init_nobinit_nopinit)
                  000032d4    00000040                                   : u_divt2.asm.obj (.text)
                  00003314    0000003c     driverlib.lib : ssi.obj (.text:SSIConfigSetExpClk)
                  00003350    00000038     rtsv7M4_T_le_v4SPD16_eabi.lib : fs_tod_t2.asm.obj (.text)
                  00003388    00000036     i2cm_drv.obj (.text:I2CMRead)
                  000033be    00000036     i2cm_drv.obj (.text:I2CMWrite)
                  000033f4    00000036     i2cm_drv.obj (.text:I2CMWriteBatched)
                  0000342a    00000002     --HOLE-- [fill = 0]
                  0000342c    00000034     driverlib.lib : sysctl.obj (.text:SysCtlPeripheralEnable)
                  00003460    00000034     rtsv7M4_T_le_v4SPD16_eabi.lib : boot_cortex_m.c.obj (.text:_c_int00_noargs:_c_int00_noargs)
                  00003494    0000002e     driverlib.lib : adc.obj (.text:ADCIntStatus)
                  000034c2    0000002a                   : gpio.obj (.text:GPIODirModeSet)
                  000034ec    0000001e                   : adc.obj (.text:ADCSequenceDataGet)
                  0000350a    0000001c     rtsv7M4_T_le_v4SPD16_eabi.lib : copy_zero_init.c.obj (.text:decompress:ZI:__TI_zero_init_nomemset:__TI_zero_init_nomemset)
                  00003526    00000018     driverlib.lib : adc.obj (.text:ADCProcessorTrigger)
                  0000353e    00000012                   : gpio.obj (.text:GPIOPinTypeADC)
                  00003550    00000012                   : gpio.obj (.text:GPIOPinTypeI2C)
                  00003562    00000012                   : gpio.obj (.text:GPIOPinTypeI2CSCL)
                  00003574    00000012                   : gpio.obj (.text:GPIOPinTypeSSI)
                  00003586    00000012                   : gpio.obj (.text:GPIOPinTypeUART)
                  00003598    00000012                   : ssi.obj (.text:SSIDataGetNonBlocking)
                  000035aa    00000012                   : timer.obj (.text:TimerLoadSet)
                  000035bc    00000010                   : interrupt.obj (.text:IntMasterEnable)
                  000035cc    0000000e                   : adc.obj (.text:ADCSequenceEnable)
                  000035da    0000000e                   : timer.obj (.text:TimerEnable)
                  000035e8    0000000e                   : uart.obj (.text:UARTCharGetNonBlocking)
                  000035f6    0000000e     rtsv7M4_T_le_v4SPD16_eabi.lib : copy_decompress_none.c.obj (.text:decompress:none:__TI_decompress_none)
                  00003604    0000000c     driverlib.lib : cpu.obj (.text:CPUcpsie)
                  00003610    0000000c                   : interrupt.obj (.text:IntTrigger)
                  0000361c    0000000c     adc_timer_uart_startup_ccs.obj (.text)
                  00003628    0000000a     driverlib.lib : adc.obj (.text:ADCIntClear)
                  00003632    0000000a                   : i2c.obj (.text:I2CMasterEnable)
                  0000363c    0000000a                   : ssi.obj (.text:SSIDataPut)
                  00003646    0000000a                   : ssi.obj (.text:SSIEnable)
                  00003650    0000000a                   : uart.obj (.text:UARTCharPut)
                  0000365a    00000008                   : ssi.obj (.text:SSIBusy)
                  00003662    00000008                   : timer.obj (.text:TimerIntEnable)
                  0000366a    00000002     --HOLE-- [fill = 0]
                  0000366c    00000008     rtsv7M4_T_le_v4SPD16_eabi.lib : errno.c.obj (.text:__aeabi_errno_addr)
                  00003674    00000006     driverlib.lib : sysctl.obj (.text:SysCtlDelay)
                  0000367a    00000006                   : uart.obj (.text:UARTClockSourceSet)
                  00003680    00000004                   : timer.obj (.text:TimerIntClear)
                  00003684    00000004     rtsv7M4_T_le_v4SPD16_eabi.lib : pre_init.c.obj (.text:_system_pre_init)
                  00003688    00000004                                   : exit.c.obj (.text:abort:abort)

.const     0    00003690    00000254     
                  00003690    00000098     rtsv7M4_T_le_v4SPD16_eabi.lib : s_atan.c.obj (.const:$O1$$)
                  00003728    00000090     driverlib.lib : gpio.obj (.const:g_pui32GPIOBaseAddrs)
                  000037b8    00000070                   : interrupt.obj (.const)
                  00003828    0000006c                   : sysctl.obj (.const:g_pui32Xtals)
                  00003894    00000012     uartstdio.obj (.const:.string)
                  000038a6    00000002     --HOLE-- [fill = 0]
                  000038a8    00000010     mpu6050.obj (.const:g_fMPU6050AccelFactors)
                  000038b8    00000010     mpu6050.obj (.const:g_fMPU6050GyroFactors)
                  000038c8    0000000c     uartstdio.obj (.const:g_ui32UARTBase)
                  000038d4    0000000c     uartstdio.obj (.const:g_ui32UARTPeriph)
                  000038e0    00000004     uartstdio.obj (.const)

.cinit     0    000038e8    00000040     
                  000038e8    00000018     (.cinit..data.load) [load image, compression = lzss]
                  00003900    0000000c     (__TI_handler_table)
                  0000390c    00000004     --HOLE-- [fill = 0]
                  00003910    00000008     (.cinit..bss.load) [load image, compression = zero_init]
                  00003918    00000010     (__TI_cinit_table)

.init_array 
*          0    00000000    00000000     UNINITIALIZED

.bss       0    20000200    00000139     UNINITIALIZED
                  20000200    00000124     (.common:g_sI2CMSimpleInst)
                  20000324    00000004     (.common:eD)
                  20000328    00000004     (.common:e_k)
                  2000032c    00000004     (.common:u_k)
                  20000330    00000004     (.common:u_k2)
                  20000334    00000002     (.common:dato)
                  20000336    00000002     (.common:valor)
                  20000338    00000001     (.common:g_bMPU6050Done)

.data      0    2000033c    00000038     UNINITIALIZED
                  2000033c    0000002a     main.obj (.data)
                  20000366    00000002     --HOLE--
                  20000368    00000005     uartstdio.obj (.data)
                  2000036d    00000003     --HOLE--
                  20000370    00000004     rtsv7M4_T_le_v4SPD16_eabi.lib : errno.c.obj (.data)

.stack     0    20000000    00000200     UNINITIALIZED
                  20000000    00000004     rtsv7M4_T_le_v4SPD16_eabi.lib : boot_cortex_m.c.obj (.stack)
                  20000004    000001fc     --HOLE--

__llvm_prf_cnts 
*          0    20000000    00000000     UNINITIALIZED

MODULE SUMMARY

       Module                           code    ro data   rw data
       ------                           ----    -------   -------
    .\
       i2cm_drv.obj                     3450    0         0      
       main.obj                         1800    0         355    
       mpu6050.obj                      1456    32        0      
       uartstdio.obj                    1244    46        5      
       adc_timer_uart_startup_ccs.obj   12      620       0      
    +--+--------------------------------+-------+---------+---------+
       Total:                           7962    698       360    
                                                                 
    C:/ti/TivaWare_C_Series-2.1.4.178/driverlib/ccs/Debug/driverlib.lib
       sysctl.obj                       654     108       0      
       gpio.obj                         510     144       0      
       adc.obj                          326     0         0      
       interrupt.obj                    132     112       0      
       timer.obj                        140     0         0      
       ssi.obj                          106     0         0      
       i2c.obj                          86      0         0      
       uart.obj                         30      0         0      
       cpu.obj                          12      0         0      
    +--+--------------------------------+-------+---------+---------+
       Total:                           1996    364       0      
                                                                 
    C:\ti\ccs1040\ccs\tools\compiler\ti-cgt-arm_20.2.5.LTS\lib\rtsv7M4_T_le_v4SPD16_eabi.lib
       s_atan.c.obj                     748     152       0      
       e_atan2.c.obj                    484     0         0      
       fd_add_t2.asm.obj                438     0         0      
       e_sqrt.c.obj                     344     0         0      
       fd_div_t2.asm.obj                310     0         0      
       fd_mul_t2.asm.obj                252     0         0      
       memcpy_t2.asm.obj                156     0         0      
       fd_cmp_t2.asm.obj                134     0         0      
       fd_tos_t2.asm.obj                110     0         0      
       copy_decompress_lzss.c.obj       104     0         0      
       autoinit.c.obj                   68      0         0      
       u_divt2.asm.obj                  64      0         0      
       fs_tod_t2.asm.obj                56      0         0      
       boot_cortex_m.c.obj              52      0         0      
       copy_zero_init.c.obj             28      0         0      
       copy_decompress_none.c.obj       14      0         0      
       errno.c.obj                      8       0         4      
       exit.c.obj                       4       0         0      
       pre_init.c.obj                   4       0         0      
       div0.asm.obj                     2       0         0      
    +--+--------------------------------+-------+---------+---------+
       Total:                           3380    152       4      
                                                                 
       Stack:                           0       0         512    
       Linker Generated:                0       60        0      
    +--+--------------------------------+-------+---------+---------+
       Grand Total:                     13338   1274      876    


LINKER GENERATED COPY TABLES

__TI_cinit_table @ 00003918 records: 2, size/record: 8, table size: 16
	.data: load addr=000038e8, load size=00000018 bytes, run addr=2000033c, run size=00000038 bytes, compression=lzss
	.bss: load addr=00003910, load size=00000008 bytes, run addr=20000200, run size=00000139 bytes, compression=zero_init


LINKER GENERATED HANDLER TABLE

__TI_handler_table @ 00003900 records: 3, size/record: 4, table size: 12
	index: 0, handler: __TI_decompress_lzss
	index: 1, handler: __TI_decompress_none
	index: 2, handler: __TI_zero_init


GLOBAL SYMBOLS: SORTED ALPHABETICALLY BY Name 

address   name                          
-------   ----                          
00003629  ADCIntClear                   
00003495  ADCIntStatus                  
00003527  ADCProcessorTrigger           
0000315d  ADCSequenceConfigure          
000034ed  ADCSequenceDataGet            
000035cd  ADCSequenceEnable             
00002f43  ADCSequenceStepConfigure      
00003689  C$$EXIT                       
00003605  CPUcpsie                      
00000fa1  ConfigureUART                 
20000340  E_k                           
000034c3  GPIODirModeSet                
000029ef  GPIOPadConfigSet              
00003249  GPIOPinConfigure              
0000353f  GPIOPinTypeADC                
00003551  GPIOPinTypeI2C                
00003563  GPIOPinTypeI2CSCL             
00003575  GPIOPinTypeSSI                
00003587  GPIOPinTypeUART               
00000923  I2CMCommand                   
000008bb  I2CMInit                      
0000078f  I2CMIntHandler                
00003389  I2CMRead                      
00000e09  I2CMRead16BE                  
00000c2d  I2CMReadModifyWrite16LE       
00000add  I2CMReadModifyWrite8          
0000100b  I2CMSimpleIntHandler          
00000a07  I2CMTransferResume            
000033bf  I2CMWrite                     
00000ecf  I2CMWrite16BE                 
00000d3d  I2CMWrite8                    
000033f5  I2CMWriteBatched              
00003633  I2CMasterEnable               
000031fd  I2CMasterInitExpClk           
0000144d  InitConsole                   
00000f45  InitI2C0                      
0000302d  IntEnable                     
000035bd  IntMasterEnable               
00003611  IntTrigger                    
00000ff9  MPU6050Callback               
00001a7d  MPU6050DataAccelGetFloat      
00001a31  MPU6050DataAccelGetRaw        
00001b61  MPU6050DataGyroGetFloat       
00001b11  MPU6050DataGyroGetRaw         
000019cd  MPU6050DataRead               
00001029  MPU6050Example                
000017b7  MPU6050Init                   
00001839  MPU6050Read                   
0000196f  MPU6050ReadModifyWrite        
000018a5  MPU6050Write                  
0000361d  ResetISR                      
0000365b  SSIBusy                       
00003315  SSIConfigSetExpClk            
00003599  SSIDataGetNonBlocking         
0000363d  SSIDataPut                    
00003647  SSIEnable                     
00002b21  SysCtlClockGet                
00002d2d  SysCtlClockSet                
00003675  SysCtlDelay                   
0000342d  SysCtlPeripheralEnable        
000031ad  SysCtlPeripheralReset         
0000129d  Timer0IntHandler              
000030fd  TimerConfigure                
000035db  TimerEnable                   
00003681  TimerIntClear                 
00003663  TimerIntEnable                
000035ab  TimerLoadSet                  
000035e9  UARTCharGetNonBlocking        
00003651  UARTCharPut                   
0000367b  UARTClockSourceSet            
00001bfd  UARTStdioConfig               
00001d75  UARTgetc                      
00001caf  UARTgets                      
000020a3  UARTprintf                    
00001da9  UARTvprintf                   
00001c5d  UARTwrite                     
20000200  __STACK_END                   
00000200  __STACK_SIZE                  
20000200  __STACK_TOP                   
00003918  __TI_CINIT_Base               
00003928  __TI_CINIT_Limit              
00003900  __TI_Handler_Table_Base       
0000390c  __TI_Handler_Table_Limit      
00003291  __TI_auto_init_nobinit_nopinit
00003095  __TI_decompress_lzss          
000035f7  __TI_decompress_none          
ffffffff  __TI_pprof_out_hndl           
ffffffff  __TI_prof_data_size           
ffffffff  __TI_prof_data_start          
00000000  __TI_static_base__            
0000350b  __TI_zero_init_nomemset       
00002ebd  __aeabi_cdrcmple              
00002fbd  __aeabi_d2f                   
000025b3  __aeabi_dadd                  
000028b9  __aeabi_ddiv                  
00002c31  __aeabi_dmul                  
000025a9  __aeabi_dsub                  
0000366d  __aeabi_errno_addr            
00003351  __aeabi_f2d                   
0000275f  __aeabi_idiv0                 
0000275f  __aeabi_ldiv0                 
00002e21  __aeabi_memcpy                
00002e21  __aeabi_memcpy4               
00002e21  __aeabi_memcpy8               
000032d5  __aeabi_uidiv                 
000032d5  __aeabi_uidivmod              
ffffffff  __binit__                     
ffffffff  __c_args__                    
UNDEFED   __mpu_init                    
20000000  __stack                       
20000000  __start___llvm_prf_cnts       
20000000  __stop___llvm_prf_cnts        
00003461  _c_int00_noargs               
UNDEFED   _system_post_cinit            
00003685  _system_pre_init              
00003689  abort                         
000020d9  atan                          
000023c5  atan2                         
000023c5  atan2l                        
000020d9  atanl                         
ffffffff  binit                         
20000334  dato                          
00000fdd  delayMS                       
20000324  eD                            
20000328  e_k                           
2000033c  e_k_1                         
20000370  errno                         
20000364  freq_muestreo                 
20000338  g_bMPU6050Done                
00000000  g_pfnVectors                  
20000200  g_sI2CMSimpleInst             
2000034c  kD                            
20000348  kI                            
20000344  kP                            
00001495  main                          
20000354  mat                           
00002e21  memcpy                        
20000350  referencia                    
00002761  sqrt                          
00002761  sqrtl                         
2000032c  u_k                           
20000330  u_k2                          
20000336  valor                         
20000358  x                             
2000035c  y                             
20000360  z                             


GLOBAL SYMBOLS: SORTED BY Symbol Address 

address   name                          
-------   ----                          
00000000  __TI_static_base__            
00000000  g_pfnVectors                  
00000200  __STACK_SIZE                  
0000078f  I2CMIntHandler                
000008bb  I2CMInit                      
00000923  I2CMCommand                   
00000a07  I2CMTransferResume            
00000add  I2CMReadModifyWrite8          
00000c2d  I2CMReadModifyWrite16LE       
00000d3d  I2CMWrite8                    
00000e09  I2CMRead16BE                  
00000ecf  I2CMWrite16BE                 
00000f45  InitI2C0                      
00000fa1  ConfigureUART                 
00000fdd  delayMS                       
00000ff9  MPU6050Callback               
0000100b  I2CMSimpleIntHandler          
00001029  MPU6050Example                
0000129d  Timer0IntHandler              
0000144d  InitConsole                   
00001495  main                          
000017b7  MPU6050Init                   
00001839  MPU6050Read                   
000018a5  MPU6050Write                  
0000196f  MPU6050ReadModifyWrite        
000019cd  MPU6050DataRead               
00001a31  MPU6050DataAccelGetRaw        
00001a7d  MPU6050DataAccelGetFloat      
00001b11  MPU6050DataGyroGetRaw         
00001b61  MPU6050DataGyroGetFloat       
00001bfd  UARTStdioConfig               
00001c5d  UARTwrite                     
00001caf  UARTgets                      
00001d75  UARTgetc                      
00001da9  UARTvprintf                   
000020a3  UARTprintf                    
000020d9  atan                          
000020d9  atanl                         
000023c5  atan2                         
000023c5  atan2l                        
000025a9  __aeabi_dsub                  
000025b3  __aeabi_dadd                  
0000275f  __aeabi_idiv0                 
0000275f  __aeabi_ldiv0                 
00002761  sqrt                          
00002761  sqrtl                         
000028b9  __aeabi_ddiv                  
000029ef  GPIOPadConfigSet              
00002b21  SysCtlClockGet                
00002c31  __aeabi_dmul                  
00002d2d  SysCtlClockSet                
00002e21  __aeabi_memcpy                
00002e21  __aeabi_memcpy4               
00002e21  __aeabi_memcpy8               
00002e21  memcpy                        
00002ebd  __aeabi_cdrcmple              
00002f43  ADCSequenceStepConfigure      
00002fbd  __aeabi_d2f                   
0000302d  IntEnable                     
00003095  __TI_decompress_lzss          
000030fd  TimerConfigure                
0000315d  ADCSequenceConfigure          
000031ad  SysCtlPeripheralReset         
000031fd  I2CMasterInitExpClk           
00003249  GPIOPinConfigure              
00003291  __TI_auto_init_nobinit_nopinit
000032d5  __aeabi_uidiv                 
000032d5  __aeabi_uidivmod              
00003315  SSIConfigSetExpClk            
00003351  __aeabi_f2d                   
00003389  I2CMRead                      
000033bf  I2CMWrite                     
000033f5  I2CMWriteBatched              
0000342d  SysCtlPeripheralEnable        
00003461  _c_int00_noargs               
00003495  ADCIntStatus                  
000034c3  GPIODirModeSet                
000034ed  ADCSequenceDataGet            
0000350b  __TI_zero_init_nomemset       
00003527  ADCProcessorTrigger           
0000353f  GPIOPinTypeADC                
00003551  GPIOPinTypeI2C                
00003563  GPIOPinTypeI2CSCL             
00003575  GPIOPinTypeSSI                
00003587  GPIOPinTypeUART               
00003599  SSIDataGetNonBlocking         
000035ab  TimerLoadSet                  
000035bd  IntMasterEnable               
000035cd  ADCSequenceEnable             
000035db  TimerEnable                   
000035e9  UARTCharGetNonBlocking        
000035f7  __TI_decompress_none          
00003605  CPUcpsie                      
00003611  IntTrigger                    
0000361d  ResetISR                      
00003629  ADCIntClear                   
00003633  I2CMasterEnable               
0000363d  SSIDataPut                    
00003647  SSIEnable                     
00003651  UARTCharPut                   
0000365b  SSIBusy                       
00003663  TimerIntEnable                
0000366d  __aeabi_errno_addr            
00003675  SysCtlDelay                   
0000367b  UARTClockSourceSet            
00003681  TimerIntClear                 
00003685  _system_pre_init              
00003689  C$$EXIT                       
00003689  abort                         
00003900  __TI_Handler_Table_Base       
0000390c  __TI_Handler_Table_Limit      
00003918  __TI_CINIT_Base               
00003928  __TI_CINIT_Limit              
20000000  __stack                       
20000000  __start___llvm_prf_cnts       
20000000  __stop___llvm_prf_cnts        
20000200  __STACK_END                   
20000200  __STACK_TOP                   
20000200  g_sI2CMSimpleInst             
20000324  eD                            
20000328  e_k                           
2000032c  u_k                           
20000330  u_k2                          
20000334  dato                          
20000336  valor                         
20000338  g_bMPU6050Done                
2000033c  e_k_1                         
20000340  E_k                           
20000344  kP                            
20000348  kI                            
2000034c  kD                            
20000350  referencia                    
20000354  mat                           
20000358  x                             
2000035c  y                             
20000360  z                             
20000364  freq_muestreo                 
20000370  errno                         
ffffffff  __TI_pprof_out_hndl           
ffffffff  __TI_prof_data_size           
ffffffff  __TI_prof_data_start          
ffffffff  __binit__                     
ffffffff  __c_args__                    
ffffffff  binit                         
UNDEFED   __mpu_init                    
UNDEFED   _system_post_cinit            

[146 symbols]
