******************************************************************************
                  TI ARM Linker PC v20.2.5                     
******************************************************************************
>> Linked Sun Mar 20 12:48:10 2022

OUTPUT FILE NAME:   <miniproyecto.out>
ENTRY POINT SYMBOL: "_c_int00_noargs"  address: 00003489


MEMORY CONFIGURATION

         name            origin    length      used     unused   attr    fill
----------------------  --------  ---------  --------  --------  ----  --------
  FLASH                 00000000   00040000  00003948  0003c6b8  R  X
  SRAM                  20000000   00008000  00000365  00007c9b  RW X


SEGMENT ALLOCATION MAP

run origin  load origin   length   init length attrs members
----------  ----------- ---------- ----------- ----- -------
00000000    00000000    00003950   00003950    r-x
  00000000    00000000    0000026c   0000026c    r-- .intvecs
  0000026c    0000026c    00003450   00003450    r-x .text
  000036c0    000036c0    00000254   00000254    r-- .const
  00003918    00003918    00000038   00000038    r-- .cinit
20000000    20000000    00000368   00000000    rw-
  20000000    20000000    00000200   00000000    rw- .stack
  20000200    20000200    00000141   00000000    rw- .bss
  20000344    20000344    00000024   00000000    rw- .data


SECTION ALLOCATION MAP

 output                                  attributes/
section   page    origin      length       input sections
--------  ----  ----------  ----------   ----------------
.intvecs   0    00000000    0000026c     
                  00000000    0000026c     adc_timer_uart_startup_ccs.obj (.intvecs)

.text      0    0000026c    00003450     
                  0000026c    00000cd8     i2cm_drv.obj (.text)
                  00000f44    00000730     main.obj (.text)
                  00001674    000005b0     mpu6050.obj (.text)
                  00001c24    000004dc     uartstdio.obj (.text)
                  00002100    000002ec     rtsv7M4_T_le_v4SPD16_eabi.lib : s_atan.c.obj (.text:atan)
                  000023ec    000001e4                                   : e_atan2.c.obj (.text:atan2)
                  000025d0    000001b6                                   : fd_add_t2.asm.obj (.text)
                  00002786    00000002                                   : div0.asm.obj (.text)
                  00002788    00000158                                   : e_sqrt.c.obj (.text:sqrt)
                  000028e0    00000136                                   : fd_div_t2.asm.obj (.text)
                  00002a16    00000132     driverlib.lib : gpio.obj (.text:GPIOPadConfigSet)
                  00002b48    00000110                   : sysctl.obj (.text:SysCtlClockGet)
                  00002c58    000000fc     rtsv7M4_T_le_v4SPD16_eabi.lib : fd_mul_t2.asm.obj (.text)
                  00002d54    000000f4     driverlib.lib : sysctl.obj (.text:SysCtlClockSet)
                  00002e48    0000009c     rtsv7M4_T_le_v4SPD16_eabi.lib : memcpy_t2.asm.obj (.text)
                  00002ee4    00000086                                   : fd_cmp_t2.asm.obj (.text:__aeabi_cdrcmple)
                  00002f6a    0000007a     driverlib.lib : adc.obj (.text:ADCSequenceStepConfigure)
                  00002fe4    0000006e     rtsv7M4_T_le_v4SPD16_eabi.lib : fd_tos_t2.asm.obj (.text)
                  00003052    00000002     --HOLE-- [fill = 0]
                  00003054    00000068     driverlib.lib : interrupt.obj (.text:IntEnable)
                  000030bc    00000068     rtsv7M4_T_le_v4SPD16_eabi.lib : copy_decompress_lzss.c.obj (.text:decompress:lzss:__TI_decompress_lzss)
                  00003124    00000060     driverlib.lib : timer.obj (.text:TimerConfigure)
                  00003184    00000050                   : adc.obj (.text:ADCSequenceConfigure)
                  000031d4    00000050                   : sysctl.obj (.text:SysCtlPeripheralReset)
                  00003224    0000004c                   : i2c.obj (.text:I2CMasterInitExpClk)
                  00003270    00000048                   : gpio.obj (.text:GPIOPinConfigure)
                  000032b8    00000044     rtsv7M4_T_le_v4SPD16_eabi.lib : autoinit.c.obj (.text:__TI_auto_init_nobinit_nopinit:__TI_auto_init_nobinit_nopinit)
                  000032fc    00000040                                   : u_divt2.asm.obj (.text)
                  0000333c    0000003c     driverlib.lib : ssi.obj (.text:SSIConfigSetExpClk)
                  00003378    00000038     rtsv7M4_T_le_v4SPD16_eabi.lib : fs_tod_t2.asm.obj (.text)
                  000033b0    00000036     i2cm_drv.obj (.text:I2CMRead)
                  000033e6    00000036     i2cm_drv.obj (.text:I2CMWrite)
                  0000341c    00000036     i2cm_drv.obj (.text:I2CMWriteBatched)
                  00003452    00000002     --HOLE-- [fill = 0]
                  00003454    00000034     driverlib.lib : sysctl.obj (.text:SysCtlPeripheralEnable)
                  00003488    00000034     rtsv7M4_T_le_v4SPD16_eabi.lib : boot_cortex_m.c.obj (.text:_c_int00_noargs:_c_int00_noargs)
                  000034bc    0000002e     driverlib.lib : adc.obj (.text:ADCIntStatus)
                  000034ea    0000002a                   : gpio.obj (.text:GPIODirModeSet)
                  00003514    00000020     rtsv7M4_T_le_v4SPD16_eabi.lib : u_tofd_t2.asm.obj (.text)
                  00003534    0000001e     driverlib.lib : adc.obj (.text:ADCSequenceDataGet)
                  00003552    0000001c     rtsv7M4_T_le_v4SPD16_eabi.lib : copy_zero_init.c.obj (.text:decompress:ZI:__TI_zero_init_nomemset:__TI_zero_init_nomemset)
                  0000356e    00000018     driverlib.lib : adc.obj (.text:ADCProcessorTrigger)
                  00003586    00000012                   : gpio.obj (.text:GPIOPinTypeADC)
                  00003598    00000012                   : gpio.obj (.text:GPIOPinTypeI2C)
                  000035aa    00000012                   : gpio.obj (.text:GPIOPinTypeI2CSCL)
                  000035bc    00000012                   : gpio.obj (.text:GPIOPinTypeSSI)
                  000035ce    00000012                   : gpio.obj (.text:GPIOPinTypeUART)
                  000035e0    00000012                   : ssi.obj (.text:SSIDataGetNonBlocking)
                  000035f2    00000012                   : timer.obj (.text:TimerLoadSet)
                  00003604    00000010                   : interrupt.obj (.text:IntMasterEnable)
                  00003614    0000000e                   : adc.obj (.text:ADCSequenceEnable)
                  00003622    0000000e                   : timer.obj (.text:TimerEnable)
                  00003630    0000000e     rtsv7M4_T_le_v4SPD16_eabi.lib : copy_decompress_none.c.obj (.text:decompress:none:__TI_decompress_none)
                  0000363e    0000000c     driverlib.lib : cpu.obj (.text:CPUcpsie)
                  0000364a    00000002     --HOLE-- [fill = 0]
                  0000364c    0000000c                   : interrupt.obj (.text:IntTrigger)
                  00003658    0000000c     adc_timer_uart_startup_ccs.obj (.text)
                  00003664    0000000a     driverlib.lib : adc.obj (.text:ADCIntClear)
                  0000366e    0000000a                   : i2c.obj (.text:I2CMasterEnable)
                  00003678    0000000a                   : ssi.obj (.text:SSIDataPut)
                  00003682    0000000a                   : ssi.obj (.text:SSIEnable)
                  0000368c    00000008                   : ssi.obj (.text:SSIBusy)
                  00003694    00000008                   : timer.obj (.text:TimerIntEnable)
                  0000369c    00000008     rtsv7M4_T_le_v4SPD16_eabi.lib : errno.c.obj (.text:__aeabi_errno_addr)
                  000036a4    00000006     driverlib.lib : sysctl.obj (.text:SysCtlDelay)
                  000036aa    00000006                   : uart.obj (.text:UARTClockSourceSet)
                  000036b0    00000004                   : timer.obj (.text:TimerIntClear)
                  000036b4    00000004     rtsv7M4_T_le_v4SPD16_eabi.lib : pre_init.c.obj (.text:_system_pre_init)
                  000036b8    00000004                                   : exit.c.obj (.text:abort:abort)

.const     0    000036c0    00000254     
                  000036c0    00000098     rtsv7M4_T_le_v4SPD16_eabi.lib : s_atan.c.obj (.const:$O1$$)
                  00003758    00000090     driverlib.lib : gpio.obj (.const:g_pui32GPIOBaseAddrs)
                  000037e8    00000070                   : interrupt.obj (.const)
                  00003858    0000006c                   : sysctl.obj (.const:g_pui32Xtals)
                  000038c4    00000012     uartstdio.obj (.const:.string)
                  000038d6    00000002     --HOLE-- [fill = 0]
                  000038d8    00000010     mpu6050.obj (.const:g_fMPU6050AccelFactors)
                  000038e8    00000010     mpu6050.obj (.const:g_fMPU6050GyroFactors)
                  000038f8    0000000c     uartstdio.obj (.const:g_ui32UARTBase)
                  00003904    0000000c     uartstdio.obj (.const:g_ui32UARTPeriph)
                  00003910    00000004     uartstdio.obj (.const)

.cinit     0    00003918    00000038     
                  00003918    00000012     (.cinit..data.load) [load image, compression = lzss]
                  0000392a    00000002     --HOLE-- [fill = 0]
                  0000392c    0000000c     (__TI_handler_table)
                  00003938    00000008     (.cinit..bss.load) [load image, compression = zero_init]
                  00003940    00000010     (__TI_cinit_table)

.init_array 
*          0    00000000    00000000     UNINITIALIZED

.bss       0    20000200    00000141     UNINITIALIZED
                  20000200    00000124     (.common:g_sI2CMSimpleInst)
                  20000324    00000004     (.common:eD)
                  20000328    00000004     (.common:e_k)
                  2000032c    00000004     (.common:u_k)
                  20000330    00000004     (.common:u_k2)
                  20000334    00000004     (.common:v0)
                  20000338    00000004     (.common:v1)
                  2000033c    00000002     (.common:dato)
                  2000033e    00000002     (.common:valor)
                  20000340    00000001     (.common:g_bMPU6050Done)

.data      0    20000344    00000024     UNINITIALIZED
                  20000344    00000016     main.obj (.data)
                  2000035a    00000002     --HOLE--
                  2000035c    00000005     uartstdio.obj (.data)
                  20000361    00000003     --HOLE--
                  20000364    00000004     rtsv7M4_T_le_v4SPD16_eabi.lib : errno.c.obj (.data)

.stack     0    20000000    00000200     UNINITIALIZED
                  20000000    00000004     rtsv7M4_T_le_v4SPD16_eabi.lib : boot_cortex_m.c.obj (.stack)
                  20000004    000001fc     --HOLE--

__llvm_prf_cnts 
*          0    20000000    00000000     UNINITIALIZED

MODULE SUMMARY

       Module                           code    ro data   rw data
       ------                           ----    -------   -------
    .\
       i2cm_drv.obj                     3450    0         0      
       main.obj                         1840    0         343    
       mpu6050.obj                      1456    32        0      
       uartstdio.obj                    1244    46        5      
       adc_timer_uart_startup_ccs.obj   12      620       0      
    +--+--------------------------------+-------+---------+---------+
       Total:                           8002    698       348    
                                                                 
    C:/ti/TivaWare_C_Series-2.1.4.178/driverlib/ccs/Debug/driverlib.lib
       sysctl.obj                       654     108       0      
       gpio.obj                         510     144       0      
       adc.obj                          326     0         0      
       interrupt.obj                    132     112       0      
       timer.obj                        140     0         0      
       ssi.obj                          106     0         0      
       i2c.obj                          86      0         0      
       cpu.obj                          12      0         0      
       uart.obj                         6       0         0      
    +--+--------------------------------+-------+---------+---------+
       Total:                           1972    364       0      
                                                                 
    C:\ti\ccs1040\ccs\tools\compiler\ti-cgt-arm_20.2.5.LTS\lib\rtsv7M4_T_le_v4SPD16_eabi.lib
       s_atan.c.obj                     748     152       0      
       e_atan2.c.obj                    484     0         0      
       fd_add_t2.asm.obj                438     0         0      
       e_sqrt.c.obj                     344     0         0      
       fd_div_t2.asm.obj                310     0         0      
       fd_mul_t2.asm.obj                252     0         0      
       memcpy_t2.asm.obj                156     0         0      
       fd_cmp_t2.asm.obj                134     0         0      
       fd_tos_t2.asm.obj                110     0         0      
       copy_decompress_lzss.c.obj       104     0         0      
       autoinit.c.obj                   68      0         0      
       u_divt2.asm.obj                  64      0         0      
       fs_tod_t2.asm.obj                56      0         0      
       boot_cortex_m.c.obj              52      0         0      
       u_tofd_t2.asm.obj                32      0         0      
       copy_zero_init.c.obj             28      0         0      
       copy_decompress_none.c.obj       14      0         0      
       errno.c.obj                      8       0         4      
       exit.c.obj                       4       0         0      
       pre_init.c.obj                   4       0         0      
       div0.asm.obj                     2       0         0      
    +--+--------------------------------+-------+---------+---------+
       Total:                           3412    152       4      
                                                                 
       Stack:                           0       0         512    
       Linker Generated:                0       54        0      
    +--+--------------------------------+-------+---------+---------+
       Grand Total:                     13386   1268      864    


LINKER GENERATED COPY TABLES

__TI_cinit_table @ 00003940 records: 2, size/record: 8, table size: 16
	.data: load addr=00003918, load size=00000012 bytes, run addr=20000344, run size=00000024 bytes, compression=lzss
	.bss: load addr=00003938, load size=00000008 bytes, run addr=20000200, run size=00000141 bytes, compression=zero_init


LINKER GENERATED HANDLER TABLE

__TI_handler_table @ 0000392c records: 3, size/record: 4, table size: 12
	index: 0, handler: __TI_decompress_lzss
	index: 1, handler: __TI_decompress_none
	index: 2, handler: __TI_zero_init


GLOBAL SYMBOLS: SORTED ALPHABETICALLY BY Name 

address   name                          
-------   ----                          
00003665  ADCIntClear                   
000034bd  ADCIntStatus                  
0000356f  ADCProcessorTrigger           
00003185  ADCSequenceConfigure          
00003535  ADCSequenceDataGet            
00003615  ADCSequenceEnable             
00002f6b  ADCSequenceStepConfigure      
000036b9  C$$EXIT                       
0000363f  CPUcpsie                      
00000fa1  ConfigureUART                 
20000348  E_k                           
000034eb  GPIODirModeSet                
00002a17  GPIOPadConfigSet              
00003271  GPIOPinConfigure              
00003587  GPIOPinTypeADC                
00003599  GPIOPinTypeI2C                
000035ab  GPIOPinTypeI2CSCL             
000035bd  GPIOPinTypeSSI                
000035cf  GPIOPinTypeUART               
00000923  I2CMCommand                   
000008bb  I2CMInit                      
0000078f  I2CMIntHandler                
000033b1  I2CMRead                      
00000e09  I2CMRead16BE                  
00000c2d  I2CMReadModifyWrite16LE       
00000add  I2CMReadModifyWrite8          
0000100b  I2CMSimpleIntHandler          
00000a07  I2CMTransferResume            
000033e7  I2CMWrite                     
00000ecf  I2CMWrite16BE                 
00000d3d  I2CMWrite8                    
0000341d  I2CMWriteBatched              
0000366f  I2CMasterEnable               
00003225  I2CMasterInitExpClk           
0000146d  InitConsole                   
00000f45  InitI2C0                      
00003055  IntEnable                     
00003605  IntMasterEnable               
0000364d  IntTrigger                    
00000ff9  MPU6050Callback               
00001aa5  MPU6050DataAccelGetFloat      
00001a59  MPU6050DataAccelGetRaw        
00001b89  MPU6050DataGyroGetFloat       
00001b39  MPU6050DataGyroGetRaw         
000019f5  MPU6050DataRead               
00001015  MPU6050Example                
000017df  MPU6050Init                   
00001861  MPU6050Read                   
00001997  MPU6050ReadModifyWrite        
000018cd  MPU6050Write                  
00003659  ResetISR                      
0000368d  SSIBusy                       
0000333d  SSIConfigSetExpClk            
000035e1  SSIDataGetNonBlocking         
00003679  SSIDataPut                    
00003683  SSIEnable                     
00002b49  SysCtlClockGet                
00002d55  SysCtlClockSet                
000036a5  SysCtlDelay                   
00003455  SysCtlPeripheralEnable        
000031d5  SysCtlPeripheralReset         
00001281  Timer0IntHandler              
00003125  TimerConfigure                
00003623  TimerEnable                   
000036b1  TimerIntClear                 
00003695  TimerIntEnable                
000035f3  TimerLoadSet                  
000036ab  UARTClockSourceSet            
00001c25  UARTStdioConfig               
00001d9d  UARTgetc                      
00001cd7  UARTgets                      
000020cb  UARTprintf                    
00001dd1  UARTvprintf                   
00001c85  UARTwrite                     
20000200  __STACK_END                   
00000200  __STACK_SIZE                  
20000200  __STACK_TOP                   
00003940  __TI_CINIT_Base               
00003950  __TI_CINIT_Limit              
0000392c  __TI_Handler_Table_Base       
00003938  __TI_Handler_Table_Limit      
000032b9  __TI_auto_init_nobinit_nopinit
000030bd  __TI_decompress_lzss          
00003631  __TI_decompress_none          
ffffffff  __TI_pprof_out_hndl           
ffffffff  __TI_prof_data_size           
ffffffff  __TI_prof_data_start          
00000000  __TI_static_base__            
00003553  __TI_zero_init_nomemset       
00002ee5  __aeabi_cdrcmple              
00002fe5  __aeabi_d2f                   
000025db  __aeabi_dadd                  
000028e1  __aeabi_ddiv                  
00002c59  __aeabi_dmul                  
000025d1  __aeabi_dsub                  
0000369d  __aeabi_errno_addr            
00003379  __aeabi_f2d                   
00002787  __aeabi_idiv0                 
00002787  __aeabi_ldiv0                 
00002e49  __aeabi_memcpy                
00002e49  __aeabi_memcpy4               
00002e49  __aeabi_memcpy8               
00003515  __aeabi_ui2d                  
000032fd  __aeabi_uidiv                 
000032fd  __aeabi_uidivmod              
ffffffff  __binit__                     
ffffffff  __c_args__                    
UNDEFED   __mpu_init                    
20000000  __stack                       
20000000  __start___llvm_prf_cnts       
20000000  __stop___llvm_prf_cnts        
00003489  _c_int00_noargs               
UNDEFED   _system_post_cinit            
000036b5  _system_pre_init              
000036b9  abort                         
00002101  atan                          
000023ed  atan2                         
000023ed  atan2l                        
00002101  atanl                         
ffffffff  binit                         
2000033c  dato                          
00000fdd  delayMS                       
20000324  eD                            
20000328  e_k                           
20000344  e_k_1                         
20000364  errno                         
20000358  freq_muestreo                 
20000340  g_bMPU6050Done                
00000000  g_pfnVectors                  
20000200  g_sI2CMSimpleInst             
20000354  kD                            
20000350  kI                            
2000034c  kP                            
000014cf  main                          
00002e49  memcpy                        
00002789  sqrt                          
00002789  sqrtl                         
2000032c  u_k                           
20000330  u_k2                          
20000334  v0                            
20000338  v1                            
2000033e  valor                         


GLOBAL SYMBOLS: SORTED BY Symbol Address 

address   name                          
-------   ----                          
00000000  __TI_static_base__            
00000000  g_pfnVectors                  
00000200  __STACK_SIZE                  
0000078f  I2CMIntHandler                
000008bb  I2CMInit                      
00000923  I2CMCommand                   
00000a07  I2CMTransferResume            
00000add  I2CMReadModifyWrite8          
00000c2d  I2CMReadModifyWrite16LE       
00000d3d  I2CMWrite8                    
00000e09  I2CMRead16BE                  
00000ecf  I2CMWrite16BE                 
00000f45  InitI2C0                      
00000fa1  ConfigureUART                 
00000fdd  delayMS                       
00000ff9  MPU6050Callback               
0000100b  I2CMSimpleIntHandler          
00001015  MPU6050Example                
00001281  Timer0IntHandler              
0000146d  InitConsole                   
000014cf  main                          
000017df  MPU6050Init                   
00001861  MPU6050Read                   
000018cd  MPU6050Write                  
00001997  MPU6050ReadModifyWrite        
000019f5  MPU6050DataRead               
00001a59  MPU6050DataAccelGetRaw        
00001aa5  MPU6050DataAccelGetFloat      
00001b39  MPU6050DataGyroGetRaw         
00001b89  MPU6050DataGyroGetFloat       
00001c25  UARTStdioConfig               
00001c85  UARTwrite                     
00001cd7  UARTgets                      
00001d9d  UARTgetc                      
00001dd1  UARTvprintf                   
000020cb  UARTprintf                    
00002101  atan                          
00002101  atanl                         
000023ed  atan2                         
000023ed  atan2l                        
000025d1  __aeabi_dsub                  
000025db  __aeabi_dadd                  
00002787  __aeabi_idiv0                 
00002787  __aeabi_ldiv0                 
00002789  sqrt                          
00002789  sqrtl                         
000028e1  __aeabi_ddiv                  
00002a17  GPIOPadConfigSet              
00002b49  SysCtlClockGet                
00002c59  __aeabi_dmul                  
00002d55  SysCtlClockSet                
00002e49  __aeabi_memcpy                
00002e49  __aeabi_memcpy4               
00002e49  __aeabi_memcpy8               
00002e49  memcpy                        
00002ee5  __aeabi_cdrcmple              
00002f6b  ADCSequenceStepConfigure      
00002fe5  __aeabi_d2f                   
00003055  IntEnable                     
000030bd  __TI_decompress_lzss          
00003125  TimerConfigure                
00003185  ADCSequenceConfigure          
000031d5  SysCtlPeripheralReset         
00003225  I2CMasterInitExpClk           
00003271  GPIOPinConfigure              
000032b9  __TI_auto_init_nobinit_nopinit
000032fd  __aeabi_uidiv                 
000032fd  __aeabi_uidivmod              
0000333d  SSIConfigSetExpClk            
00003379  __aeabi_f2d                   
000033b1  I2CMRead                      
000033e7  I2CMWrite                     
0000341d  I2CMWriteBatched              
00003455  SysCtlPeripheralEnable        
00003489  _c_int00_noargs               
000034bd  ADCIntStatus                  
000034eb  GPIODirModeSet                
00003515  __aeabi_ui2d                  
00003535  ADCSequenceDataGet            
00003553  __TI_zero_init_nomemset       
0000356f  ADCProcessorTrigger           
00003587  GPIOPinTypeADC                
00003599  GPIOPinTypeI2C                
000035ab  GPIOPinTypeI2CSCL             
000035bd  GPIOPinTypeSSI                
000035cf  GPIOPinTypeUART               
000035e1  SSIDataGetNonBlocking         
000035f3  TimerLoadSet                  
00003605  IntMasterEnable               
00003615  ADCSequenceEnable             
00003623  TimerEnable                   
00003631  __TI_decompress_none          
0000363f  CPUcpsie                      
0000364d  IntTrigger                    
00003659  ResetISR                      
00003665  ADCIntClear                   
0000366f  I2CMasterEnable               
00003679  SSIDataPut                    
00003683  SSIEnable                     
0000368d  SSIBusy                       
00003695  TimerIntEnable                
0000369d  __aeabi_errno_addr            
000036a5  SysCtlDelay                   
000036ab  UARTClockSourceSet            
000036b1  TimerIntClear                 
000036b5  _system_pre_init              
000036b9  C$$EXIT                       
000036b9  abort                         
0000392c  __TI_Handler_Table_Base       
00003938  __TI_Handler_Table_Limit      
00003940  __TI_CINIT_Base               
00003950  __TI_CINIT_Limit              
20000000  __stack                       
20000000  __start___llvm_prf_cnts       
20000000  __stop___llvm_prf_cnts        
20000200  __STACK_END                   
20000200  __STACK_TOP                   
20000200  g_sI2CMSimpleInst             
20000324  eD                            
20000328  e_k                           
2000032c  u_k                           
20000330  u_k2                          
20000334  v0                            
20000338  v1                            
2000033c  dato                          
2000033e  valor                         
20000340  g_bMPU6050Done                
20000344  e_k_1                         
20000348  E_k                           
2000034c  kP                            
20000350  kI                            
20000354  kD                            
20000358  freq_muestreo                 
20000364  errno                         
ffffffff  __TI_pprof_out_hndl           
ffffffff  __TI_prof_data_size           
ffffffff  __TI_prof_data_start          
ffffffff  __binit__                     
ffffffff  __c_args__                    
ffffffff  binit                         
UNDEFED   __mpu_init                    
UNDEFED   _system_post_cinit            

[142 symbols]
